Archive member included to satisfy reference by file (symbol)

C:/ProgramData/MATLAB/SupportPackages/R2024b/3P.instrset/gnuarm-armcortex.instrset/win/bin/../lib/gcc/arm-none-eabi/13.2.1/thumb/v7e-m+fp/hard\libm.a(libm_a-w_fmod.o)
                              xcp_ext_common.o (fmod)
C:/ProgramData/MATLAB/SupportPackages/R2024b/3P.instrset/gnuarm-armcortex.instrset/win/bin/../lib/gcc/arm-none-eabi/13.2.1/thumb/v7e-m+fp/hard\libm.a(libm_a-e_fmod.o)
                              C:/ProgramData/MATLAB/SupportPackages/R2024b/3P.instrset/gnuarm-armcortex.instrset/win/bin/../lib/gcc/arm-none-eabi/13.2.1/thumb/v7e-m+fp/hard\libm.a(libm_a-w_fmod.o) (__ieee754_fmod)
C:/ProgramData/MATLAB/SupportPackages/R2024b/3P.instrset/gnuarm-armcortex.instrset/win/bin/../lib/gcc/arm-none-eabi/13.2.1/thumb/v7e-m+fp/hard\libgcc.a(_arm_muldf3.o)
                              e.o (__aeabi_dmul)
C:/ProgramData/MATLAB/SupportPackages/R2024b/3P.instrset/gnuarm-armcortex.instrset/win/bin/../lib/gcc/arm-none-eabi/13.2.1/thumb/v7e-m+fp/hard\libgcc.a(_arm_addsubdf3.o)
                              e.o (__aeabi_dsub)
C:/ProgramData/MATLAB/SupportPackages/R2024b/3P.instrset/gnuarm-armcortex.instrset/win/bin/../lib/gcc/arm-none-eabi/13.2.1/thumb/v7e-m+fp/hard\libgcc.a(_arm_muldivdf3.o)
                              e.o (__aeabi_ddiv)
C:/ProgramData/MATLAB/SupportPackages/R2024b/3P.instrset/gnuarm-armcortex.instrset/win/bin/../lib/gcc/arm-none-eabi/13.2.1/thumb/v7e-m+fp/hard\libgcc.a(_arm_cmpdf2.o)
                              xcp_ext_mode.o (__aeabi_dcmpeq)
C:/ProgramData/MATLAB/SupportPackages/R2024b/3P.instrset/gnuarm-armcortex.instrset/win/bin/../lib/gcc/arm-none-eabi/13.2.1/thumb/v7e-m+fp/hard\libgcc.a(_arm_unorddf2.o)
                              C:/ProgramData/MATLAB/SupportPackages/R2024b/3P.instrset/gnuarm-armcortex.instrset/win/bin/../lib/gcc/arm-none-eabi/13.2.1/thumb/v7e-m+fp/hard\libm.a(libm_a-w_fmod.o) (__aeabi_dcmpun)
C:/ProgramData/MATLAB/SupportPackages/R2024b/3P.instrset/gnuarm-armcortex.instrset/win/bin/../lib/gcc/arm-none-eabi/13.2.1/thumb/v7e-m+fp/hard\libgcc.a(_arm_fixunsdfsi.o)
                              xcp_ext_common.o (__aeabi_d2uiz)
C:/ProgramData/MATLAB/SupportPackages/R2024b/3P.instrset/gnuarm-armcortex.instrset/win/bin/../lib/gcc/arm-none-eabi/13.2.1/thumb/v7e-m+fp/hard\libgcc.a(_aeabi_uldivmod.o)
                              stm32g4xx_ll_lpuart.o (__aeabi_uldivmod)
C:/ProgramData/MATLAB/SupportPackages/R2024b/3P.instrset/gnuarm-armcortex.instrset/win/bin/../lib/gcc/arm-none-eabi/13.2.1/thumb/v7e-m+fp/hard\libgcc.a(_udivmoddi4.o)
                              C:/ProgramData/MATLAB/SupportPackages/R2024b/3P.instrset/gnuarm-armcortex.instrset/win/bin/../lib/gcc/arm-none-eabi/13.2.1/thumb/v7e-m+fp/hard\libgcc.a(_aeabi_uldivmod.o) (__udivmoddi4)
C:/ProgramData/MATLAB/SupportPackages/R2024b/3P.instrset/gnuarm-armcortex.instrset/win/bin/../lib/gcc/arm-none-eabi/13.2.1/thumb/v7e-m+fp/hard\libgcc.a(_dvmd_tls.o)
                              C:/ProgramData/MATLAB/SupportPackages/R2024b/3P.instrset/gnuarm-armcortex.instrset/win/bin/../lib/gcc/arm-none-eabi/13.2.1/thumb/v7e-m+fp/hard\libgcc.a(_aeabi_uldivmod.o) (__aeabi_ldiv0)
C:/ProgramData/MATLAB/SupportPackages/R2024b/3P.instrset/gnuarm-armcortex.instrset/win/bin/../lib/gcc/arm-none-eabi/13.2.1/thumb/v7e-m+fp/hard\libg_nano.a(libc_a-exit.o)
                              C:/ProgramData/MATLAB/SupportPackages/R2024b/3P.instrset/gnuarm-armcortex.instrset/win/bin/../lib/gcc/arm-none-eabi/13.2.1/thumb/v7e-m+fp/hard/crt0.o (exit)
C:/ProgramData/MATLAB/SupportPackages/R2024b/3P.instrset/gnuarm-armcortex.instrset/win/bin/../lib/gcc/arm-none-eabi/13.2.1/thumb/v7e-m+fp/hard\libg_nano.a(libc_a-findfp.o)
                              C:/ProgramData/MATLAB/SupportPackages/R2024b/3P.instrset/gnuarm-armcortex.instrset/win/bin/../lib/gcc/arm-none-eabi/13.2.1/thumb/v7e-m+fp/hard\libg_nano.a(libc_a-exit.o) (__stdio_exit_handler)
C:/ProgramData/MATLAB/SupportPackages/R2024b/3P.instrset/gnuarm-armcortex.instrset/win/bin/../lib/gcc/arm-none-eabi/13.2.1/thumb/v7e-m+fp/hard\libg_nano.a(libc_a-fwalk.o)
                              C:/ProgramData/MATLAB/SupportPackages/R2024b/3P.instrset/gnuarm-armcortex.instrset/win/bin/../lib/gcc/arm-none-eabi/13.2.1/thumb/v7e-m+fp/hard\libg_nano.a(libc_a-findfp.o) (_fwalk_sglue)
C:/ProgramData/MATLAB/SupportPackages/R2024b/3P.instrset/gnuarm-armcortex.instrset/win/bin/../lib/gcc/arm-none-eabi/13.2.1/thumb/v7e-m+fp/hard\libg_nano.a(libc_a-stdio.o)
                              C:/ProgramData/MATLAB/SupportPackages/R2024b/3P.instrset/gnuarm-armcortex.instrset/win/bin/../lib/gcc/arm-none-eabi/13.2.1/thumb/v7e-m+fp/hard\libg_nano.a(libc_a-findfp.o) (__sread)
C:/ProgramData/MATLAB/SupportPackages/R2024b/3P.instrset/gnuarm-armcortex.instrset/win/bin/../lib/gcc/arm-none-eabi/13.2.1/thumb/v7e-m+fp/hard\libg_nano.a(libc_a-memset.o)
[...]
Memory Configuration

Name             Origin             Length             Attributes
RAM              0x20000000         0x00020000         xrw
FLASH            0x08000000         0x00080000         xr
*default*        0x00000000         0xffffffff

Linker script and memory map

LOAD C:/ProgramData/MATLAB/SupportPackages/R2024b/3P.instrset/gnuarm-armcortex.instrset/win/bin/../lib/gcc/arm-none-eabi/13.2.1/thumb/v7e-m+fp/hard/crti.o
LOAD C:/ProgramData/MATLAB/SupportPackages/R2024b/3P.instrset/gnuarm-armcortex.instrset/win/bin/../lib/gcc/arm-none-eabi/13.2.1/thumb/v7e-m+fp/hard/crtbegin.o
LOAD C:/ProgramData/MATLAB/SupportPackages/R2024b/3P.instrset/gnuarm-armcortex.instrset/win/bin/../lib/gcc/arm-none-eabi/13.2.1/thumb/v7e-m+fp/hard/crt0.o
LOAD stm_timer_ll.o
LOAD xcp_ext_mode.o
LOAD e.o
LOAD ert_main.o
LOAD xcp_ext_common.o
LOAD xcp_ext_classic_trigger.o
LOAD xcp.o
LOAD xcp_standard.o
LOAD xcp_daq.o
LOAD xcp_calibration.o
LOAD xcp_fifo.o
LOAD xcp_transport.o
LOAD xcp_mem_default.o
LOAD xcp_drv_rtiostream.o
LOAD xcp_utils.o
LOAD xcp_frame_serial.o
LOAD xcp_ext_param_default_serial.o
LOAD overrideHALDelay.o
LOAD platform_timer.o
LOAD SysTickScheduler.o
LOAD m3m4m4f_multitasking.o
LOAD rtiostream_serial.o
LOAD stm_usart.o
LOAD stm_lpuart.o
LOAD sys_arch.o
LOAD main.o
LOAD stm32g4xx_it.o
LOAD stm32g4xx_hal_msp.o
LOAD stm32g4xx_hal_timebase_tim.o
LOAD stm32g4xx_ll_utils.o
LOAD stm32g4xx_ll_exti.o
LOAD stm32g4xx_ll_gpio.o
LOAD stm32g4xx_ll_dma.o
LOAD stm32g4xx_ll_lpuart.o
LOAD stm32g4xx_ll_rcc.o
LOAD stm32g4xx_ll_pwr.o
LOAD stm32g4xx_hal.o
LOAD stm32g4xx_hal_rcc.o
LOAD stm32g4xx_hal_rcc_ex.o
LOAD stm32g4xx_hal_flash.o
LOAD stm32g4xx_hal_flash_ex.o
LOAD stm32g4xx_hal_flash_ramfunc.o
LOAD stm32g4xx_hal_gpio.o
LOAD stm32g4xx_hal_exti.o
LOAD stm32g4xx_hal_dma.o
LOAD stm32g4xx_hal_dma_ex.o
LOAD stm32g4xx_hal_pwr.o
LOAD stm32g4xx_hal_pwr_ex.o
LOAD stm32g4xx_hal_cortex.o
LOAD stm32g4xx_hal_tim.o
LOAD stm32g4xx_hal_tim_ex.o
LOAD stm32g4xx_ll_tim.o
LOAD system_stm32g4xx.o
LOAD syscalls.o
LOAD sysmem.o
LOAD startup_stm32g474retx.o
LOAD C:/ProgramData/MATLAB/SupportPackages/R2024b/3P.instrset/cmsis_dsp.instrset/Lib/GCC/arm_cortexm4ldfsp_math/libCMSISDSP.a
LOAD C:/ProgramData/MATLAB/SupportPackages/R2024b/toolbox/shared/supportpackages/stm32/lib/GCC/libmw_pdmfilter_m4_spfp.lib
LOAD C:/ProgramData/MATLAB/SupportPackages/R2024b/3P.instrset/gnuarm-armcortex.instrset/win/bin/../lib/gcc/arm-none-eabi/13.2.1/thumb/v7e-m+fp/hard\libstdc++_nano.a
LOAD C:/ProgramData/MATLAB/SupportPackages/R2024b/3P.instrset/gnuarm-armcortex.instrset/win/bin/../lib/gcc/arm-none-eabi/13.2.1/thumb/v7e-m+fp/hard\libm.a
START GROUP
LOAD C:/ProgramData/MATLAB/SupportPackages/R2024b/3P.instrset/gnuarm-armcortex.instrset/win/bin/../lib/gcc/arm-none-eabi/13.2.1/thumb/v7e-m+fp/hard\libgcc.a
LOAD C:/ProgramData/MATLAB/SupportPackages/R2024b/3P.instrset/gnuarm-armcortex.instrset/win/bin/../lib/gcc/arm-none-eabi/13.2.1/thumb/v7e-m+fp/hard\libg_nano.a
LOAD C:/ProgramData/MATLAB/SupportPackages/R2024b/3P.instrset/gnuarm-armcortex.instrset/win/bin/../lib/gcc/arm-none-eabi/13.2.1/thumb/v7e-m+fp/hard\libc_nano.a
END GROUP
START GROUP
LOAD C:/ProgramData/MATLAB/SupportPackages/R2024b/3P.instrset/gnuarm-armcortex.instrset/win/bin/../lib/gcc/arm-none-eabi/13.2.1/thumb/v7e-m+fp/hard\libgcc.a
LOAD C:/ProgramData/MATLAB/SupportPackages/R2024b/3P.instrset/gnuarm-armcortex.instrset/win/bin/../lib/gcc/arm-none-eabi/13.2.1/thumb/v7e-m+fp/hard\libc_nano.a
LOAD C:/ProgramData/MATLAB/SupportPackages/R2024b/3P.instrset/gnuarm-armcortex.instrset/win/bin/../lib/gcc/arm-none-eabi/13.2.1/thumb/v7e-m+fp/hard\libnosys.a
END GROUP
START GROUP
LOAD C:/ProgramData/MATLAB/SupportPackages/R2024b/3P.instrset/gnuarm-armcortex.instrset/win/bin/../lib/gcc/arm-none-eabi/13.2.1/thumb/v7e-m+fp/hard\libgcc.a
LOAD C:/ProgramData/MATLAB/SupportPackages/R2024b/3P.instrset/gnuarm-armcortex.instrset/win/bin/../lib/gcc/arm-none-eabi/13.2.1/thumb/v7e-m+fp/hard\libc_nano.a
LOAD C:/ProgramData/MATLAB/SupportPackages/R2024b/3P.instrset/gnuarm-armcortex.instrset/win/bin/../lib/gcc/arm-none-eabi/13.2.1/thumb/v7e-m+fp/hard\libnosys.a
END GROUP
LOAD C:/ProgramData/MATLAB/SupportPackages/R2024b/3P.instrset/gnuarm-armcortex.instrset/win/bin/../lib/gcc/arm-none-eabi/13.2.1/thumb/v7e-m+fp/hard/crtend.o
LOAD C:/ProgramData/MATLAB/SupportPackages/R2024b/3P.instrset/gnuarm-armcortex.instrset/win/bin/../lib/gcc/arm-none-eabi/13.2.1/thumb/v7e-m+fp/hard/crtn.o
                0x20020000                        _estack = (ORIGIN (RAM) + LENGTH (RAM))
                0x00000200                        _Min_Heap_Size = 0x200
                0x00000400                        _Min_Stack_Size = 0x400

.isr_vector     0x08000000      0x1d8
                0x08000000                        . = ALIGN (0x4)
 *(.isr_vector)
 .isr_vector    0x08000000      0x1d8 startup_stm32g474retx.o
                0x08000000                g_pfnVectors
                0x080001d8                        . = ALIGN (0x4)

.text           0x080001d8     0xdcd4
                0x080001d8                        . = ALIGN (0x4)
 *(.text)
 .text          0x080001d8      0x378 C:/ProgramData/MATLAB/SupportPackages/R2024b/3P.instrset/gnuarm-armcortex.instrset/win/bin/../lib/gcc/arm-none-eabi/13.2.1/thumb/v7e-m+fp/hard\libgcc.a(_arm_addsubdf3.o)
                0x080001d8                __aeabi_drsub
                0x080001e0                __aeabi_dsub
                0x080001e0                __subdf3
                0x080001e4                __aeabi_dadd
                0x080001e4                __adddf3
                0x0800045c                __floatunsidf
                0x0800045c                __aeabi_ui2d
                0x0800047c                __floatsidf
                0x0800047c                __aeabi_i2d
                0x080004a0                __aeabi_f2d
                0x080004a0                __extendsfdf2
                0x080004e4                __floatundidf
                0x080004e4                __aeabi_ul2d
                0x080004f4                __floatdidf
                0x080004f4                __aeabi_l2d
 .text          0x08000550      0x424 C:/ProgramData/MATLAB/SupportPackages/R2024b/3P.instrset/gnuarm-armcortex.instrset/win/bin/../lib/gcc/arm-none-eabi/13.2.1/thumb/v7e-m+fp/hard\libgcc.a(_arm_muldivdf3.o)
                0x08000550                __aeabi_dmul
                0x08000550                __muldf3
                0x080007a4                __divdf3
                0x080007a4                __aeabi_ddiv
 .text          0x08000974      0x110 C:/ProgramData/MATLAB/SupportPackages/R2024b/3P.instrset/gnuarm-armcortex.instrset/win/bin/../lib/gcc/arm-none-eabi/13.2.1/thumb/v7e-m+fp/hard\libgcc.a(_arm_cmpdf2.o)
                0x08000974                __gtdf2
                0x08000974                __gedf2
                0x0800097c                __ltdf2
                0x0800097c                __ledf2
                0x08000984                __nedf2
                0x08000984                __eqdf2
                0x08000984                __cmpdf2
                0x08000a00                __aeabi_cdrcmple
                0x08000a10                __aeabi_cdcmpeq
                0x08000a10                __aeabi_cdcmple
                0x08000a20                __aeabi_dcmpeq
                0x08000a34                __aeabi_dcmplt
                0x08000a48                __aeabi_dcmple
                0x08000a5c                __aeabi_dcmpge
                0x08000a70                __aeabi_dcmpgt
 .text          0x08000a84       0x2c C:/ProgramData/MATLAB/SupportPackages/R2024b/3P.instrset/gnuarm-armcortex.instrset/win/bin/../lib/gcc/arm-none-eabi/13.2.1/thumb/v7e-m+fp/hard\libgcc.a(_arm_unorddf2.o)
                0x08000a84                __unorddf2
                0x08000a84                __aeabi_dcmpun
 .text          0x08000ab0       0x40 C:/ProgramData/MATLAB/SupportPackages/R2024b/3P.instrset/gnuarm-armcortex.instrset/win/bin/../lib/gcc/arm-none-eabi/13.2.1/thumb/v7e-m+fp/hard\libgcc.a(_arm_fixunsdfsi.o)
                0x08000ab0                __aeabi_d2uiz
                0x08000ab0                __fixunsdfsi
 .text          0x08000af0       0x30 C:/ProgramData/MATLAB/SupportPackages/R2024b/3P.instrset/gnuarm-armcortex.instrset/win/bin/../lib/gcc/arm-none-eabi/13.2.1/thumb/v7e-m+fp/hard\libgcc.a(_aeabi_uldivmod.o)
                0x08000af0                __aeabi_uldivmod
 .text          0x08000b20        0x4 C:/ProgramData/MATLAB/SupportPackages/R2024b/3P.instrset/gnuarm-armcortex.instrset/win/bin/../lib/gcc/arm-none-eabi/13.2.1/thumb/v7e-m+fp/hard\libgcc.a(_dvmd_tls.o)
                0x08000b20                __aeabi_idiv0
                0x08000b20                __aeabi_ldiv0
 *(.text*)
 .text.deregister_tm_clones
                0x08000b24       0x1c C:/ProgramData/MATLAB/SupportPackages/R2024b/3P.instrset/gnuarm-armcortex.instrset/win/bin/../lib/gcc/arm-none-eabi/13.2.1/thumb/v7e-m+fp/hard/crtbegin.o
 .text.register_tm_clones
                0x08000b40       0x24 C:/ProgramData/MATLAB/SupportPackages/R2024b/3P.instrset/gnuarm-armcortex.instrset/win/bin/../lib/gcc/arm-none-eabi/13.2.1/thumb/v7e-m+fp/hard/crtbegin.o
 .text.__do_global_dtors_aux
                0x08000b64       0x28 C:/ProgramData/MATLAB/SupportPackages/R2024b/3P.instrset/gnuarm-armcortex.instrset/win/bin/../lib/gcc/arm-none-eabi/13.2.1/thumb/v7e-m+fp/hard/crtbegin.o
 .text.frame_dummy
                0x08000b8c       0x24 C:/ProgramData/MATLAB/SupportPackages/R2024b/3P.instrset/gnuarm-armcortex.instrset/win/bin/../lib/gcc/arm-none-eabi/13.2.1/thumb/v7e-m+fp/hard/crtbegin.o
 .text.LL_TIM_GetCounterMode
                0x08000bb0       0x30 stm_timer_ll.o
 .text.LL_TIM_GetCounter
                0x08000be0       0x18 stm_timer_ll.o
 .text.LL_TIM_GetRepetitionCounter
                0x08000bf8       0x18 stm_timer_ll.o
 .text.LL_TIM_CC_EnableChannel
                0x08000c10       0x22 stm_timer_ll.o
 .text.LL_TIM_CC_DisableChannel
                0x08000c32       0x24 stm_timer_ll.o
 .text.LL_TIM_EnableAllOutputs
                0x08000c56       0x20 stm_timer_ll.o
 .text.LL_TIM_IsActiveFlag_IDX
                0x08000c76       0x28 stm_timer_ll.o
 .text.LL_TIM_EnableIT_UPDATE
                0x08000c9e       0x20 stm_timer_ll.o
 .text.LL_TIM_DisableIT_UPDATE
                0x08000cbe       0x20 stm_timer_ll.o
 .text.LL_TIM_IsEnabledIT_UPDATE
                0x08000cde       0x26 stm_timer_ll.o
 .text.LL_TIM_EnableIT_CC1
                0x08000d04       0x20 stm_timer_ll.o
 .text.LL_TIM_DisableIT_CC1
                0x08000d24       0x20 stm_timer_ll.o
 .text.LL_TIM_IsEnabledIT_CC1
                0x08000d44       0x26 stm_timer_ll.o
 .text.LL_TIM_EnableIT_CC2
                0x08000d6a       0x20 stm_timer_ll.o
 .text.LL_TIM_DisableIT_CC2
                0x08000d8a       0x20 stm_timer_ll.o
 .text.LL_TIM_IsEnabledIT_CC2
                0x08000daa       0x26 stm_timer_ll.o
 .text.LL_TIM_EnableIT_CC3
                0x08000dd0       0x20 stm_timer_ll.o
 .text.LL_TIM_DisableIT_CC3
                0x08000df0       0x20 stm_timer_ll.o
 .text.LL_TIM_IsEnabledIT_CC3
                0x08000e10       0x26 stm_timer_ll.o
 .text.LL_TIM_EnableIT_CC4
                0x08000e36       0x20 stm_timer_ll.o
 .text.LL_TIM_DisableIT_CC4
                0x08000e56       0x20 stm_timer_ll.o
 .text.LL_TIM_IsEnabledIT_CC4
                0x08000e76       0x26 stm_timer_ll.o
 .text.LL_TIM_EnableIT_COM
                0x08000e9c       0x20 stm_timer_ll.o
 .text.LL_TIM_DisableIT_COM
                0x08000ebc       0x20 stm_timer_ll.o
 .text.LL_TIM_IsEnabledIT_COM
                0x08000edc       0x26 stm_timer_ll.o
 .text.LL_TIM_EnableIT_TRIG
                0x08000f02       0x20 stm_timer_ll.o
 .text.LL_TIM_DisableIT_TRIG
                0x08000f22       0x20 stm_timer_ll.o
 .text.LL_TIM_IsEnabledIT_TRIG
                0x08000f42       0x26 stm_timer_ll.o
 .text.LL_TIM_EnableIT_BRK
                0x08000f68       0x20 stm_timer_ll.o
 .text.LL_TIM_DisableIT_BRK
                0x08000f88       0x20 stm_timer_ll.o
 .text.LL_TIM_IsEnabledIT_BRK
                0x08000fa8       0x26 stm_timer_ll.o
 .text.LL_TIM_EnableIT_TERR
                0x08000fce       0x20 stm_timer_ll.o
 .text.LL_TIM_DisableIT_TERR
                0x08000fee       0x20 stm_timer_ll.o
 .text.LL_TIM_IsEnabledIT_TERR
                0x0800100e       0x28 stm_timer_ll.o
 .text.LL_TIM_EnableIT_IERR
                0x08001036       0x20 stm_timer_ll.o
 .text.LL_TIM_DisableIT_IERR
                0x08001056       0x20 stm_timer_ll.o
 .text.LL_TIM_IsEnabledIT_IERR
                0x08001076       0x28 stm_timer_ll.o
 .text.LL_TIM_EnableIT_DIR
                0x0800109e       0x20 stm_timer_ll.o
 .text.LL_TIM_DisableIT_DIR
                0x080010be       0x20 stm_timer_ll.o
 .text.LL_TIM_IsEnabledIT_DIR
                0x080010de       0x28 stm_timer_ll.o
 .text.LL_TIM_EnableIT_IDX
                0x08001106       0x20 stm_timer_ll.o
 .text.LL_TIM_DisableIT_IDX
                0x08001126       0x20 stm_timer_ll.o
 .text.LL_TIM_IsEnabledIT_IDX
                0x08001146       0x28 stm_timer_ll.o
 .text.TIM_IsActiveFlagIDX
                0x0800116e       0x34 stm_timer_ll.o
                0x0800116e                TIM_IsActiveFlagIDX
 .text.enableTimerInterrupts
                0x080011a2      0x1c4 stm_timer_ll.o
                0x080011a2                enableTimerInterrupts
 .text.disableTimerInterrupts
                0x08001366      0x1c4 stm_timer_ll.o
                0x08001366                disableTimerInterrupts
 *fill*         0x0800152a        0x2 
 .text.enableTimerChannel1
                0x0800152c       0xb0 stm_timer_ll.o
                0x0800152c                enableTimerChannel1
 .text.disableTimerChannel1
                0x080015dc       0xb0 stm_timer_ll.o
                0x080015dc                disableTimerChannel1
 .text.enableTimerChannel2
                0x0800168c       0xb0 stm_timer_ll.o
                0x0800168c                enableTimerChannel2
 .text.disableTimerChannel2
                0x0800173c       0xb0 stm_timer_ll.o
                0x0800173c                disableTimerChannel2
 .text.Timer_Handle_Init
                0x080017ec      0x140 stm_timer_ll.o
                0x080017ec                Timer_Handle_Init
 .text.getTimerCounterValueForG4
                0x0800192c       0x64 stm_timer_ll.o
                0x0800192c                getTimerCounterValueForG4
 .text.extmodeParseArgs
                0x08001990       0x1e xcp_ext_mode.o
                0x08001990                extmodeParseArgs
 *fill*         0x080019ae        0x2 
 .text.extmodeInit
                0x080019b0      0x128 xcp_ext_mode.o
                0x080019b0                extmodeInit
 .text.extmodeWaitForHostRequest
                0x08001ad8       0xcc xcp_ext_mode.o
                0x08001ad8                extmodeWaitForHostRequest
 .text.extmodeEvent
                0x08001ba4       0xfc xcp_ext_mode.o
                0x08001ba4                extmodeEvent
 .text.extmodeBackgroundRun
                0x08001ca0       0x20 xcp_ext_mode.o
                0x08001ca0                extmodeBackgroundRun
 .text.extmodeReset
                0x08001cc0       0x40 xcp_ext_mode.o
                0x08001cc0                extmodeReset
 .text.extmodeStopRequested
                0x08001d00       0x18 xcp_ext_mode.o
                0x08001d00                extmodeStopRequested
 .text.extmodeSimulationComplete
                0x08001d18       0x18 xcp_ext_mode.o
                0x08001d18                extmodeSimulationComplete
 .text.LL_TIM_EnableCounter
                0x08001d30       0x20 e.o
 .text.LL_TIM_DisableCounter
                0x08001d50       0x20 e.o
 .text.LL_TIM_SetUpdateSource
                0x08001d70       0x26 e.o
 .text.LL_TIM_GetUpdateSource
                0x08001d96       0x1c e.o
 .text.LL_TIM_SetRepetitionCounter
                0x08001db2       0x1c e.o
 .text.LL_TIM_GenerateEvent_UPDATE
                0x08001dce       0x20 e.o
 .text.LL_GPIO_ReadInputPort
                0x08001dee       0x18 e.o
 *fill*         0x08001e06        0x2 
 .text.isSlaveTriggerModeEnabled
                0x08001e08       0x30 e.o
 .text.enableCounter
                0x08001e38      0x118 e.o
 .text.disableCounter
                0x08001f50       0x1a e.o
 .text.e_DigitalPortRead_Init
                0x08001f6a       0x20 e.o
                0x08001f6a                e_DigitalPortRead_Init
 *fill*         0x08001f8a        0x2 
 .text.e_DigitalPortRead
                0x08001f8c       0x34 e.o
                0x08001f8c                e_DigitalPortRead
 .text.e_SystemCore_setup
                0x08001fc0       0x94 e.o
 .text.e_SystemCore_setup_b
                0x08002054       0x94 e.o
 .text.e_SystemCore_setup_bh
                0x080020e8       0x94 e.o
 *fill*         0x0800217c        0x4 
 .text.e_step   0x08002180      0xad0 e.o
                0x08002180                e_step
 .text.e_initialize
                0x08002c50      0x174 e.o
                0x08002c50                e_initialize
 .text.e_terminate
                0x08002dc4      0x114 e.o
                0x08002dc4                e_terminate
 .text.rt_OneStep
                0x08002ed8       0x78 ert_main.o
                0x08002ed8                rt_OneStep
 .text.main     0x08002f50      0x18c ert_main.o
                0x08002f50                main
 .text.xcp_void_printf
                0x080030dc       0x12 xcp_ext_common.o
                0x080030dc                xcp_void_printf
 .text.xcpCopyTimeValue
                0x080030ee       0x26 xcp_ext_common.o
 *fill*         0x08003114        0x4 
 .text.xcpExtModeUpdateTime
                0x08003118      0x13c xcp_ext_common.o
                0x08003118                xcpExtModeUpdateTime
 .text.xcpExtModeInit
                0x08003254       0xb0 xcp_ext_common.o
                0x08003254                xcpExtModeInit
 .text.xcpExtModeRunBackground
                0x08003304      0x13c xcp_ext_common.o
                0x08003304                xcpExtModeRunBackground
 .text.xcpExtModeReset
                0x08003440      0x128 xcp_ext_common.o
                0x08003440                xcpExtModeReset
 .text.sampleSignalTrigger
                0x08003568      0x1b4 xcp_ext_classic_trigger.o
 .text.updateTriggerStatus
                0x0800371c      0x2b8 xcp_ext_classic_trigger.o
 .text.xcpExtModeClassicTriggerInit
                0x080039d4       0x68 xcp_ext_classic_trigger.o
                0x080039d4                xcpExtModeClassicTriggerInit
 .text.xcpExtModeClassicTriggerEnabled
                0x08003a3c      0x100 xcp_ext_classic_trigger.o
                0x08003a3c                xcpExtModeClassicTriggerEnabled
 .text.xcpExtModeClassicTriggerReset
                0x08003b3c       0xf4 xcp_ext_classic_trigger.o
                0x08003b3c                xcpExtModeClassicTriggerReset
 .text.xcpExtModeClassicTriggerForceEnableStatusUpdate
                0x08003c30       0x78 xcp_ext_classic_trigger.o
                0x08003c30                xcpExtModeClassicTriggerForceEnableStatusUpdate
 .text.msgBufferRealloc
                0x08003ca8       0x72 xcp.o
 *fill*         0x08003d1a        0x2 
 .text.discardInputPacketHandler
                0x08003d1c       0x3c xcp.o
 .text.unknownInputPacketHandler
                0x08003d58       0x34 xcp.o
 .text.xcpGetPacketGroupID
                0x08003d8c       0x74 xcp.o
 .text.xcpGetPacketHandlers
                0x08003e00      0x124 xcp.o
 .text.xcpStatusSet
                0x08003f24       0x20 xcp.o
                0x08003f24                xcpStatusSet
 .text.xcpSessionStatusGet
                0x08003f44       0x18 xcp.o
                0x08003f44                xcpSessionStatusGet
 .text.xcpSessionStatusSetMask
                0x08003f5c       0x28 xcp.o
                0x08003f5c                xcpSessionStatusSetMask
 .text.xcpSessionStatusClearMask
                0x08003f84       0x34 xcp.o
                0x08003f84                xcpSessionStatusClearMask
 .text.xcpResourceProtectionStatusGet
                0x08003fb8       0x18 xcp.o
                0x08003fb8                xcpResourceProtectionStatusGet
 .text.xcpSessionConfigurationIdGet
                0x08003fd0       0x18 xcp.o
                0x08003fd0                xcpSessionConfigurationIdGet
 .text.genericOutputPacketHandler
                0x08003fe8      0x11c xcp.o
                0x08003fe8                genericOutputPacketHandler
 .text.xcpFindPacket
                0x08004104       0x6e xcp.o
                0x08004104                xcpFindPacket
 *fill*         0x08004172        0x2 
 .text.xcpInit  0x08004174       0x64 xcp.o
                0x08004174                xcpInit
 .text.xcpRun   0x080041d8      0x194 xcp.o
                0x080041d8                xcpRun
 .text.xcpEvent
                0x0800436c       0x50 xcp.o
                0x0800436c                xcpEvent
 .text.xcpGetStatus
                0x080043bc       0x18 xcp.o
                0x080043bc                xcpGetStatus
 .text.xcpReset
                0x080043d4       0x40 xcp.o
                0x080043d4                xcpReset
 .text.xcpPackedModeEventsFlush
                0x08004414       0x1e xcp.o
                0x08004414                xcpPackedModeEventsFlush
 .text.xcpPackedModeEventReset
                0x08004432       0x2a xcp.o
                0x08004432                xcpPackedModeEventReset
 .text.isValidUploadSize
                0x0800445c       0x30 xcp_standard.o
 .text.xcpMemcpyFromMTA
                0x0800448c       0x38 xcp_standard.o
 .text.connectInputPacketHandler
                0x080044c4       0xa4 xcp_standard.o
 .text.connectOutputPacketHandler
                0x08004568       0xd4 xcp_standard.o
 .text.disconnectInputPacketHandler
                0x0800463c       0x54 xcp_standard.o
 .text.getStatusInputPacketHandler
                0x08004690       0x28 xcp_standard.o
 .text.getStatusOutputPacketHandler
                0x080046b8       0x80 xcp_standard.o
 .text.synchInputPacketHandler
                0x08004738       0x44 xcp_standard.o
 .text.setMTAInputPacketHandler
                0x0800477c       0x78 xcp_standard.o
 .text.uploadInputPacketHandler
                0x080047f4       0x98 xcp_standard.o
 .text.uploadOutputPacketHandler
                0x0800488c       0x9c xcp_standard.o
 .text.shortUploadInputPacketHandler
                0x08004928       0xa4 xcp_standard.o
 .text.shortUploadOutputPacketHandler
                0x080049cc       0x9c xcp_standard.o
 .text.getPacket
                0x08004a68       0x24 xcp_standard.o
 .text.xcpStandardInit
                0x08004a8c       0x18 xcp_standard.o
                0x08004a8c                xcpStandardInit
 .text.xcpStandardGetPacketLookup
                0x08004aa4       0x18 xcp_standard.o
                0x08004aa4                xcpStandardGetPacketLookup
 .text.xcpStandardSetPacketLookup
                0x08004abc       0x20 xcp_standard.o
                0x08004abc                xcpStandardSetPacketLookup
 .text.xcpStandardReset
                0x08004adc       0x12 xcp_standard.o
                0x08004adc                xcpStandardReset
 *fill*         0x08004aee        0x2 
 .text.xcpStandardGetAddressFromMta
                0x08004af0       0x18 xcp_standard.o
                0x08004af0                xcpStandardGetAddressFromMta
 .text.xcpStandardSetMta
                0x08004b08       0x3c xcp_standard.o
                0x08004b08                xcpStandardSetMta
 .text.xcpStandardIncrementMta
                0x08004b44       0x28 xcp_standard.o
                0x08004b44                xcpStandardIncrementMta
 .text.xcpStandardExtendedInit
                0x08004b6c        0xe xcp_standard.o
                0x08004b6c                xcpStandardExtendedInit
 .text.xcpStandardExtendedReset
                0x08004b7a        0xe xcp_standard.o
                0x08004b7a                xcpStandardExtendedReset
 .text.xcpDaqWriteLock
                0x08004b88       0x4c xcp_daq.o
 .text.xcpDaqWriteUnlock
                0x08004bd4       0x20 xcp_daq.o
 .text.xcpDaqReadLock
                0x08004bf4       0x38 xcp_daq.o
 .text.xcpDaqReadUnlock
                0x08004c2c       0x38 xcp_daq.o
 .text.isActiveDaqList
                0x08004c64       0x50 xcp_daq.o
 .text.noActiveDaqLists
                0x08004cb4       0x50 xcp_daq.o
 .text.isValidDaqPtr
                0x08004d04       0xb8 xcp_daq.o
 .text.isValidDaqEntry
                0x08004dbc       0x36 xcp_daq.o
 .text.isSupportedDaqListMode
                0x08004df2       0x26 xcp_daq.o
 .text.isValidStartStopMode
                0x08004e18       0x32 xcp_daq.o
 .text.isValidStartStopSynchMode
                0x08004e4a       0x32 xcp_daq.o
 .text.absoluteOdtNumberIdentification
                0x08004e7c       0x10 xcp_daq.o
 .text.isDaqPackedModeEnabled
                0x08004e8c       0x6c xcp_daq.o
 .text.odtPacketSize
                0x08004ef8       0x54 xcp_daq.o
 .text.createDaqReservedPool
                0x08004f4c       0x88 xcp_daq.o
 .text.destroyDaqReservedPool
                0x08004fd4       0x2c xcp_daq.o
 .text.setDaqPtrInputPacketHandler
                0x08005000       0xdc xcp_daq.o
 .text.writeDaqInputPacketHandler
                0x080050dc      0x198 xcp_daq.o
 .text.setDaqListModeInputPacketHandler
                0x08005274      0x1c8 xcp_daq.o
 .text.startStopDaqListInputPacketHandler
                0x0800543c      0x3f4 xcp_daq.o
 .text.startStopDaqListOutputPacketHandler
                0x08005830       0x5c xcp_daq.o
 .text.startStopSynchInputPacketHandler
                0x0800588c      0x328 xcp_daq.o
 .text.getDaqProcessorInfoInputPacketHandler
                0x08005bb4       0x28 xcp_daq.o
 .text.getDaqProcessorInfoOutputPacketHandler
                0x08005bdc       0xac xcp_daq.o
 .text.getDaqResolutionInfoInputPacketHandler
                0x08005c88       0x28 xcp_daq.o
 .text.getDaqResolutionInfoOutputPacketHandler
                0x08005cb0       0xb8 xcp_daq.o
 .text.freeDaqInputPacketHandler
                0x08005d68       0x5c xcp_daq.o
 .text.allocDaqInputPacketHandler
                0x08005dc4      0x18c xcp_daq.o
 .text.allocOdtInputPacketHandler
                0x08005f50      0x1c0 xcp_daq.o
 .text.allocOdtEntryInputPacketHandler
                0x08006110      0x270 xcp_daq.o
 .text.getDaqClockInputPacketHandler
                0x08006380       0x22 xcp_daq.o
 *fill*         0x080063a2        0x2 
 .text.setDaqPackedModeInputPacketHandler
                0x080063a4      0x21c xcp_daq.o
 .text.level1CommandInputPacketHandler
                0x080065c0       0x64 xcp_daq.o
 .text.getPacket
                0x08006624       0x24 xcp_daq.o
 .text.xcpDaqInit
                0x08006648       0x38 xcp_daq.o
                0x08006648                xcpDaqInit
 .text.xcpDaqGetPacketLookup
                0x08006680       0x18 xcp_daq.o
                0x08006680                xcpDaqGetPacketLookup
 .text.xcpDaqSetPacketLookup
                0x08006698       0x20 xcp_daq.o
                0x08006698                xcpDaqSetPacketLookup
 .text.xcpResetDaq
                0x080066b8       0xa4 xcp_daq.o
 .text.daqWriteXCPDataForOdt
                0x0800675c       0x7c xcp_daq.o
 .text.odtWriteEntries
                0x080067d8       0x9c xcp_daq.o
 .text.xcpProcessDaq
                0x08006874      0x208 xcp_daq.o
 .text.xcpDaqEvent
                0x08006a7c      0x108 xcp_daq.o
                0x08006a7c                xcpDaqEvent
 .text.xcpDaqEventsFlush
                0x08006b84      0x284 xcp_daq.o
                0x08006b84                xcpDaqEventsFlush
 .text.xcpDaqLock
                0x08006e08       0x1e xcp_daq.o
                0x08006e08                xcpDaqLock
 .text.xcpDaqUnlock
                0x08006e26        0xe xcp_daq.o
                0x08006e26                xcpDaqUnlock
 .text.xcpResetDaqListStatus
                0x08006e34      0x19c xcp_daq.o
                0x08006e34                xcpResetDaqListStatus
 .text.xcpDaqReset
                0x08006fd0       0x20 xcp_daq.o
                0x08006fd0                xcpDaqReset
 .text.xcpDaqExtendedInit
                0x08006ff0        0xe xcp_daq.o
                0x08006ff0                xcpDaqExtendedInit
 .text.xcpDaqExtendedReset
                0x08006ffe        0xe xcp_daq.o
                0x08006ffe                xcpDaqExtendedReset
 .text.isValidShortDownloadSize
                0x0800700c       0x34 xcp_calibration.o
 .text.isValidDownloadSize
                0x08007040       0x3a xcp_calibration.o
 *fill*         0x0800707a        0x2 
 .text.xcpMemcpyToMTA
                0x0800707c       0x34 xcp_calibration.o
 .text.downloadInputPacketHandler
                0x080070b0       0xb0 xcp_calibration.o
 .text.shortDownloadInputPacketHandler
                0x08007160       0xb8 xcp_calibration.o
 .text.getPacket
                0x08007218       0x24 xcp_calibration.o
 .text.xcpCalibrationInit
                0x0800723c       0x14 xcp_calibration.o
                0x0800723c                xcpCalibrationInit
 .text.xcpCalibrationGetPacketLookup
                0x08007250       0x18 xcp_calibration.o
                0x08007250                xcpCalibrationGetPacketLookup
 .text.xcpCalibrationSetPacketLookup
                0x08007268       0x20 xcp_calibration.o
                0x08007268                xcpCalibrationSetPacketLookup
 .text.xcpCalibrationReset
                0x08007288        0xe xcp_calibration.o
                0x08007288                xcpCalibrationReset
 .text.xcpFifoInit
                0x08007296       0x20 xcp_fifo.o
                0x08007296                xcpFifoInit
 .text.xcpFifoEnqueue
                0x080072b6       0x2a xcp_fifo.o
                0x080072b6                xcpFifoEnqueue
 .text.xcpFifoDequeue
                0x080072e0       0x3e xcp_fifo.o
                0x080072e0                xcpFifoDequeue
 .text.xcpFifoEnqueueHead
                0x0800731e       0x32 xcp_fifo.o
                0x0800731e                xcpFifoEnqueueHead
 .text.xcpFifoReset
                0x08007350       0x16 xcp_fifo.o
                0x08007350                xcpFifoReset
 *fill*         0x08007366        0x2 
 .text.xcpTransportEmptyTxFifo
                0x08007368       0x6c xcp_transport.o
 .text.xcpTransportEmptyRxFifo
                0x080073d4       0x6c xcp_transport.o
 .text.xcpTransportInit
                0x08007440      0x138 xcp_transport.o
                0x08007440                xcpTransportInit
 .text.xcpTransportTxReady
                0x08007578       0x1a xcp_transport.o
                0x08007578                xcpTransportTxReady
 .text.xcpTransportTxTrigger
                0x08007592       0x1a xcp_transport.o
                0x08007592                xcpTransportTxTrigger
 .text.xcpTransportTxPacketSet
                0x080075ac      0x144 xcp_transport.o
                0x080075ac                xcpTransportTxPacketSet
 .text.xcpTransportTx
                0x080076f0       0xec xcp_transport.o
                0x080076f0                xcpTransportTx
 .text.xcpTransportRx
                0x080077dc       0x80 xcp_transport.o
                0x080077dc                xcpTransportRx
 .text.xcpTransportRxPacketGet
                0x0800785c      0x12c xcp_transport.o
                0x0800785c                xcpTransportRxPacketGet
 .text.xcpTransportPacketOffset
                0x08007988       0x20 xcp_transport.o
                0x08007988                xcpTransportPacketOffset
 .text.xcpTransportMsgBufferSize
                0x080079a8       0x70 xcp_transport.o
                0x080079a8                xcpTransportMsgBufferSize
 .text.xcpTransportMaxDtoSize
                0x08007a18        0xe xcp_transport.o
                0x08007a18                xcpTransportMaxDtoSize
 .text.xcpTransportMaxCtoSize
                0x08007a26        0xe xcp_transport.o
                0x08007a26                xcpTransportMaxCtoSize
 .text.xcpTransportRestart
                0x08007a34       0x44 xcp_transport.o
                0x08007a34                xcpTransportRestart
 .text.xcpTransportResynch
                0x08007a78       0x40 xcp_transport.o
                0x08007a78                xcpTransportResynch
 .text.xcpTransportCtoReservedMemPoolId
                0x08007ab8       0x18 xcp_transport.o
                0x08007ab8                xcpTransportCtoReservedMemPoolId
 .text.xcpTransportReset
                0x08007ad0       0xe4 xcp_transport.o
                0x08007ad0                xcpTransportReset
 .text.xcpInitializePoolMemoryArea
                0x08007bb4       0x72 xcp_mem_default.o
 *fill*         0x08007c26        0x2 
 .text.xcpMemInit
                0x08007c28      0x1d4 xcp_mem_default.o
                0x08007c28                xcpMemInit
 .text.xcpMemAlloc
                0x08007dfc       0xe8 xcp_mem_default.o
                0x08007dfc                xcpMemAlloc
 .text.xcpMemFree
                0x08007ee4      0x170 xcp_mem_default.o
                0x08007ee4                xcpMemFree
 .text.xcpMemReservedPoolCreate
                0x08008054      0x224 xcp_mem_default.o
                0x08008054                xcpMemReservedPoolCreate
 .text.xcpMemReservedPoolDestroy
                0x08008278      0x158 xcp_mem_default.o
                0x08008278                xcpMemReservedPoolDestroy
 .text.xcpMemCustomPoolCreate
                0x080083d0       0xbc xcp_mem_default.o
                0x080083d0                xcpMemCustomPoolCreate
 .text.xcpMemCustomPoolDestroy
                0x0800848c       0x64 xcp_mem_default.o
                0x0800848c                xcpMemCustomPoolDestroy
 .text.xcpMemAllocFromPool
                0x080084f0      0x170 xcp_mem_default.o
                0x080084f0                xcpMemAllocFromPool
 .text.xcpMemReset
                0x08008660       0x50 xcp_mem_default.o
                0x08008660                xcpMemReset
 .text.xcpDrvOpen
                0x080086b0       0x64 xcp_drv_rtiostream.o
                0x080086b0                xcpDrvOpen
 .text.xcpDrvIoctl
                0x08008714       0x4c xcp_drv_rtiostream.o
                0x08008714                xcpDrvIoctl
 .text.xcpDrvSend
                0x08008760      0x14c xcp_drv_rtiostream.o
                0x08008760                xcpDrvSend
 .text.xcpDrvRecv
                0x080088ac      0x14c xcp_drv_rtiostream.o
                0x080088ac                xcpDrvRecv
 .text.xcpDrvClose
                0x080089f8       0x5c xcp_drv_rtiostream.o
                0x080089f8                xcpDrvClose
 .text.xcpSortArray
                0x08008a54       0xcc xcp_utils.o
                0x08008a54                xcpSortArray
 .text.xcpSxiHtons
                0x08008b20       0x18 xcp_frame_serial.o
 .text.xcpSxiNtohs
                0x08008b38       0x1c xcp_frame_serial.o
 .text.xcpSxiChecksum
                0x08008b54       0x3e xcp_frame_serial.o
                0x08008b54                xcpSxiChecksum
 *fill*         0x08008b92        0x2 
 .text.xcpFrameInit
                0x08008b94       0x70 xcp_frame_serial.o
                0x08008b94                xcpFrameInit
 .text.xcpFrameMsgSend
                0x08008c04      0x188 xcp_frame_serial.o
                0x08008c04                xcpFrameMsgSend
 .text.xcpFrameMsgRecv
                0x08008d8c      0x180 xcp_frame_serial.o
                0x08008d8c                xcpFrameMsgRecv
 .text.xcpFrameCreateMsg
                0x08008f0c       0x94 xcp_frame_serial.o
                0x08008f0c                xcpFrameCreateMsg
 .text.xcpFrameExtractPacket
                0x08008fa0      0x158 xcp_frame_serial.o
                0x08008fa0                xcpFrameExtractPacket
 .text.xcpFrameHeaderSize
                0x080090f8       0x10 xcp_frame_serial.o
                0x080090f8                xcpFrameHeaderSize
 .text.xcpFrameTailSize
                0x08009108       0x10 xcp_frame_serial.o
                0x08009108                xcpFrameTailSize
 .text.xcpFrameMaxDtoSize
                0x08009118       0x12 xcp_frame_serial.o
                0x08009118                xcpFrameMaxDtoSize
 .text.xcpFrameMaxCtoSize
                0x0800912a       0x10 xcp_frame_serial.o
                0x0800912a                xcpFrameMaxCtoSize
 *fill*         0x0800913a        0x2 
 .text.xcpFrameRestart
                0x0800913c       0x30 xcp_frame_serial.o
                0x0800913c                xcpFrameRestart
 .text.xcpFrameSetCtoReservedMemPoolId
                0x0800916c       0x20 xcp_frame_serial.o
                0x0800916c                xcpFrameSetCtoReservedMemPoolId
 .text.xcpFrameReset
                0x0800918c       0x70 xcp_frame_serial.o
                0x0800918c                xcpFrameReset
 .text.xcpTransportGetInitParameters
                0x080091fc       0x2e xcp_ext_param_default_serial.o
                0x080091fc                xcpTransportGetInitParameters
 .text.xcpGetInitParameters
                0x0800922a       0x2e xcp_ext_param_default_serial.o
                0x0800922a                xcpGetInitParameters
 .text.HAL_Delay
                0x08009258       0x2e overrideHALDelay.o
                0x08009258                HAL_Delay
 *fill*         0x08009286        0x2 
 .text.PeriphCommonClock_Config
                0x08009288       0x10 platform_timer.o
                0x08009288                PeriphCommonClock_Config
 .text.getCurrentTimestampInMicros
                0x08009298       0x3c platform_timer.o
                0x08009298                getCurrentTimestampInMicros
 .text.returnTimeElapsed
                0x080092d4       0x2c platform_timer.o
                0x080092d4                returnTimeElapsed
 .text.timestampInit
                0x08009300       0x28 platform_timer.o
 .text.getCurrentTimestamp
                0x08009328       0x44 platform_timer.o
                0x08009328                getCurrentTimestamp
 .text.__NVIC_SetPriority
                0x0800936c       0x54 SysTickScheduler.o
 .text.SysTick_Config
                0x080093c0       0x44 SysTickScheduler.o
 .text.SysTick_Isr
                0x08009404       0x48 SysTickScheduler.o
 .text.SysTick_Handler
                0x0800944c       0x20 SysTickScheduler.o
                0x0800944c                SysTick_Handler
 .text.ARMCM_SysTick_Config
                0x0800946c       0xb0 SysTickScheduler.o
                0x0800946c                ARMCM_SysTick_Config
 .text.PendSV_Handler
                0x0800951c       0x44 m3m4m4f_multitasking.o
                0x0800951c                PendSV_Handler
 .text.SVC_Handler
                0x08009560       0x58 m3m4m4f_multitasking.o
                0x08009560                SVC_Handler
 .text.rtIOStreamOpen
                0x080095b8       0x44 rtiostream_serial.o
                0x080095b8                rtIOStreamOpen
 .text.rtIOStreamSend
                0x080095fc       0x38 rtiostream_serial.o
                0x080095fc                rtIOStreamSend
 .text.rtIOStreamRecv
                0x08009634       0x48 rtiostream_serial.o
                0x08009634                rtIOStreamRecv
 .text.rtIOStreamClose
                0x0800967c       0x20 rtiostream_serial.o
                0x0800967c                rtIOStreamClose
 .text.LL_DMA_GetDataLength
                0x0800969c       0x30 stm_usart.o
 .text.getAvailableDataInBuffer
                0x080096cc       0xcc stm_usart.o
                0x080096cc                getAvailableDataInBuffer
 .text.getBytesToBeReadFromBuffer
                0x08009798       0x6e stm_usart.o
                0x08009798                getBytesToBeReadFromBuffer
 *fill*         0x08009806        0x2 
 .text.readDataFromBuffer
                0x08009808       0xdc stm_usart.o
                0x08009808                readDataFromBuffer
 .text.__NVIC_GetPriorityGrouping
                0x080098e4       0x1c stm_lpuart.o
 .text.__NVIC_EnableIRQ
                0x08009900       0x3c stm_lpuart.o
 .text.__NVIC_SetPriority
                0x0800993c       0x54 stm_lpuart.o
 .text.NVIC_EncodePriority
                0x08009990       0x66 stm_lpuart.o
 *fill*         0x080099f6        0x2 
 .text.LL_DMA_EnableChannel
                0x080099f8       0x44 stm_lpuart.o
 .text.LL_DMA_DisableChannel
                0x08009a3c       0x44 stm_lpuart.o
 .text.LL_DMA_GetMode
                0x08009a80       0x34 stm_lpuart.o
 .text.LL_DMA_SetDataLength
                0x08009ab4       0x4c stm_lpuart.o
 .text.LL_DMA_ConfigAddresses
                0x08009b00       0x7c stm_lpuart.o
 .text.LL_DMA_IsActiveFlag_TC1
                0x08009b7c       0x26 stm_lpuart.o
 .text.LL_DMA_ClearFlag_TC1
                0x08009ba2       0x1a stm_lpuart.o
 .text.LL_DMA_EnableIT_TC
                0x08009bbc       0x44 stm_lpuart.o
 .text.LL_DMA_DisableIT_TC
                0x08009c00       0x44 stm_lpuart.o
 .text.LL_DMA_IsEnabledIT_TC
                0x08009c44       0x3c stm_lpuart.o
 .text.LL_LPUART_Enable
                0x08009c80       0x20 stm_lpuart.o
 .text.LL_LPUART_Disable
                0x08009ca0       0x20 stm_lpuart.o
 .text.LL_LPUART_IsEnabled
                0x08009cc0       0x26 stm_lpuart.o
 .text.LL_LPUART_IsActiveFlag_PE
                0x08009ce6       0x26 stm_lpuart.o
 .text.LL_LPUART_IsActiveFlag_FE
                0x08009d0c       0x26 stm_lpuart.o
 .text.LL_LPUART_IsActiveFlag_NE
                0x08009d32       0x26 stm_lpuart.o
 .text.LL_LPUART_IsActiveFlag_ORE
                0x08009d58       0x26 stm_lpuart.o
 .text.LL_LPUART_IsActiveFlag_TC
                0x08009d7e       0x26 stm_lpuart.o
 .text.LL_LPUART_IsActiveFlag_TXE_TXFNF
                0x08009da4       0x26 stm_lpuart.o
 .text.LL_LPUART_ClearFlag_PE
                0x08009dca       0x1a stm_lpuart.o
 .text.LL_LPUART_ClearFlag_FE
                0x08009de4       0x1a stm_lpuart.o
 .text.LL_LPUART_ClearFlag_NE
                0x08009dfe       0x1a stm_lpuart.o
 .text.LL_LPUART_ClearFlag_ORE
                0x08009e18       0x1a stm_lpuart.o
 .text.LL_LPUART_EnableIT_RXNE_RXFNE
                0x08009e32       0x42 stm_lpuart.o
 .text.LL_LPUART_EnableIT_PE
                0x08009e74       0x42 stm_lpuart.o
 .text.LL_LPUART_EnableIT_ERROR
                0x08009eb6       0x46 stm_lpuart.o
 .text.LL_LPUART_DisableIT_RXNE_RXFNE
                0x08009efc       0x42 stm_lpuart.o
 .text.LL_LPUART_DisableIT_TXE_TXFNF
                0x08009f3e       0x42 stm_lpuart.o
 .text.LL_LPUART_DisableIT_PE
                0x08009f80       0x42 stm_lpuart.o
 .text.LL_LPUART_DisableIT_ERROR
                0x08009fc2       0x46 stm_lpuart.o
 .text.LL_LPUART_EnableDMAReq_RX
                0x0800a008       0x46 stm_lpuart.o
 .text.LL_LPUART_DisableDMAReq_RX
                0x0800a04e       0x46 stm_lpuart.o
 .text.LL_LPUART_EnableDMAReq_TX
                0x0800a094       0x46 stm_lpuart.o
 .text.LL_LPUART_DisableDMAReq_TX
                0x0800a0da       0x46 stm_lpuart.o
 .text.LL_LPUART_DMA_GetRegAddr
                0x0800a120       0x2c stm_lpuart.o
 .text.LL_LPUART_ReceiveData8
                0x0800a14c       0x1a stm_lpuart.o
 .text.LL_LPUART_TransmitData8
                0x0800a166       0x1e stm_lpuart.o
 .text.LPUART_RXDMAInterruptHandler
                0x0800a184       0xd4 stm_lpuart.o
                0x0800a184                LPUART_RXDMAInterruptHandler
 .text.LPUART_IsActiveFlagError
                0x0800a258       0xf4 stm_lpuart.o
                0x0800a258                LPUART_IsActiveFlagError
 .text.LPUART1_IRQHandler
                0x0800a34c       0x14 stm_lpuart.o
                0x0800a34c                LPUART1_IRQHandler
 .text.DMA1_Channel1_IRQHandler
                0x0800a360       0x20 stm_lpuart.o
                0x0800a360                DMA1_Channel1_IRQHandler
 .text.LPUART_ConfigureReceiveDMA
                0x0800a380       0xae stm_lpuart.o
                0x0800a380                LPUART_ConfigureReceiveDMA
 .text.LPUART_ConfigureTransmitDMA
                0x0800a42e       0x7a stm_lpuart.o
                0x0800a42e                LPUART_ConfigureTransmitDMA
 .text.MW_LPUART_GetReadErrorStatus
                0x0800a4a8       0xc8 stm_lpuart.o
                0x0800a4a8                MW_LPUART_GetReadErrorStatus
 .text.MW_LPUART_Initialize
                0x0800a570      0x170 stm_lpuart.o
                0x0800a570                MW_LPUART_Initialize
 .text.MW_LPUART_ReceiveUsingBuffer
                0x0800a6e0       0x5c stm_lpuart.o
                0x0800a6e0                MW_LPUART_ReceiveUsingBuffer
 .text.MW_LPUART_TransmitUsingPolling
                0x0800a73c      0x184 stm_lpuart.o
                0x0800a73c                MW_LPUART_TransmitUsingPolling
 .text.MW_LPUART_DeInit
                0x0800a8c0       0xaa stm_lpuart.o
                0x0800a8c0                MW_LPUART_DeInit
 .text.sys_arch_protect
                0x0800a96a       0x22 sys_arch.o
                0x0800a96a                sys_arch_protect
 .text.sys_arch_unprotect
                0x0800a98c       0x20 sys_arch.o
                0x0800a98c                sys_arch_unprotect
 .text.__NVIC_GetPriorityGrouping
                0x0800a9ac       0x1c main.o
 .text.__NVIC_EnableIRQ
                0x0800a9c8       0x3c main.o
 .text.__NVIC_SetPriority
                0x0800aa04       0x54 main.o
 .text.NVIC_EncodePriority
                0x0800aa58       0x66 main.o
 *fill*         0x0800aabe        0x2 
 .text.LL_DMA_SetDataTransferDirection
                0x0800aac0       0x50 main.o
 .text.LL_DMA_SetMode
                0x0800ab10       0x4c main.o
 .text.LL_DMA_SetPeriphIncMode
                0x0800ab5c       0x4c main.o
 .text.LL_DMA_SetMemoryIncMode
                0x0800aba8       0x4c main.o
 .text.LL_DMA_SetPeriphSize
                0x0800abf4       0x4c main.o
 .text.LL_DMA_SetMemorySize
                0x0800ac40       0x4c main.o
 .text.LL_DMA_SetChannelPriorityLevel
                0x0800ac8c       0x4c main.o
 .text.LL_DMA_SetPeriphRequest
                0x0800acd8       0x54 main.o
 .text.LL_LPUART_Enable
                0x0800ad2c       0x20 main.o
 .text.LL_LPUART_DisableFIFO
                0x0800ad4c       0x20 main.o
 .text.LL_LPUART_SetTXFIFOThreshold
                0x0800ad6c       0x4e main.o
 .text.LL_LPUART_SetRXFIFOThreshold
                0x0800adba       0x4e main.o
 .text.LL_LPUART_IsActiveFlag_TEACK
                0x0800ae08       0x28 main.o
 .text.LL_LPUART_IsActiveFlag_REACK
                0x0800ae30       0x28 main.o
 .text.LL_RCC_HSI_Enable
                0x0800ae58       0x20 main.o
 .text.LL_RCC_HSI_IsReady
                0x0800ae78       0x28 main.o
 .text.LL_RCC_HSI_SetCalibTrimming
                0x0800aea0       0x2c main.o
 .text.LL_RCC_SetSysClkSource
                0x0800aecc       0x28 main.o
 .text.LL_RCC_GetSysClkSource
                0x0800aef4       0x1c main.o
 .text.LL_RCC_SetAHBPrescaler
                0x0800af10       0x28 main.o
 .text.LL_RCC_SetAPB1Prescaler
                0x0800af38       0x28 main.o
 .text.LL_RCC_SetAPB2Prescaler
                0x0800af60       0x28 main.o
 .text.LL_RCC_SetLPUARTClockSource
                0x0800af88       0x2c main.o
 .text.LL_RCC_PLL_Enable
                0x0800afb4       0x20 main.o
 .text.LL_RCC_PLL_IsReady
                0x0800afd4       0x28 main.o
 .text.LL_RCC_PLL_ConfigDomain_SYS
                0x0800affc       0x40 main.o
 .text.LL_RCC_PLL_EnableDomain_SYS
                0x0800b03c       0x20 main.o
 .text.LL_AHB1_GRP1_EnableClock
                0x0800b05c       0x30 main.o
 .text.LL_AHB2_GRP1_EnableClock
                0x0800b08c       0x30 main.o
 .text.LL_APB1_GRP1_EnableClock
                0x0800b0bc       0x30 main.o
 .text.LL_APB1_GRP2_EnableClock
                0x0800b0ec       0x30 main.o
 .text.LL_APB2_GRP1_EnableClock
                0x0800b11c       0x30 main.o
 .text.LL_SYSCFG_SetEXTISource
                0x0800b14c       0x70 main.o
 .text.LL_FLASH_SetLatency
                0x0800b1bc       0x28 main.o
 .text.LL_FLASH_GetLatency
                0x0800b1e4       0x1c main.o
 .text.LL_PWR_EnableRange1BoostMode
                0x0800b200       0x24 main.o
 .text.LL_TIM_DisableARRPreload
                0x0800b224       0x20 main.o
 .text.LL_TIM_IC_SetActiveInput
                0x0800b244       0xc0 main.o
 .text.LL_TIM_IC_SetPrescaler
                0x0800b304       0xc0 main.o
 .text.LL_TIM_IC_SetFilter
                0x0800b3c4       0xc0 main.o
 .text.LL_TIM_IC_SetPolarity
                0x0800b484       0xac main.o
 .text.LL_TIM_SetEncoderMode
                0x0800b530       0x2a main.o
 .text.LL_TIM_SetTriggerOutput
                0x0800b55a       0x2a main.o
 .text.LL_TIM_SetTriggerOutput2
                0x0800b584       0x26 main.o
 .text.LL_TIM_DisableMasterSlaveMode
                0x0800b5aa       0x20 main.o
 .text.LL_GPIO_SetPinMode
                0x0800b5ca       0x7a main.o
 .text.LL_GPIO_SetPinPull
                0x0800b644       0x7a main.o
 .text.LL_GPIO_ResetOutputPin
                0x0800b6be       0x1c main.o
 *fill*         0x0800b6da        0x2 
 .text.SystemClock_Config
                0x0800b6dc       0xb0 main.o
                0x0800b6dc                SystemClock_Config
 .text.MX_LPUART1_UART_Init
                0x0800b78c      0x148 main.o
                0x0800b78c                MX_LPUART1_UART_Init
 .text.MX_TIM3_Init
                0x0800b8d4      0x118 main.o
                0x0800b8d4                MX_TIM3_Init
 .text.MX_TIM4_Init
                0x0800b9ec      0x118 main.o
                0x0800b9ec                MX_TIM4_Init
 .text.MX_TIM8_Init
                0x0800bb04      0x124 main.o
                0x0800bb04                MX_TIM8_Init
 .text.MX_DMA_Init
                0x0800bc28       0x34 main.o
                0x0800bc28                MX_DMA_Init
 .text.MX_GPIO_Init
                0x0800bc5c      0x108 main.o
                0x0800bc5c                MX_GPIO_Init
 .text.HAL_TIM_PeriodElapsedCallback
                0x0800bd64       0x1e main.o
                0x0800bd64                HAL_TIM_PeriodElapsedCallback
 .text.Error_Handler
                0x0800bd82        0xc main.o
                0x0800bd82                Error_Handler
 *fill*         0x0800bd8e        0x2 
 .text.LL_EXTI_IsActiveFlag_0_31
                0x0800bd90       0x2c stm32g4xx_it.o
 .text.LL_EXTI_ClearFlag_0_31
                0x0800bdbc       0x20 stm32g4xx_it.o
 .text.NMI_Handler
                0x0800bddc        0x8 stm32g4xx_it.o
                0x0800bddc                NMI_Handler
 .text.HardFault_Handler
                0x0800bde4        0x8 stm32g4xx_it.o
                0x0800bde4                HardFault_Handler
 .text.MemManage_Handler
                0x0800bdec        0x8 stm32g4xx_it.o
                0x0800bdec                MemManage_Handler
 .text.BusFault_Handler
                0x0800bdf4        0x8 stm32g4xx_it.o
                0x0800bdf4                BusFault_Handler
 .text.UsageFault_Handler
                0x0800bdfc        0x8 stm32g4xx_it.o
                0x0800bdfc                UsageFault_Handler
 .text.DebugMon_Handler
                0x0800be04        0xe stm32g4xx_it.o
                0x0800be04                DebugMon_Handler
 *fill*         0x0800be12        0x2 
 .text.TIM2_IRQHandler
                0x0800be14       0x14 stm32g4xx_it.o
                0x0800be14                TIM2_IRQHandler
 .text.EXTI15_10_IRQHandler
                0x0800be28       0x1e stm32g4xx_it.o
                0x0800be28                EXTI15_10_IRQHandler
 *fill*         0x0800be46        0x2 
 .text.HAL_MspInit
                0x0800be48       0x48 stm32g4xx_hal_msp.o
                0x0800be48                HAL_MspInit
 .text.HAL_InitTick
                0x0800be90       0xd8 stm32g4xx_hal_timebase_tim.o
                0x0800be90                HAL_InitTick
 .text.LL_SetSystemCoreClock
                0x0800bf68       0x20 stm32g4xx_ll_utils.o
                0x0800bf68                LL_SetSystemCoreClock
 .text.LL_EXTI_EnableIT_0_31
                0x0800bf88       0x24 stm32g4xx_ll_exti.o
 .text.LL_EXTI_EnableIT_32_63
                0x0800bfac       0x24 stm32g4xx_ll_exti.o
 .text.LL_EXTI_DisableIT_0_31
                0x0800bfd0       0x28 stm32g4xx_ll_exti.o
 .text.LL_EXTI_DisableIT_32_63
                0x0800bff8       0x28 stm32g4xx_ll_exti.o
 .text.LL_EXTI_EnableEvent_0_31
                0x0800c020       0x24 stm32g4xx_ll_exti.o
 .text.LL_EXTI_EnableEvent_32_63
                0x0800c044       0x24 stm32g4xx_ll_exti.o
 .text.LL_EXTI_DisableEvent_0_31
                0x0800c068       0x28 stm32g4xx_ll_exti.o
 .text.LL_EXTI_DisableEvent_32_63
                0x0800c090       0x28 stm32g4xx_ll_exti.o
 .text.LL_EXTI_EnableRisingTrig_0_31
                0x0800c0b8       0x24 stm32g4xx_ll_exti.o
 .text.LL_EXTI_EnableRisingTrig_32_63
                0x0800c0dc       0x24 stm32g4xx_ll_exti.o
 .text.LL_EXTI_DisableRisingTrig_0_31
                0x0800c100       0x28 stm32g4xx_ll_exti.o
 .text.LL_EXTI_DisableRisingTrig_32_63
                0x0800c128       0x28 stm32g4xx_ll_exti.o
 .text.LL_EXTI_EnableFallingTrig_0_31
                0x0800c150       0x24 stm32g4xx_ll_exti.o
 .text.LL_EXTI_EnableFallingTrig_32_63
                0x0800c174       0x24 stm32g4xx_ll_exti.o
 .text.LL_EXTI_DisableFallingTrig_0_31
                0x0800c198       0x28 stm32g4xx_ll_exti.o
 .text.LL_EXTI_DisableFallingTrig_32_63
                0x0800c1c0       0x28 stm32g4xx_ll_exti.o
 .text.LL_EXTI_Init
                0x0800c1e8      0x1ec stm32g4xx_ll_exti.o
                0x0800c1e8                LL_EXTI_Init
 .text.LL_GPIO_SetPinMode
                0x0800c3d4       0x7a stm32g4xx_ll_gpio.o
 .text.LL_GPIO_SetPinOutputType
                0x0800c44e       0x30 stm32g4xx_ll_gpio.o
 .text.LL_GPIO_SetPinSpeed
                0x0800c47e       0x7a stm32g4xx_ll_gpio.o
 .text.LL_GPIO_SetPinPull
                0x0800c4f8       0x7a stm32g4xx_ll_gpio.o
 .text.LL_GPIO_SetAFPin_0_7
                0x0800c572       0x7a stm32g4xx_ll_gpio.o
 .text.LL_GPIO_SetAFPin_8_15
                0x0800c5ec       0x7e stm32g4xx_ll_gpio.o
 .text.LL_GPIO_Init
                0x0800c66a       0xdc stm32g4xx_ll_gpio.o
                0x0800c66a                LL_GPIO_Init
 .text.LL_LPUART_IsEnabled
                0x0800c746       0x26 stm32g4xx_ll_lpuart.o
 .text.LL_LPUART_SetPrescaler
                0x0800c76c       0x28 stm32g4xx_ll_lpuart.o
 .text.LL_LPUART_SetStopBitsLength
                0x0800c794       0x26 stm32g4xx_ll_lpuart.o
 .text.LL_LPUART_SetHWFlowCtrl
                0x0800c7ba       0x26 stm32g4xx_ll_lpuart.o
 .text.LL_LPUART_SetBaudRate
                0x0800c7e0       0x98 stm32g4xx_ll_lpuart.o
 .text.LL_LPUART_Init
                0x0800c878       0x98 stm32g4xx_ll_lpuart.o
                0x0800c878                LL_LPUART_Init
 .text.LL_RCC_HSI_IsReady
                0x0800c910       0x28 stm32g4xx_ll_rcc.o
 .text.LL_RCC_LSE_IsReady
                0x0800c938       0x28 stm32g4xx_ll_rcc.o
 .text.LL_RCC_GetSysClkSource
                0x0800c960       0x1c stm32g4xx_ll_rcc.o
 .text.LL_RCC_GetAHBPrescaler
                0x0800c97c       0x1c stm32g4xx_ll_rcc.o
 .text.LL_RCC_GetAPB1Prescaler
                0x0800c998       0x1c stm32g4xx_ll_rcc.o
 .text.LL_RCC_GetLPUARTClockSource
                0x0800c9b4       0x24 stm32g4xx_ll_rcc.o
 .text.LL_RCC_PLL_GetMainSource
                0x0800c9d8       0x1c stm32g4xx_ll_rcc.o
 .text.LL_RCC_PLL_GetN
                0x0800c9f4       0x1c stm32g4xx_ll_rcc.o
 .text.LL_RCC_PLL_GetR
                0x0800ca10       0x1c stm32g4xx_ll_rcc.o
 .text.LL_RCC_PLL_GetDivider
                0x0800ca2c       0x1c stm32g4xx_ll_rcc.o
 .text.LL_RCC_GetLPUARTClockFreq
                0x0800ca48       0x84 stm32g4xx_ll_rcc.o
                0x0800ca48                LL_RCC_GetLPUARTClockFreq
 .text.RCC_GetSystemClockFreq
                0x0800cacc       0x4c stm32g4xx_ll_rcc.o
 .text.RCC_GetHCLKClockFreq
                0x0800cb18       0x30 stm32g4xx_ll_rcc.o
 .text.RCC_GetPCLK1ClockFreq
                0x0800cb48       0x2c stm32g4xx_ll_rcc.o
 .text.RCC_PLL_GetFreqDomain_SYS
                0x0800cb74       0x68 stm32g4xx_ll_rcc.o
 .text.HAL_Init
                0x0800cbdc       0x30 stm32g4xx_hal.o
                0x0800cbdc                HAL_Init
 .text.HAL_IncTick
                0x0800cc0c       0x24 stm32g4xx_hal.o
                0x0800cc0c                HAL_IncTick
 .text.HAL_GetTick
                0x0800cc30       0x18 stm32g4xx_hal.o
                0x0800cc30                HAL_GetTick
 .text.HAL_RCC_GetHCLKFreq
                0x0800cc48       0x18 stm32g4xx_hal_rcc.o
                0x0800cc48                HAL_RCC_GetHCLKFreq
 .text.HAL_RCC_GetPCLK1Freq
                0x0800cc60       0x2c stm32g4xx_hal_rcc.o
                0x0800cc60                HAL_RCC_GetPCLK1Freq
 .text.HAL_RCC_GetClockConfig
                0x0800cc8c       0x64 stm32g4xx_hal_rcc.o
                0x0800cc8c                HAL_RCC_GetClockConfig
 .text.HAL_PWREx_DisableUCPDDeadBattery
                0x0800ccf0       0x20 stm32g4xx_hal_pwr_ex.o
                0x0800ccf0                HAL_PWREx_DisableUCPDDeadBattery
 .text.__NVIC_SetPriorityGrouping
                0x0800cd10       0x48 stm32g4xx_hal_cortex.o
 .text.__NVIC_GetPriorityGrouping
                0x0800cd58       0x1c stm32g4xx_hal_cortex.o
 .text.__NVIC_EnableIRQ
                0x0800cd74       0x3c stm32g4xx_hal_cortex.o
 .text.__NVIC_SetPriority
                0x0800cdb0       0x54 stm32g4xx_hal_cortex.o
 .text.NVIC_EncodePriority
                0x0800ce04       0x66 stm32g4xx_hal_cortex.o
 .text.HAL_NVIC_SetPriorityGrouping
                0x0800ce6a       0x16 stm32g4xx_hal_cortex.o
                0x0800ce6a                HAL_NVIC_SetPriorityGrouping
 .text.HAL_NVIC_SetPriority
                0x0800ce80       0x34 stm32g4xx_hal_cortex.o
                0x0800ce80                HAL_NVIC_SetPriority
 .text.HAL_NVIC_EnableIRQ
                0x0800ceb4       0x1c stm32g4xx_hal_cortex.o
                0x0800ceb4                HAL_NVIC_EnableIRQ
 .text.HAL_TIM_Base_Init
                0x0800ced0       0xae stm32g4xx_hal_tim.o
                0x0800ced0                HAL_TIM_Base_Init
 .text.HAL_TIM_Base_MspInit
                0x0800cf7e       0x14 stm32g4xx_hal_tim.o
                0x0800cf7e                HAL_TIM_Base_MspInit
 *fill*         0x0800cf92        0x2 
 .text.HAL_TIM_Base_Start_IT
                0x0800cf94       0xf0 stm32g4xx_hal_tim.o
                0x0800cf94                HAL_TIM_Base_Start_IT
 .text.HAL_TIM_IRQHandler
                0x0800d084      0x2fe stm32g4xx_hal_tim.o
                0x0800d084                HAL_TIM_IRQHandler
 .text.HAL_TIM_OC_DelayElapsedCallback
                0x0800d382       0x14 stm32g4xx_hal_tim.o
                0x0800d382                HAL_TIM_OC_DelayElapsedCallback
 .text.HAL_TIM_IC_CaptureCallback
                0x0800d396       0x14 stm32g4xx_hal_tim.o
                0x0800d396                HAL_TIM_IC_CaptureCallback
 .text.HAL_TIM_PWM_PulseFinishedCallback
                0x0800d3aa       0x14 stm32g4xx_hal_tim.o
                0x0800d3aa                HAL_TIM_PWM_PulseFinishedCallback
 .text.HAL_TIM_TriggerCallback
                0x0800d3be       0x14 stm32g4xx_hal_tim.o
                0x0800d3be                HAL_TIM_TriggerCallback
 *fill*         0x0800d3d2        0x2 
 .text.TIM_Base_SetConfig
                0x0800d3d4      0x150 stm32g4xx_hal_tim.o
                0x0800d3d4                TIM_Base_SetConfig
 .text.HAL_TIMEx_CommutCallback
                0x0800d524       0x14 stm32g4xx_hal_tim_ex.o
                0x0800d524                HAL_TIMEx_CommutCallback
 .text.HAL_TIMEx_BreakCallback
                0x0800d538       0x14 stm32g4xx_hal_tim_ex.o
                0x0800d538                HAL_TIMEx_BreakCallback
 .text.HAL_TIMEx_Break2Callback
                0x0800d54c       0x14 stm32g4xx_hal_tim_ex.o
                0x0800d54c                HAL_TIMEx_Break2Callback
 .text.HAL_TIMEx_EncoderIndexCallback
                0x0800d560       0x14 stm32g4xx_hal_tim_ex.o
                0x0800d560                HAL_TIMEx_EncoderIndexCallback
 .text.HAL_TIMEx_DirectionChangeCallback
                0x0800d574       0x14 stm32g4xx_hal_tim_ex.o
                0x0800d574                HAL_TIMEx_DirectionChangeCallback
 .text.HAL_TIMEx_IndexErrorCallback
                0x0800d588       0x14 stm32g4xx_hal_tim_ex.o
                0x0800d588                HAL_TIMEx_IndexErrorCallback
 .text.HAL_TIMEx_TransitionErrorCallback
                0x0800d59c       0x14 stm32g4xx_hal_tim_ex.o
                0x0800d59c                HAL_TIMEx_TransitionErrorCallback
 .text.LL_TIM_SetPrescaler
                0x0800d5b0       0x1c stm32g4xx_ll_tim.o
 .text.LL_TIM_SetAutoReload
                0x0800d5cc       0x1c stm32g4xx_ll_tim.o
 .text.LL_TIM_SetRepetitionCounter
                0x0800d5e8       0x1c stm32g4xx_ll_tim.o
 .text.LL_TIM_GenerateEvent_UPDATE
                0x0800d604       0x20 stm32g4xx_ll_tim.o
 .text.LL_TIM_Init
                0x0800d624      0x144 stm32g4xx_ll_tim.o
                0x0800d624                LL_TIM_Init
 .text.SystemInit
                0x0800d768       0x24 system_stm32g4xx.o
                0x0800d768                SystemInit
 .text.Reset_Handler
                0x0800d78c       0x50 startup_stm32g474retx.o
                0x0800d78c                Reset_Handler
 .text.Default_Handler
                0x0800d7dc        0x2 startup_stm32g474retx.o
                0x0800d7dc                RTC_Alarm_IRQHandler
                0x0800d7dc                EXTI2_IRQHandler
                0x0800d7dc                TIM8_TRG_COM_IRQHandler
                0x0800d7dc                TIM8_CC_IRQHandler
                0x0800d7dc                HRTIM1_Master_IRQHandler
                0x0800d7dc                SPI4_IRQHandler
                0x0800d7dc                FDCAN3_IT0_IRQHandler
                0x0800d7dc                TIM1_CC_IRQHandler
                0x0800d7dc                HRTIM1_FLT_IRQHandler
                0x0800d7dc                HRTIM1_TIMF_IRQHandler
                0x0800d7dc                USB_HP_IRQHandler
                0x0800d7dc                CORDIC_IRQHandler
                0x0800d7dc                HRTIM1_TIMD_IRQHandler
                0x0800d7dc                DMA2_Channel8_IRQHandler
                0x0800d7dc                EXTI3_IRQHandler
                0x0800d7dc                I2C3_ER_IRQHandler
                0x0800d7dc                EXTI0_IRQHandler
                0x0800d7dc                I2C2_EV_IRQHandler
                0x0800d7dc                FPU_IRQHandler
                0x0800d7dc                FDCAN1_IT1_IRQHandler
                0x0800d7dc                TIM1_UP_TIM16_IRQHandler
                0x0800d7dc                ADC1_2_IRQHandler
                0x0800d7dc                HRTIM1_TIME_IRQHandler
                0x0800d7dc                SPI1_IRQHandler
                0x0800d7dc                TIM6_DAC_IRQHandler
                0x0800d7dc                HRTIM1_TIMC_IRQHandler
                0x0800d7dc                TIM8_UP_IRQHandler
                0x0800d7dc                DMA2_Channel2_IRQHandler
                0x0800d7dc                DMA1_Channel4_IRQHandler
                0x0800d7dc                TIM20_TRG_COM_IRQHandler
                0x0800d7dc                USART3_IRQHandler
                0x0800d7dc                DMA1_Channel7_IRQHandler
                0x0800d7dc                UART5_IRQHandler
                0x0800d7dc                ADC3_IRQHandler
                0x0800d7dc                TIM4_IRQHandler
                0x0800d7dc                DMA2_Channel1_IRQHandler
                0x0800d7dc                QUADSPI_IRQHandler
                0x0800d7dc                I2C1_EV_IRQHandler
                0x0800d7dc                DMA1_Channel6_IRQHandler
                0x0800d7dc                UART4_IRQHandler
                0x0800d7dc                DMA2_Channel4_IRQHandler
                0x0800d7dc                TIM3_IRQHandler
                0x0800d7dc                RCC_IRQHandler
                0x0800d7dc                TIM20_UP_IRQHandler
                0x0800d7dc                Default_Handler
                0x0800d7dc                DMA2_Channel7_IRQHandler
                0x0800d7dc                RTC_TAMP_LSECSS_IRQHandler
                0x0800d7dc                FMAC_IRQHandler
                0x0800d7dc                DMA1_Channel8_IRQHandler
                0x0800d7dc                HRTIM1_TIMA_IRQHandler
                0x0800d7dc                TIM7_DAC_IRQHandler
                0x0800d7dc                FDCAN3_IT1_IRQHandler
                0x0800d7dc                TIM5_IRQHandler
                0x0800d7dc                UCPD1_IRQHandler
                0x0800d7dc                I2C3_EV_IRQHandler
                0x0800d7dc                EXTI9_5_IRQHandler
                0x0800d7dc                RTC_WKUP_IRQHandler
                0x0800d7dc                PVD_PVM_IRQHandler
                0x0800d7dc                SPI2_IRQHandler
                0x0800d7dc                ADC5_IRQHandler
                0x0800d7dc                DMA2_Channel5_IRQHandler
                0x0800d7dc                CRS_IRQHandler
                0x0800d7dc                DMA1_Channel5_IRQHandler
                0x0800d7dc                USB_LP_IRQHandler
                0x0800d7dc                EXTI4_IRQHandler
                0x0800d7dc                RNG_IRQHandler
                0x0800d7dc                HRTIM1_TIMB_IRQHandler
                0x0800d7dc                TIM1_TRG_COM_TIM17_IRQHandler
                0x0800d7dc                FDCAN2_IT1_IRQHandler
                0x0800d7dc                DMA1_Channel3_IRQHandler
                0x0800d7dc                ADC4_IRQHandler
                0x0800d7dc                WWDG_IRQHandler
                0x0800d7dc                I2C4_EV_IRQHandler
                0x0800d7dc                FDCAN2_IT0_IRQHandler
                0x0800d7dc                DMA2_Channel6_IRQHandler
                0x0800d7dc                FDCAN1_IT0_IRQHandler
                0x0800d7dc                COMP7_IRQHandler
                0x0800d7dc                COMP1_2_3_IRQHandler
                0x0800d7dc                EXTI1_IRQHandler
                0x0800d7dc                USART2_IRQHandler
                0x0800d7dc                COMP4_5_6_IRQHandler
                0x0800d7dc                TIM20_BRK_IRQHandler
                0x0800d7dc                I2C2_ER_IRQHandler
                0x0800d7dc                DMA1_Channel2_IRQHandler
                0x0800d7dc                TIM8_BRK_IRQHandler
                0x0800d7dc                FLASH_IRQHandler
                0x0800d7dc                TIM20_CC_IRQHandler
                0x0800d7dc                USART1_IRQHandler
                0x0800d7dc                SPI3_IRQHandler
                0x0800d7dc                I2C1_ER_IRQHandler
                0x0800d7dc                FMC_IRQHandler
                0x0800d7dc                LPTIM1_IRQHandler
                0x0800d7dc                DMAMUX_OVR_IRQHandler
                0x0800d7dc                I2C4_ER_IRQHandler
                0x0800d7dc                USBWakeUp_IRQHandler
                0x0800d7dc                SAI1_IRQHandler
                0x0800d7dc                DMA2_Channel3_IRQHandler
                0x0800d7dc                TIM1_BRK_TIM15_IRQHandler
 *fill*         0x0800d7de        0x2 
 .text.fmod     0x0800d7e0       0x6c C:/ProgramData/MATLAB/SupportPackages/R2024b/3P.instrset/gnuarm-armcortex.instrset/win/bin/../lib/gcc/arm-none-eabi/13.2.1/thumb/v7e-m+fp/hard\libm.a(libm_a-w_fmod.o)
                0x0800d7e0                fmod
 .text.__ieee754_fmod
                0x0800d84c      0x30c C:/ProgramData/MATLAB/SupportPackages/R2024b/3P.instrset/gnuarm-armcortex.instrset/win/bin/../lib/gcc/arm-none-eabi/13.2.1/thumb/v7e-m+fp/hard\libm.a(libm_a-e_fmod.o)
                0x0800d84c                __ieee754_fmod
 .text.__udivmoddi4
                0x0800db58      0x2bc C:/ProgramData/MATLAB/SupportPackages/R2024b/3P.instrset/gnuarm-armcortex.instrset/win/bin/../lib/gcc/arm-none-eabi/13.2.1/thumb/v7e-m+fp/hard\libgcc.a(_udivmoddi4.o)
                0x0800db58                __udivmoddi4
 .text.memset   0x0800de14       0x10 C:/ProgramData/MATLAB/SupportPackages/R2024b/3P.instrset/gnuarm-armcortex.instrset/win/bin/../lib/gcc/arm-none-eabi/13.2.1/thumb/v7e-m+fp/hard\libg_nano.a(libc_a-memset.o)
                0x0800de14                memset
 .text.__errno  0x0800de24        0xc C:/ProgramData/MATLAB/SupportPackages/R2024b/3P.instrset/gnuarm-armcortex.instrset/win/bin/../lib/gcc/arm-none-eabi/13.2.1/thumb/v7e-m+fp/hard\libg_nano.a(libc_a-errno.o)
                0x0800de24                __errno
 .text.__libc_init_array
                0x0800de30       0x48 C:/ProgramData/MATLAB/SupportPackages/R2024b/3P.instrset/gnuarm-armcortex.instrset/win/bin/../lib/gcc/arm-none-eabi/13.2.1/thumb/v7e-m+fp/hard\libg_nano.a(libc_a-init.o)
                0x0800de30                __libc_init_array
 .text.memcpy   0x0800de78       0x1c C:/ProgramData/MATLAB/SupportPackages/R2024b/3P.instrset/gnuarm-armcortex.instrset/win/bin/../lib/gcc/arm-none-eabi/13.2.1/thumb/v7e-m+fp/hard\libg_nano.a(libc_a-memcpy-stub.o)
                0x0800de78                memcpy
 *(.glue_7)
 .glue_7        0x0800de94        0x0 linker stubs
 *(.glue_7t)
 .glue_7t       0x0800de94        0x0 linker stubs
 *(.eh_frame)
 .eh_frame      0x0800de94        0x0 C:/ProgramData/MATLAB/SupportPackages/R2024b/3P.instrset/gnuarm-armcortex.instrset/win/bin/../lib/gcc/arm-none-eabi/13.2.1/thumb/v7e-m+fp/hard/crtbegin.o
 *(.init)
 .init          0x0800de94        0x4 C:/ProgramData/MATLAB/SupportPackages/R2024b/3P.instrset/gnuarm-armcortex.instrset/win/bin/../lib/gcc/arm-none-eabi/13.2.1/thumb/v7e-m+fp/hard/crti.o
                0x0800de94                _init
 .init          0x0800de98        0x8 C:/ProgramData/MATLAB/SupportPackages/R2024b/3P.instrset/gnuarm-armcortex.instrset/win/bin/../lib/gcc/arm-none-eabi/13.2.1/thumb/v7e-m+fp/hard/crtn.o
 *(.fini)
 .fini          0x0800dea0        0x4 C:/ProgramData/MATLAB/SupportPackages/R2024b/3P.instrset/gnuarm-armcortex.instrset/win/bin/../lib/gcc/arm-none-eabi/13.2.1/thumb/v7e-m+fp/hard/crti.o
                0x0800dea0                _fini
 .fini          0x0800dea4        0x8 C:/ProgramData/MATLAB/SupportPackages/R2024b/3P.instrset/gnuarm-armcortex.instrset/win/bin/../lib/gcc/arm-none-eabi/13.2.1/thumb/v7e-m+fp/hard/crtn.o
                0x0800deac                        . = ALIGN (0x4)
                0x0800deac                        _etext = .

.vfp11_veneer   0x0800deac        0x0
 .vfp11_veneer  0x0800deac        0x0 linker stubs

.v4_bx          0x0800deac        0x0
 .v4_bx         0x0800deac        0x0 linker stubs

.iplt           0x0800deac        0x0
 .iplt          0x0800deac        0x0 C:/ProgramData/MATLAB/SupportPackages/R2024b/3P.instrset/gnuarm-armcortex.instrset/win/bin/../lib/gcc/arm-none-eabi/13.2.1/thumb/v7e-m+fp/hard/crtbegin.o

.rodata         0x0800deb0     0x2a18
                0x0800deb0                        . = ALIGN (0x4)
 *(.rodata)
 .rodata        0x0800deb0      0x2b9 xcp_ext_mode.o
 *fill*         0x0800e169        0x3 
 .rodata        0x0800e16c      0x12e xcp_ext_common.o
 *fill*         0x0800e29a        0x2 
 .rodata        0x0800e29c       0x4c xcp_ext_classic_trigger.o
 .rodata        0x0800e2e8      0x278 xcp.o
 .rodata        0x0800e560      0x3a9 xcp_standard.o
 *fill*         0x0800e909        0x3 
 .rodata        0x0800e90c     0x1010 xcp_daq.o
 .rodata        0x0800f91c       0xdd xcp_calibration.o
 *fill*         0x0800f9f9        0x3 
 .rodata        0x0800f9fc      0x56e xcp_transport.o
 *fill*         0x0800ff6a        0x2 
 .rodata        0x0800ff6c       0xf5 xcp_mem_default.o
 *fill*         0x08010061        0x3 
 .rodata        0x08010064      0x228 xcp_drv_rtiostream.o
 .rodata        0x0801028c      0x4aa xcp_frame_serial.o
 *(.rodata*)
 *fill*         0x08010736        0x2 
 .rodata.e_M    0x08010738        0x4 e.o
                0x08010738                e_M
 .rodata.rtAlwaysEnabled.0
                0x0801073c        0x1 e.o
 *fill*         0x0801073d        0x3 
 .rodata.standardSupportedRxPacket
                0x08010740       0x54 xcp_standard.o
 .rodata.daqSupportedRxPacket
                0x08010794       0x9c xcp_daq.o
 .rodata.calibrationSupportedRxPacket
                0x08010830       0x18 xcp_calibration.o
 .rodata.CHANNEL_OFFSET_TAB
                0x08010848        0x8 stm_usart.o
 .rodata.CHANNEL_OFFSET_TAB
                0x08010850        0x8 stm_lpuart.o
 .rodata.CHANNEL_OFFSET_TAB
                0x08010858        0x8 main.o
 .rodata.OFFSET_TAB_CCMRx
                0x08010860        0xa main.o
 *fill*         0x0801086a        0x2 
 .rodata.SHIFT_TAB_ICxx
                0x0801086c        0xa main.o
 *fill*         0x08010876        0x2 
 .rodata.SHIFT_TAB_CCxP
                0x08010878        0xa main.o
 *fill*         0x08010882        0x2 
 .rodata.LPUART_PRESCALER_TAB
                0x08010884       0x18 stm32g4xx_ll_lpuart.o
 .rodata.AHBPrescTable
                0x0801089c       0x10 system_stm32g4xx.o
                0x0801089c                AHBPrescTable
 .rodata.APBPrescTable
                0x080108ac        0x8 system_stm32g4xx.o
                0x080108ac                APBPrescTable
 *fill*         0x080108b4        0x4 
 .rodata.Zero   0x080108b8       0x10 C:/ProgramData/MATLAB/SupportPackages/R2024b/3P.instrset/gnuarm-armcortex.instrset/win/bin/../lib/gcc/arm-none-eabi/13.2.1/thumb/v7e-m+fp/hard\libm.a(libm_a-e_fmod.o)
                0x080108c8                        . = ALIGN (0x4)

.ARM.extab      0x080108c8        0x0
                0x080108c8                        . = ALIGN (0x4)
 *(.ARM.extab* .gnu.linkonce.armextab.*)
                0x080108c8                        . = ALIGN (0x4)

.ARM            0x080108c8        0x8
                0x080108c8                        . = ALIGN (0x4)
                0x080108c8                        __exidx_start = .
 *(.ARM.exidx*)
 .ARM.exidx.text.__udivmoddi4
                0x080108c8        0x8 C:/ProgramData/MATLAB/SupportPackages/R2024b/3P.instrset/gnuarm-armcortex.instrset/win/bin/../lib/gcc/arm-none-eabi/13.2.1/thumb/v7e-m+fp/hard\libgcc.a(_udivmoddi4.o)
                0x080108d0                        __exidx_end = .
                0x080108d0                        . = ALIGN (0x4)

.preinit_array  0x080108d0        0x0
                0x080108d0                        . = ALIGN (0x4)
                0x080108d0                        PROVIDE (__preinit_array_start = .)
 *(.preinit_array*)
                0x080108d0                        PROVIDE (__preinit_array_end = .)
                0x080108d0                        . = ALIGN (0x4)

.init_array     0x080108d0        0x4
                0x080108d0                        . = ALIGN (0x4)
                0x080108d0                        PROVIDE (__init_array_start = .)
 *(SORT_BY_NAME(.init_array.*))
 *(.init_array*)
 .init_array    0x080108d0        0x4 C:/ProgramData/MATLAB/SupportPackages/R2024b/3P.instrset/gnuarm-armcortex.instrset/win/bin/../lib/gcc/arm-none-eabi/13.2.1/thumb/v7e-m+fp/hard/crtbegin.o
                0x080108d4                        PROVIDE (__init_array_end = .)
                0x080108d4                        . = ALIGN (0x4)

.fini_array     0x080108d4        0x4
                0x080108d4                        . = ALIGN (0x4)
                [!provide]                        PROVIDE (__fini_array_start = .)
 *(SORT_BY_NAME(.fini_array.*))
 *(.fini_array*)
 .fini_array    0x080108d4        0x4 C:/ProgramData/MATLAB/SupportPackages/R2024b/3P.instrset/gnuarm-armcortex.instrset/win/bin/../lib/gcc/arm-none-eabi/13.2.1/thumb/v7e-m+fp/hard/crtbegin.o
                [!provide]                        PROVIDE (__fini_array_end = .)
                0x080108d8                        . = ALIGN (0x4)
                0x080108d8                        _sidata = LOADADDR (.data)

.rel.dyn        0x080108d8        0x0
 .rel.iplt      0x080108d8        0x0 C:/ProgramData/MATLAB/SupportPackages/R2024b/3P.instrset/gnuarm-armcortex.instrset/win/bin/../lib/gcc/arm-none-eabi/13.2.1/thumb/v7e-m+fp/hard/crtbegin.o

.data           0x20000000       0xe4 load address 0x080108d8
                0x20000000                        . = ALIGN (0x4)
                0x20000000                        _sdata = .
 *(.data)
 *(.data*)
 .data.xcpExtmodeFinalSimulationTime
                0x20000000        0x8 xcp_ext_common.o
                0x20000000                xcpExtmodeFinalSimulationTime
 .data.xcpClassicTriggerDuration
                0x20000008        0x4 xcp_ext_classic_trigger.o
                0x20000008                xcpClassicTriggerDuration
 .data.xcpClassicTriggerArmRequest
                0x2000000c        0x1 xcp_ext_classic_trigger.o
                0x2000000c                xcpClassicTriggerArmRequest
 *fill*         0x2000000d        0x3 
 .data.startStopDaqListId
                0x20000010        0x4 xcp_daq.o
 .data.xcpCurrentDaq
                0x20000014        0x4 xcp_daq.o
 .data.xcpEventCustomMemoryManager
                0x20000018        0xc xcp_daq.o
 .data.xcpCtoReservedMemPoolId
                0x20000024        0x4 xcp_transport.o
 .data.xcpMemMainBlockSizes
                0x20000028        0xc xcp_mem_default.o
 .data.xcpMemMainBlocksNumber
                0x20000034        0xc xcp_mem_default.o
 .data.drvID    0x20000040        0x4 xcp_drv_rtiostream.o
 .data.xcpCtoReservedMemPoolId
                0x20000044        0x4 xcp_frame_serial.o
 .data.uartObj  0x20000048       0x40 rtiostream_serial.o
                0x20000048                uartObj
 .data.uwTickPrio
                0x20000088        0x4 stm32g4xx_hal.o
                0x20000088                uwTickPrio
 .data.uwTickFreq
                0x2000008c        0x4 stm32g4xx_hal.o
                0x2000008c                uwTickFreq
 .data.SystemCoreClock
                0x20000090        0x4 system_stm32g4xx.o
                0x20000090                SystemCoreClock
 .data._impure_ptr
                0x20000094        0x4 C:/ProgramData/MATLAB/SupportPackages/R2024b/3P.instrset/gnuarm-armcortex.instrset/win/bin/../lib/gcc/arm-none-eabi/13.2.1/thumb/v7e-m+fp/hard\libg_nano.a(libc_a-impure.o)
                0x20000094                _impure_ptr
 .data._impure_data
                0x20000098       0x4c C:/ProgramData/MATLAB/SupportPackages/R2024b/3P.instrset/gnuarm-armcortex.instrset/win/bin/../lib/gcc/arm-none-eabi/13.2.1/thumb/v7e-m+fp/hard\libg_nano.a(libc_a-impure.o)
                0x20000098                _impure_data
 *(.RamFunc)
 *(.RamFunc*)
                0x200000e4                        . = ALIGN (0x4)
                0x200000e4                        _edata = .

.tm_clone_table
                0x200000e4        0x0 load address 0x080109bc
 .tm_clone_table
                0x200000e4        0x0 C:/ProgramData/MATLAB/SupportPackages/R2024b/3P.instrset/gnuarm-armcortex.instrset/win/bin/../lib/gcc/arm-none-eabi/13.2.1/thumb/v7e-m+fp/hard/crtbegin.o
 .tm_clone_table
                0x200000e4        0x0 C:/ProgramData/MATLAB/SupportPackages/R2024b/3P.instrset/gnuarm-armcortex.instrset/win/bin/../lib/gcc/arm-none-eabi/13.2.1/thumb/v7e-m+fp/hard/crtend.o

.igot.plt       0x200000e4        0x0 load address 0x080109bc
 .igot.plt      0x200000e4        0x0 C:/ProgramData/MATLAB/SupportPackages/R2024b/3P.instrset/gnuarm-armcortex.instrset/win/bin/../lib/gcc/arm-none-eabi/13.2.1/thumb/v7e-m+fp/hard/crtbegin.o
                0x200000e4                        . = ALIGN (0x4)

.bss            0x200000e8     0x2000 load address 0x080109bc
                0x200000e8                        _sbss = .
                0x200000e8                        __bss_start__ = _sbss
 *(.bss)
 *(.bss*)
 .bss.completed.1
                0x200000e8        0x1 C:/ProgramData/MATLAB/SupportPackages/R2024b/3P.instrset/gnuarm-armcortex.instrset/win/bin/../lib/gcc/arm-none-eabi/13.2.1/thumb/v7e-m+fp/hard/crtbegin.o
 *fill*         0x200000e9        0x3 
 .bss.object.0  0x200000ec       0x18 C:/ProgramData/MATLAB/SupportPackages/R2024b/3P.instrset/gnuarm-armcortex.instrset/win/bin/../lib/gcc/arm-none-eabi/13.2.1/thumb/v7e-m+fp/hard/crtbegin.o
 .bss.mw_tim3   0x20000104       0x8c stm_timer_ll.o
                0x20000104                mw_tim3
 .bss.mw_tim4   0x20000190       0x8c stm_timer_ll.o
                0x20000190                mw_tim4
 .bss.mw_tim8   0x2000021c       0x8c stm_timer_ll.o
                0x2000021c                mw_tim8
 .bss.firstIndexReceived.0
                0x200002a8        0x1 stm_timer_ll.o
 *fill*         0x200002a9        0x3 
 .bss.xcpCustomTriggerFunction
                0x200002ac        0x8 xcp_ext_mode.o
 *fill*         0x200002b4        0x4 
 .bss.e_B       0x200002b8       0x68 e.o
                0x200002b8                e_B
 .bss.e_DW      0x20000320       0xe0 e.o
                0x20000320                e_DW
 .bss.e_M_      0x20000400       0x48 e.o
 .bss.rt_ExtModeInfo.2
                0x20000448       0x14 e.o
 .bss.systemRan.1
                0x2000045c       0x38 e.o
 .bss.IsrOverrun
                0x20000494        0x4 ert_main.o
                0x20000494                IsrOverrun
 .bss.OverrunFlag
                0x20000498        0x1 ert_main.o
 .bss.stopRequested
                0x20000499        0x1 ert_main.o
                0x20000499                stopRequested
 .bss.runModel  0x2000049a        0x1 ert_main.o
                0x2000049a                runModel
 .bss.xcpModelStartRequest
                0x2000049b        0x1 xcp_ext_common.o
                0x2000049b                xcpModelStartRequest
 .bss.xcpModelStopRequest
                0x2000049c        0x1 xcp_ext_common.o
                0x2000049c                xcpModelStopRequest
 .bss.xcpModelStatus
                0x2000049d        0x1 xcp_ext_common.o
                0x2000049d                xcpModelStatus
 *fill*         0x2000049e        0x2 
 .bss.xcpModelChecksum0
                0x200004a0        0x4 xcp_ext_common.o
                0x200004a0                xcpModelChecksum0
 .bss.xcpModelChecksum1
                0x200004a4        0x4 xcp_ext_common.o
                0x200004a4                xcpModelChecksum1
 .bss.xcpModelChecksum2
                0x200004a8        0x4 xcp_ext_common.o
                0x200004a8                xcpModelChecksum2
 .bss.xcpModelChecksum3
                0x200004ac        0x4 xcp_ext_common.o
                0x200004ac                xcpModelChecksum3
 .bss.xcpModelIntegerCode
                0x200004b0        0x4 xcp_ext_common.o
                0x200004b0                xcpModelIntegerCode
 .bss.xcpExtmodeSimulationComplete
                0x200004b4        0x1 xcp_ext_common.o
                0x200004b4                xcpExtmodeSimulationComplete
 *fill*         0x200004b5        0x3 
 .bss.xcpDummyDoubleVariable
                0x200004b8        0x8 xcp_ext_common.o
                0x200004b8                xcpDummyDoubleVariable
 .bss.xcpDummyUint64Variable
                0x200004c0        0x8 xcp_ext_common.o
                0x200004c0                xcpDummyUint64Variable
 .bss.xcpCurrentSimulationTimeInMs
                0x200004c8        0x8 xcp_ext_common.o
                0x200004c8                xcpCurrentSimulationTimeInMs
 .bss.xcpBaseRateSimulationTime
                0x200004d0        0x8 xcp_ext_common.o
 .bss.xcpClassicTriggerEventId
                0x200004d8        0x2 xcp_ext_classic_trigger.o
                0x200004d8                xcpClassicTriggerEventId
 *fill*         0x200004da        0x2 
 .bss.xcpClassicTriggerSignalAddress
                0x200004dc        0x4 xcp_ext_classic_trigger.o
                0x200004dc                xcpClassicTriggerSignalAddress
 .bss.xcpClassicTriggerSignalAddressExtension
                0x200004e0        0x1 xcp_ext_classic_trigger.o
                0x200004e0                xcpClassicTriggerSignalAddressExtension
 *fill*         0x200004e1        0x7 
 .bss.xcpClassicTriggerLevel
                0x200004e8        0x8 xcp_ext_classic_trigger.o
                0x200004e8                xcpClassicTriggerLevel
 .bss.xcpClassicTriggerHoldOff
                0x200004f0        0x4 xcp_ext_classic_trigger.o
                0x200004f0                xcpClassicTriggerHoldOff
 .bss.xcpClassicTriggerDelay
                0x200004f4        0x4 xcp_ext_classic_trigger.o
                0x200004f4                xcpClassicTriggerDelay
 .bss.xcpClassicTriggerDirection
                0x200004f8        0x1 xcp_ext_classic_trigger.o
                0x200004f8                xcpClassicTriggerDirection
 .bss.xcpClassicTriggerCancelRequest
                0x200004f9        0x1 xcp_ext_classic_trigger.o
                0x200004f9                xcpClassicTriggerCancelRequest
 .bss.xcpClassicTriggerSource
                0x200004fa        0x1 xcp_ext_classic_trigger.o
                0x200004fa                xcpClassicTriggerSource
 .bss.xcpClassicTriggerMode
                0x200004fb        0x1 xcp_ext_classic_trigger.o
                0x200004fb                xcpClassicTriggerMode
 .bss.xcpClassicTriggerStatus
                0x200004fc        0x1 xcp_ext_classic_trigger.o
                0x200004fc                xcpClassicTriggerStatus
 *fill*         0x200004fd        0x3 
 .bss.xcpOldSignalValue
                0x20000500        0x8 xcp_ext_classic_trigger.o
 .bss.xcpOldSignalValueAvailable
                0x20000508        0x1 xcp_ext_classic_trigger.o
 .bss.xcpOldClassicTriggerSource
                0x20000509        0x1 xcp_ext_classic_trigger.o
 .bss.xcpTriggerEnabled
                0x2000050a        0x1 xcp_ext_classic_trigger.o
 .bss.xcpSignalTriggerFired
                0x2000050b        0x1 xcp_ext_classic_trigger.o
 .bss.xcpTriggerCount
                0x2000050c        0x4 xcp_ext_classic_trigger.o
 .bss.xcpForcedTriggerEnabled
                0x20000510        0x1 xcp_ext_classic_trigger.o
 .bss.xcpForceTriggerEnableRequest
                0x20000511        0x1 xcp_ext_classic_trigger.o
 .bss.initialized
                0x20000512        0x1 xcp.o
 .bss.xcpStatus
                0x20000513        0x1 xcp.o
 .bss.xcpSessionStatus
                0x20000514        0x1 xcp.o
 .bss.xcpResourceProtectionStatus
                0x20000515        0x1 xcp.o
 .bss.xcpSessionConfigurationId
                0x20000516        0x2 xcp.o
 .bss.groupPacketLookup
                0x20000518       0x10 xcp.o
 .bss.xcpMta    0x20000528        0x8 xcp_standard.o
 .bss.xcpUploadSize
                0x20000530        0x1 xcp_standard.o
 *fill*         0x20000531        0x3 
 .bss.packetLookup
                0x20000534        0x4 xcp_standard.o
 .bss.xcpDynamicDaqLists
                0x20000538        0x8 xcp_daq.o
 .bss.xcpRunningEventCounter
                0x20000540        0x4 xcp_daq.o
 .bss.daqLock   0x20000544        0x4 xcp_daq.o
 .bss.packetLookup
                0x20000548        0x4 xcp_daq.o
 .bss.packetLookup
                0x2000054c        0x4 xcp_calibration.o
 .bss.txFifo    0x20000550       0x10 xcp_transport.o
 .bss.txLock    0x20000560        0x4 xcp_transport.o
 .bss.rxFifo    0x20000564        0x8 xcp_transport.o
 .bss.rxLock    0x2000056c        0x4 xcp_transport.o
 .bss.initialized
                0x20000570        0x1 xcp_transport.o
 *fill*         0x20000571        0x3 
 .bss.xcpMemPoolDescriptors
                0x20000574       0xc0 xcp_mem_default.o
 .bss.xcpMemCustomPoolDescriptors
                0x20000634        0x8 xcp_mem_default.o
 .bss.xcpMemMainChunk
                0x2000063c      0x527 xcp_mem_default.o
 *fill*         0x20000b63        0x1 
 .bss.xcpMemReservedPoolsChunk
                0x20000b64      0xf85 xcp_mem_default.o
 *fill*         0x20001ae9        0x3 
 .bss.xcpMemReservedPoolsChunkUsedBytes
                0x20001aec        0x4 xcp_mem_default.o
 .bss.xcpMemLock
                0x20001af0        0x4 xcp_mem_default.o
 .bss.forceBlocking
                0x20001af4        0x1 xcp_drv_rtiostream.o
 *fill*         0x20001af5        0x1 
 .bss.txCounter
                0x20001af6        0x2 xcp_frame_serial.o
 .bss.rxCounter
                0x20001af8        0x2 xcp_frame_serial.o
 *fill*         0x20001afa        0x2 
 .bss.firstRxCounterReceived
                0x20001afc        0x4 xcp_frame_serial.o
 .bss.initialized
                0x20001b00        0x1 xcp_frame_serial.o
 *fill*         0x20001b01        0x3 
 .bss.timestampInitialized
                0x20001b04        0x4 platform_timer.o
 .bss.timestampStartTime
                0x20001b08        0x4 platform_timer.o
 .bss.schdl_counter
                0x20001b0c        0x4 SysTickScheduler.o
                0x20001b0c                schdl_counter
 .bss.schdl_counter_max
                0x20001b10        0x4 SysTickScheduler.o
                0x20001b10                schdl_counter_max
 .bss.taskToSchedule
                0x20001b14        0x4 m3m4m4f_multitasking.o
                0x20001b14                taskToSchedule
 .bss.mw_ext_h  0x20001b18        0x4 rtiostream_serial.o
                0x20001b18                mw_ext_h
 .bss.UARTRxBuffer
                0x20001b1c        0x4 rtiostream_serial.o
                0x20001b1c                UARTRxBuffer
 .bss.mw_lpuart1
                0x20001b20       0x40 stm_lpuart.o
                0x20001b20                mw_lpuart1
 .bss.LPUART1ReceiveBuffer
                0x20001b60      0x400 stm_lpuart.o
                0x20001b60                LPUART1ReceiveBuffer
 .bss.htim2     0x20001f60       0x4c stm32g4xx_hal_timebase_tim.o
                0x20001f60                htim2
 .bss.uwTick    0x20001fac        0x4 stm32g4xx_hal.o
                0x20001fac                uwTick
 .bss.__sf      0x20001fb0      0x138 C:/ProgramData/MATLAB/SupportPackages/R2024b/3P.instrset/gnuarm-armcortex.instrset/win/bin/../lib/gcc/arm-none-eabi/13.2.1/thumb/v7e-m+fp/hard\libg_nano.a(libc_a-findfp.o)
                0x20001fb0                __sf
 *(COMMON)
                0x200020e8                        . = ALIGN (0x4)
                0x200020e8                        _ebss = .
                0x200020e8                        __bss_end__ = _ebss

._user_heap_stack
                0x200020e8      0x600 load address 0x080109bc
                0x200020e8                        . = ALIGN (0x8)
                [!provide]                        PROVIDE (end = .)
                0x200020e8                        PROVIDE (_end = .)
                0x200022e8                        . = (. + _Min_Heap_Size)
 *fill*         0x200020e8      0x200 
                0x200026e8                        . = (. + _Min_Stack_Size)
 *fill*         0x200022e8      0x400 
                0x200026e8                        . = ALIGN (0x8)

/DISCARD/
 libc.a(*)
 libm.a(*)
 libgcc.a(*)

.ARM.attributes
                0x00000000       0x30
 *(.ARM.attributes)
 .ARM.attributes
                0x00000000       0x22 C:/ProgramData/MATLAB/SupportPackages/R2024b/3P.instrset/gnuarm-armcortex.instrset/win/bin/../lib/gcc/arm-none-eabi/13.2.1/thumb/v7e-m+fp/hard/crti.o
 .ARM.attributes
                0x00000022       0x34 C:/ProgramData/MATLAB/SupportPackages/R2024b/3P.instrset/gnuarm-armcortex.instrset/win/bin/../lib/gcc/arm-none-eabi/13.2.1/thumb/v7e-m+fp/hard/crtbegin.o
 .ARM.attributes
                0x00000056       0x34 stm_timer_ll.o
 .ARM.attributes
                0x0000008a       0x34 xcp_ext_mode.o
 .ARM.attributes
                0x000000be       0x34 e.o
 .ARM.attributes
                0x000000f2       0x34 ert_main.o
 .ARM.attributes
                0x00000126       0x34 xcp_ext_common.o
 .ARM.attributes
                0x0000015a       0x34 xcp_ext_classic_trigger.o
 .ARM.attributes
                0x0000018e       0x34 xcp.o
 .ARM.attributes
                0x000001c2       0x34 xcp_standard.o
 .ARM.attributes
                0x000001f6       0x34 xcp_daq.o
 .ARM.attributes
                0x0000022a       0x34 xcp_calibration.o
 .ARM.attributes
                0x0000025e       0x34 xcp_fifo.o
 .ARM.attributes
                0x00000292       0x34 xcp_transport.o
 .ARM.attributes
                0x000002c6       0x34 xcp_mem_default.o
 .ARM.attributes
                0x000002fa       0x34 xcp_drv_rtiostream.o
 .ARM.attributes
                0x0000032e       0x34 xcp_utils.o
 .ARM.attributes
                0x00000362       0x34 xcp_frame_serial.o
 .ARM.attributes
                0x00000396       0x34 xcp_ext_param_default_serial.o
 .ARM.attributes
                0x000003ca       0x34 overrideHALDelay.o
 .ARM.attributes
                0x000003fe       0x34 platform_timer.o
 .ARM.attributes
                0x00000432       0x34 SysTickScheduler.o
 .ARM.attributes
                0x00000466       0x34 m3m4m4f_multitasking.o
 .ARM.attributes
                0x0000049a       0x34 rtiostream_serial.o
 .ARM.attributes
                0x000004ce       0x34 stm_usart.o
 .ARM.attributes
                0x00000502       0x34 stm_lpuart.o
 .ARM.attributes
                0x00000536       0x34 sys_arch.o
 .ARM.attributes
                0x0000056a       0x34 main.o
 .ARM.attributes
                0x0000059e       0x34 stm32g4xx_it.o
 .ARM.attributes
                0x000005d2       0x34 stm32g4xx_hal_msp.o
 .ARM.attributes
                0x00000606       0x34 stm32g4xx_hal_timebase_tim.o
 .ARM.attributes
                0x0000063a       0x34 stm32g4xx_ll_utils.o
 .ARM.attributes
                0x0000066e       0x34 stm32g4xx_ll_exti.o
 .ARM.attributes
                0x000006a2       0x34 stm32g4xx_ll_gpio.o
 .ARM.attributes
                0x000006d6       0x34 stm32g4xx_ll_lpuart.o
 .ARM.attributes
                0x0000070a       0x34 stm32g4xx_ll_rcc.o
 .ARM.attributes
                0x0000073e       0x34 stm32g4xx_hal.o
 .ARM.attributes
                0x00000772       0x34 stm32g4xx_hal_rcc.o
 .ARM.attributes