Archive member included to satisfy reference by file (symbol)

C:/ProgramData/MATLAB/SupportPackages/R2024b/3P.instrset/gnuarm-armcortex.instrset/win/bin/../lib/gcc/arm-none-eabi/13.2.1/thumb/v7e-m+fp/hard\libm.a(libm_a-w_fmod.o)
                              xcp_ext_common.o (fmod)
C:/ProgramData/MATLAB/SupportPackages/R2024b/3P.instrset/gnuarm-armcortex.instrset/win/bin/../lib/gcc/arm-none-eabi/13.2.1/thumb/v7e-m+fp/hard\libm.a(libm_a-e_fmod.o)
                              C:/ProgramData/MATLAB/SupportPackages/R2024b/3P.instrset/gnuarm-armcortex.instrset/win/bin/../lib/gcc/arm-none-eabi/13.2.1/thumb/v7e-m+fp/hard\libm.a(libm_a-w_fmod.o) (__ieee754_fmod)
C:/ProgramData/MATLAB/SupportPackages/R2024b/3P.instrset/gnuarm-armcortex.instrset/win/bin/../lib/gcc/arm-none-eabi/13.2.1/thumb/v7e-m+fp/hard\libgcc.a(_arm_muldf3.o)
                              AMT103.o (__aeabi_dmul)
C:/ProgramData/MATLAB/SupportPackages/R2024b/3P.instrset/gnuarm-armcortex.instrset/win/bin/../lib/gcc/arm-none-eabi/13.2.1/thumb/v7e-m+fp/hard\libgcc.a(_arm_addsubdf3.o)
                              AMT103.o (__aeabi_dsub)
C:/ProgramData/MATLAB/SupportPackages/R2024b/3P.instrset/gnuarm-armcortex.instrset/win/bin/../lib/gcc/arm-none-eabi/13.2.1/thumb/v7e-m+fp/hard\libgcc.a(_arm_muldivdf3.o)
                              AMT103.o (__aeabi_ddiv)
C:/ProgramData/MATLAB/SupportPackages/R2024b/3P.instrset/gnuarm-armcortex.instrset/win/bin/../lib/gcc/arm-none-eabi/13.2.1/thumb/v7e-m+fp/hard\libgcc.a(_arm_cmpdf2.o)
                              xcp_ext_mode.o (__aeabi_dcmpeq)
C:/ProgramData/MATLAB/SupportPackages/R2024b/3P.instrset/gnuarm-armcortex.instrset/win/bin/../lib/gcc/arm-none-eabi/13.2.1/thumb/v7e-m+fp/hard\libgcc.a(_arm_unorddf2.o)
                              rt_nonfinite.o (__aeabi_dcmpun)
C:/ProgramData/MATLAB/SupportPackages/R2024b/3P.instrset/gnuarm-armcortex.instrset/win/bin/../lib/gcc/arm-none-eabi/13.2.1/thumb/v7e-m+fp/hard\libgcc.a(_arm_fixunsdfsi.o)
                              xcp_ext_common.o (__aeabi_d2uiz)
C:/ProgramData/MATLAB/SupportPackages/R2024b/3P.instrset/gnuarm-armcortex.instrset/win/bin/../lib/gcc/arm-none-eabi/13.2.1/thumb/v7e-m+fp/hard\libgcc.a(_aeabi_uldivmod.o)
                              stm32g4xx_ll_lpuart.o (__aeabi_uldivmod)
C:/ProgramData/MATLAB/SupportPackages/R2024b/3P.instrset/gnuarm-armcortex.instrset/win/bin/../lib/gcc/arm-none-eabi/13.2.1/thumb/v7e-m+fp/hard\libgcc.a(_udivmoddi4.o)
                              C:/ProgramData/MATLAB/SupportPackages/R2024b/3P.instrset/gnuarm-armcortex.instrset/win/bin/../lib/gcc/arm-none-eabi/13.2.1/thumb/v7e-m+fp/hard\libgcc.a(_aeabi_uldivmod.o) (__udivmoddi4)
C:/ProgramData/MATLAB/SupportPackages/R2024b/3P.instrset/gnuarm-armcortex.instrset/win/bin/../lib/gcc/arm-none-eabi/13.2.1/thumb/v7e-m+fp/hard\libgcc.a(_dvmd_tls.o)
                              C:/ProgramData/MATLAB/SupportPackages/R2024b/3P.instrset/gnuarm-armcortex.instrset/win/bin/../lib/gcc/arm-none-eabi/13.2.1/thumb/v7e-m+fp/hard\libgcc.a(_aeabi_uldivmod.o) (__aeabi_ldiv0)
C:/ProgramData/MATLAB/SupportPackages/R2024b/3P.instrset/gnuarm-armcortex.instrset/win/bin/../lib/gcc/arm-none-eabi/13.2.1/thumb/v7e-m+fp/hard\libg_nano.a(libc_a-exit.o)
                              C:/ProgramData/MATLAB/SupportPackages/R2024b/3P.instrset/gnuarm-armcortex.instrset/win/bin/../lib/gcc/arm-none-eabi/13.2.1/thumb/v7e-m+fp/hard/crt0.o (exit)
C:/ProgramData/MATLAB/SupportPackages/R2024b/3P.instrset/gnuarm-armcortex.instrset/win/bin/../lib/gcc/arm-none-eabi/13.2.1/thumb/v7e-m+fp/hard\libg_nano.a(libc_a-findfp.o)
                              C:/ProgramData/MATLAB/SupportPackages/R2024b/3P.instrset/gnuarm-armcortex.instrset/win/bin/../lib/gcc/arm-none-eabi/13.2.1/thumb/v7e-m+fp/hard\libg_nano.a(libc_a-exit.o) (__stdio_exit_handler)
C:/ProgramData/MATLAB/SupportPackages/R2024b/3P.instrset/gnuarm-armcortex.instrset/win/bin/../lib/gcc/arm-none-eabi/13.2.1/thumb/v7e-m+fp/hard\libg_nano.a(libc_a-fwalk.o)
                              C:/ProgramData/MATLAB/SupportPackages/R2024b/3P.instrset/gnuarm-armcortex.instrset/win/bin/../lib/gcc/arm-none-eabi/13.2.1/thumb/v7e-m+fp/hard\libg_nano.a(libc_a-findfp.o) (_fwalk_sglue)
C:/ProgramData/MATLAB/SupportPackages/R2024b/3P.instrset/gnuarm-armcortex.instrset/win/bin/../lib/gcc/arm-none-eabi/13.2.1/thumb/v7e-m+fp/hard\libg_nano.a(libc_a-stdio.o)
                              C:/ProgramData/MATLAB/SupportPackages/R2024b/3P.instrset/gnuarm-armcortex.instrset/win/bin/../lib/gcc/arm-none-eabi/13.2.1/thumb/v7e-m+fp/hard\libg_nano.a(libc_a-findfp.o) (__sread)
C:/ProgramData/MATLAB/SupportPackages/R2024b/3P.instrset/gnuarm-armcortex.instrset/win/bin/../lib/gcc/arm-none-eabi/13.2.1/thumb/v7e-m+fp/hard\libg_nano.a(libc_a-memset.o)
                              C:/ProgramData/MATLAB/SupportPackages/R2024b/3P.instrset/gnuarm-armcortex.instrset/win/bin/../lib/gcc/arm-none-eabi/13.2.1/thumb/v7e-m+fp/hard/crt0.o (memset)
[...]
Memory Configuration

Name             Origin             Length             Attributes
RAM              0x20000000         0x00020000         xrw
FLASH            0x08000000         0x00080000         xr
*default*        0x00000000         0xffffffff

Linker script and memory map

LOAD C:/ProgramData/MATLAB/SupportPackages/R2024b/3P.instrset/gnuarm-armcortex.instrset/win/bin/../lib/gcc/arm-none-eabi/13.2.1/thumb/v7e-m+fp/hard/crti.o
LOAD C:/ProgramData/MATLAB/SupportPackages/R2024b/3P.instrset/gnuarm-armcortex.instrset/win/bin/../lib/gcc/arm-none-eabi/13.2.1/thumb/v7e-m+fp/hard/crtbegin.o
LOAD C:/ProgramData/MATLAB/SupportPackages/R2024b/3P.instrset/gnuarm-armcortex.instrset/win/bin/../lib/gcc/arm-none-eabi/13.2.1/thumb/v7e-m+fp/hard/crt0.o
LOAD stm_timer_ll.o
LOAD xcp_ext_mode.o
LOAD AMT103.o
LOAD ert_main.o
LOAD rtGetNaN.o
LOAD rt_nonfinite.o
LOAD xcp_ext_common.o
LOAD xcp_ext_classic_trigger.o
LOAD xcp.o
LOAD xcp_standard.o
LOAD xcp_daq.o
LOAD xcp_calibration.o
LOAD xcp_fifo.o
LOAD xcp_transport.o
LOAD xcp_mem_default.o
LOAD xcp_drv_rtiostream.o
LOAD xcp_utils.o
LOAD xcp_frame_serial.o
LOAD xcp_ext_param_default_serial.o
LOAD overrideHALDelay.o
LOAD platform_timer.o
LOAD SysTickScheduler.o
LOAD m3m4m4f_multitasking.o
LOAD rtiostream_serial.o
LOAD stm_usart.o
LOAD stm_lpuart.o
LOAD sys_arch.o
LOAD main.o
LOAD stm32g4xx_it.o
LOAD stm32g4xx_hal_msp.o
LOAD stm32g4xx_hal_timebase_tim.o
LOAD stm32g4xx_ll_utils.o
LOAD stm32g4xx_ll_exti.o
LOAD stm32g4xx_ll_gpio.o
LOAD stm32g4xx_ll_dma.o
LOAD stm32g4xx_ll_lpuart.o
LOAD stm32g4xx_ll_rcc.o
LOAD stm32g4xx_ll_pwr.o
LOAD stm32g4xx_hal.o
LOAD stm32g4xx_hal_rcc.o
LOAD stm32g4xx_hal_rcc_ex.o
LOAD stm32g4xx_hal_flash.o
LOAD stm32g4xx_hal_flash_ex.o
LOAD stm32g4xx_hal_flash_ramfunc.o
LOAD stm32g4xx_hal_gpio.o
LOAD stm32g4xx_hal_exti.o
LOAD stm32g4xx_hal_dma.o
LOAD stm32g4xx_hal_dma_ex.o
LOAD stm32g4xx_hal_pwr.o
LOAD stm32g4xx_hal_pwr_ex.o
LOAD stm32g4xx_hal_cortex.o
LOAD stm32g4xx_hal_tim.o
LOAD stm32g4xx_hal_tim_ex.o
LOAD stm32g4xx_ll_tim.o
LOAD system_stm32g4xx.o
LOAD syscalls.o
LOAD sysmem.o
LOAD startup_stm32g474retx.o
LOAD C:/ProgramData/MATLAB/SupportPackages/R2024b/3P.instrset/cmsis_dsp.instrset/Lib/GCC/arm_cortexm4ldfsp_math/libCMSISDSP.a
LOAD C:/ProgramData/MATLAB/SupportPackages/R2024b/toolbox/shared/supportpackages/stm32/lib/GCC/libmw_pdmfilter_m4_spfp.lib
LOAD C:/ProgramData/MATLAB/SupportPackages/R2024b/3P.instrset/gnuarm-armcortex.instrset/win/bin/../lib/gcc/arm-none-eabi/13.2.1/thumb/v7e-m+fp/hard\libstdc++_nano.a
LOAD C:/ProgramData/MATLAB/SupportPackages/R2024b/3P.instrset/gnuarm-armcortex.instrset/win/bin/../lib/gcc/arm-none-eabi/13.2.1/thumb/v7e-m+fp/hard\libm.a
START GROUP
LOAD C:/ProgramData/MATLAB/SupportPackages/R2024b/3P.instrset/gnuarm-armcortex.instrset/win/bin/../lib/gcc/arm-none-eabi/13.2.1/thumb/v7e-m+fp/hard\libgcc.a
LOAD C:/ProgramData/MATLAB/SupportPackages/R2024b/3P.instrset/gnuarm-armcortex.instrset/win/bin/../lib/gcc/arm-none-eabi/13.2.1/thumb/v7e-m+fp/hard\libg_nano.a
LOAD C:/ProgramData/MATLAB/SupportPackages/R2024b/3P.instrset/gnuarm-armcortex.instrset/win/bin/../lib/gcc/arm-none-eabi/13.2.1/thumb/v7e-m+fp/hard\libc_nano.a
END GROUP
START GROUP
LOAD C:/ProgramData/MATLAB/SupportPackages/R2024b/3P.instrset/gnuarm-armcortex.instrset/win/bin/../lib/gcc/arm-none-eabi/13.2.1/thumb/v7e-m+fp/hard\libgcc.a
LOAD C:/ProgramData/MATLAB/SupportPackages/R2024b/3P.instrset/gnuarm-armcortex.instrset/win/bin/../lib/gcc/arm-none-eabi/13.2.1/thumb/v7e-m+fp/hard\libc_nano.a
LOAD C:/ProgramData/MATLAB/SupportPackages/R2024b/3P.instrset/gnuarm-armcortex.instrset/win/bin/../lib/gcc/arm-none-eabi/13.2.1/thumb/v7e-m+fp/hard\libnosys.a
END GROUP
START GROUP
LOAD C:/ProgramData/MATLAB/SupportPackages/R2024b/3P.instrset/gnuarm-armcortex.instrset/win/bin/../lib/gcc/arm-none-eabi/13.2.1/thumb/v7e-m+fp/hard\libgcc.a
LOAD C:/ProgramData/MATLAB/SupportPackages/R2024b/3P.instrset/gnuarm-armcortex.instrset/win/bin/../lib/gcc/arm-none-eabi/13.2.1/thumb/v7e-m+fp/hard\libc_nano.a
LOAD C:/ProgramData/MATLAB/SupportPackages/R2024b/3P.instrset/gnuarm-armcortex.instrset/win/bin/../lib/gcc/arm-none-eabi/13.2.1/thumb/v7e-m+fp/hard\libnosys.a
END GROUP
LOAD C:/ProgramData/MATLAB/SupportPackages/R2024b/3P.instrset/gnuarm-armcortex.instrset/win/bin/../lib/gcc/arm-none-eabi/13.2.1/thumb/v7e-m+fp/hard/crtend.o
LOAD C:/ProgramData/MATLAB/SupportPackages/R2024b/3P.instrset/gnuarm-armcortex.instrset/win/bin/../lib/gcc/arm-none-eabi/13.2.1/thumb/v7e-m+fp/hard/crtn.o
                0x20020000                        _estack = (ORIGIN (RAM) + LENGTH (RAM))
                0x00000200                        _Min_Heap_Size = 0x200
                0x00000400                        _Min_Stack_Size = 0x400

.isr_vector     0x08000000      0x1d8
                0x08000000                        . = ALIGN (0x4)
 *(.isr_vector)
 .isr_vector    0x08000000      0x1d8 startup_stm32g474retx.o
                0x08000000                g_pfnVectors
                0x080001d8                        . = ALIGN (0x4)

.text           0x080001d8     0xdb20
                0x080001d8                        . = ALIGN (0x4)
 *(.text)
 .text          0x080001d8      0x378 C:/ProgramData/MATLAB/SupportPackages/R2024b/3P.instrset/gnuarm-armcortex.instrset/win/bin/../lib/gcc/arm-none-eabi/13.2.1/thumb/v7e-m+fp/hard\libgcc.a(_arm_addsubdf3.o)
                0x080001d8                __aeabi_drsub
                0x080001e0                __aeabi_dsub
                0x080001e0                __subdf3
                0x080001e4                __aeabi_dadd
                0x080001e4                __adddf3
                0x0800045c                __floatunsidf
                0x0800045c                __aeabi_ui2d
                0x0800047c                __floatsidf
                0x0800047c                __aeabi_i2d
                0x080004a0                __aeabi_f2d
                0x080004a0                __extendsfdf2
                0x080004e4                __floatundidf
                0x080004e4                __aeabi_ul2d
                0x080004f4                __floatdidf
                0x080004f4                __aeabi_l2d
 .text          0x08000550      0x424 C:/ProgramData/MATLAB/SupportPackages/R2024b/3P.instrset/gnuarm-armcortex.instrset/win/bin/../lib/gcc/arm-none-eabi/13.2.1/thumb/v7e-m+fp/hard\libgcc.a(_arm_muldivdf3.o)
                0x08000550                __aeabi_dmul
                0x08000550                __muldf3
                0x080007a4                __divdf3
                0x080007a4                __aeabi_ddiv
 .text          0x08000974      0x110 C:/ProgramData/MATLAB/SupportPackages/R2024b/3P.instrset/gnuarm-armcortex.instrset/win/bin/../lib/gcc/arm-none-eabi/13.2.1/thumb/v7e-m+fp/hard\libgcc.a(_arm_cmpdf2.o)
                0x08000974                __gtdf2
                0x08000974                __gedf2
                0x0800097c                __ltdf2
                0x0800097c                __ledf2
                0x08000984                __nedf2
                0x08000984                __eqdf2
                0x08000984                __cmpdf2
                0x08000a00                __aeabi_cdrcmple
                0x08000a10                __aeabi_cdcmpeq
                0x08000a10                __aeabi_cdcmple
                0x08000a20                __aeabi_dcmpeq
                0x08000a34                __aeabi_dcmplt
                0x08000a48                __aeabi_dcmple
                0x08000a5c                __aeabi_dcmpge
                0x08000a70                __aeabi_dcmpgt
 .text          0x08000a84       0x2c C:/ProgramData/MATLAB/SupportPackages/R2024b/3P.instrset/gnuarm-armcortex.instrset/win/bin/../lib/gcc/arm-none-eabi/13.2.1/thumb/v7e-m+fp/hard\libgcc.a(_arm_unorddf2.o)
                0x08000a84                __unorddf2
                0x08000a84                __aeabi_dcmpun
 .text          0x08000ab0       0x40 C:/ProgramData/MATLAB/SupportPackages/R2024b/3P.instrset/gnuarm-armcortex.instrset/win/bin/../lib/gcc/arm-none-eabi/13.2.1/thumb/v7e-m+fp/hard\libgcc.a(_arm_fixunsdfsi.o)
                0x08000ab0                __aeabi_d2uiz
                0x08000ab0                __fixunsdfsi
 .text          0x08000af0       0x30 C:/ProgramData/MATLAB/SupportPackages/R2024b/3P.instrset/gnuarm-armcortex.instrset/win/bin/../lib/gcc/arm-none-eabi/13.2.1/thumb/v7e-m+fp/hard\libgcc.a(_aeabi_uldivmod.o)
                0x08000af0                __aeabi_uldivmod
 .text          0x08000b20        0x4 C:/ProgramData/MATLAB/SupportPackages/R2024b/3P.instrset/gnuarm-armcortex.instrset/win/bin/../lib/gcc/arm-none-eabi/13.2.1/thumb/v7e-m+fp/hard\libgcc.a(_dvmd_tls.o)
                0x08000b20                __aeabi_idiv0
                0x08000b20                __aeabi_ldiv0
 *(.text*)
 .text.deregister_tm_clones
                0x08000b24       0x1c C:/ProgramData/MATLAB/SupportPackages/R2024b/3P.instrset/gnuarm-armcortex.instrset/win/bin/../lib/gcc/arm-none-eabi/13.2.1/thumb/v7e-m+fp/hard/crtbegin.o
 .text.register_tm_clones
                0x08000b40       0x24 C:/ProgramData/MATLAB/SupportPackages/R2024b/3P.instrset/gnuarm-armcortex.instrset/win/bin/../lib/gcc/arm-none-eabi/13.2.1/thumb/v7e-m+fp/hard/crtbegin.o
 .text.__do_global_dtors_aux
                0x08000b64       0x28 C:/ProgramData/MATLAB/SupportPackages/R2024b/3P.instrset/gnuarm-armcortex.instrset/win/bin/../lib/gcc/arm-none-eabi/13.2.1/thumb/v7e-m+fp/hard/crtbegin.o
 .text.frame_dummy
                0x08000b8c       0x24 C:/ProgramData/MATLAB/SupportPackages/R2024b/3P.instrset/gnuarm-armcortex.instrset/win/bin/../lib/gcc/arm-none-eabi/13.2.1/thumb/v7e-m+fp/hard/crtbegin.o
 .text.LL_TIM_GetCounterMode
                0x08000bb0       0x30 stm_timer_ll.o
 .text.LL_TIM_GetCounter
                0x08000be0       0x18 stm_timer_ll.o
 .text.LL_TIM_GetRepetitionCounter
                0x08000bf8       0x18 stm_timer_ll.o
 .text.LL_TIM_CC_EnableChannel
                0x08000c10       0x22 stm_timer_ll.o
 .text.LL_TIM_CC_DisableChannel
                0x08000c32       0x24 stm_timer_ll.o
 .text.LL_TIM_EnableAllOutputs
                0x08000c56       0x20 stm_timer_ll.o
 .text.LL_TIM_IsActiveFlag_IDX
                0x08000c76       0x28 stm_timer_ll.o
 .text.LL_TIM_EnableIT_UPDATE
                0x08000c9e       0x20 stm_timer_ll.o
 .text.LL_TIM_DisableIT_UPDATE
                0x08000cbe       0x20 stm_timer_ll.o
 .text.LL_TIM_IsEnabledIT_UPDATE
                0x08000cde       0x26 stm_timer_ll.o
 .text.LL_TIM_EnableIT_CC1
                0x08000d04       0x20 stm_timer_ll.o
 .text.LL_TIM_DisableIT_CC1
                0x08000d24       0x20 stm_timer_ll.o
 .text.LL_TIM_IsEnabledIT_CC1
                0x08000d44       0x26 stm_timer_ll.o
 .text.LL_TIM_EnableIT_CC2
                0x08000d6a       0x20 stm_timer_ll.o
 .text.LL_TIM_DisableIT_CC2
                0x08000d8a       0x20 stm_timer_ll.o
 .text.LL_TIM_IsEnabledIT_CC2
                0x08000daa       0x26 stm_timer_ll.o
 .text.LL_TIM_EnableIT_CC3
                0x08000dd0       0x20 stm_timer_ll.o
 .text.LL_TIM_DisableIT_CC3
                0x08000df0       0x20 stm_timer_ll.o
 .text.LL_TIM_IsEnabledIT_CC3
                0x08000e10       0x26 stm_timer_ll.o
 .text.LL_TIM_EnableIT_CC4
                0x08000e36       0x20 stm_timer_ll.o
 .text.LL_TIM_DisableIT_CC4
                0x08000e56       0x20 stm_timer_ll.o
 .text.LL_TIM_IsEnabledIT_CC4
                0x08000e76       0x26 stm_timer_ll.o
 .text.LL_TIM_EnableIT_COM
                0x08000e9c       0x20 stm_timer_ll.o
 .text.LL_TIM_DisableIT_COM
                0x08000ebc       0x20 stm_timer_ll.o
 .text.LL_TIM_IsEnabledIT_COM
                0x08000edc       0x26 stm_timer_ll.o
 .text.LL_TIM_EnableIT_TRIG
                0x08000f02       0x20 stm_timer_ll.o
 .text.LL_TIM_DisableIT_TRIG
                0x08000f22       0x20 stm_timer_ll.o
 .text.LL_TIM_IsEnabledIT_TRIG
                0x08000f42       0x26 stm_timer_ll.o
 .text.LL_TIM_EnableIT_BRK
                0x08000f68       0x20 stm_timer_ll.o
 .text.LL_TIM_DisableIT_BRK
                0x08000f88       0x20 stm_timer_ll.o
 .text.LL_TIM_IsEnabledIT_BRK
                0x08000fa8       0x26 stm_timer_ll.o
 .text.LL_TIM_EnableIT_TERR
                0x08000fce       0x20 stm_timer_ll.o
 .text.LL_TIM_DisableIT_TERR
                0x08000fee       0x20 stm_timer_ll.o
 .text.LL_TIM_IsEnabledIT_TERR
                0x0800100e       0x28 stm_timer_ll.o
 .text.LL_TIM_EnableIT_IERR
                0x08001036       0x20 stm_timer_ll.o
 .text.LL_TIM_DisableIT_IERR
                0x08001056       0x20 stm_timer_ll.o
 .text.LL_TIM_IsEnabledIT_IERR
                0x08001076       0x28 stm_timer_ll.o
 .text.LL_TIM_EnableIT_DIR
                0x0800109e       0x20 stm_timer_ll.o
 .text.LL_TIM_DisableIT_DIR
                0x080010be       0x20 stm_timer_ll.o
 .text.LL_TIM_IsEnabledIT_DIR
                0x080010de       0x28 stm_timer_ll.o
 .text.LL_TIM_EnableIT_IDX
                0x08001106       0x20 stm_timer_ll.o
 .text.LL_TIM_DisableIT_IDX
                0x08001126       0x20 stm_timer_ll.o
 .text.LL_TIM_IsEnabledIT_IDX
                0x08001146       0x28 stm_timer_ll.o
 .text.TIM_IsActiveFlagIDX
                0x0800116e       0x34 stm_timer_ll.o
                0x0800116e                TIM_IsActiveFlagIDX
 .text.enableTimerInterrupts
                0x080011a2      0x1c4 stm_timer_ll.o
                0x080011a2                enableTimerInterrupts
 .text.disableTimerInterrupts
                0x08001366      0x1c4 stm_timer_ll.o
                0x08001366                disableTimerInterrupts
 *fill*         0x0800152a        0x2 
 .text.enableTimerChannel1
                0x0800152c       0xb0 stm_timer_ll.o
                0x0800152c                enableTimerChannel1
 .text.disableTimerChannel1
                0x080015dc       0xb0 stm_timer_ll.o
                0x080015dc                disableTimerChannel1
 .text.enableTimerChannel2
                0x0800168c       0xb0 stm_timer_ll.o
                0x0800168c                enableTimerChannel2
 .text.disableTimerChannel2
                0x0800173c       0xb0 stm_timer_ll.o
                0x0800173c                disableTimerChannel2
 .text.Timer_Handle_Init
                0x080017ec      0x140 stm_timer_ll.o
                0x080017ec                Timer_Handle_Init
 .text.getTimerCounterValueForG4
                0x0800192c       0x64 stm_timer_ll.o
                0x0800192c                getTimerCounterValueForG4
 .text.extmodeParseArgs
                0x08001990       0x1e xcp_ext_mode.o
                0x08001990                extmodeParseArgs
 *fill*         0x080019ae        0x2 
 .text.extmodeInit
                0x080019b0      0x128 xcp_ext_mode.o
                0x080019b0                extmodeInit
 .text.extmodeWaitForHostRequest
                0x08001ad8       0xcc xcp_ext_mode.o
                0x08001ad8                extmodeWaitForHostRequest
 .text.extmodeEvent
                0x08001ba4       0xfc xcp_ext_mode.o
                0x08001ba4                extmodeEvent
 .text.extmodeBackgroundRun
                0x08001ca0       0x20 xcp_ext_mode.o
                0x08001ca0                extmodeBackgroundRun
 .text.extmodeReset
                0x08001cc0       0x40 xcp_ext_mode.o
                0x08001cc0                extmodeReset
 .text.extmodeStopRequested
                0x08001d00       0x18 xcp_ext_mode.o
                0x08001d00                extmodeStopRequested
 .text.extmodeSimulationComplete
                0x08001d18       0x18 xcp_ext_mode.o
                0x08001d18                extmodeSimulationComplete
 .text.LL_TIM_EnableCounter
                0x08001d30       0x20 AMT103.o
 .text.LL_TIM_DisableCounter
                0x08001d50       0x20 AMT103.o
 .text.LL_TIM_SetUpdateSource
                0x08001d70       0x26 AMT103.o
 .text.LL_TIM_GetUpdateSource
                0x08001d96       0x1c AMT103.o
 .text.LL_TIM_SetRepetitionCounter
                0x08001db2       0x1c AMT103.o
 .text.LL_TIM_GenerateEvent_UPDATE
                0x08001dce       0x20 AMT103.o
 .text.LL_GPIO_ReadInputPort
                0x08001dee       0x18 AMT103.o
 *fill*         0x08001e06        0x2 
 .text.isSlaveTriggerModeEnabled
                0x08001e08       0x30 AMT103.o
 .text.enableCounter
                0x08001e38      0x118 AMT103.o
 .text.disableCounter
                0x08001f50       0x1a AMT103.o
 *fill*         0x08001f6a        0x2 
 .text.AMT103_SystemCore_setup
                0x08001f6c       0x94 AMT103.o
 .text.AMT103_SystemCore_setup_j
                0x08002000       0x94 AMT103.o
 .text.AMT103_SystemCore_setup_ja
                0x08002094       0x94 AMT103.o
 .text.AMT103_step
                0x08002128      0x970 AMT103.o
                0x08002128                AMT103_step
 .text.AMT103_initialize
                0x08002a98      0x154 AMT103.o
                0x08002a98                AMT103_initialize
 .text.AMT103_terminate
                0x08002bec      0x114 AMT103.o
                0x08002bec                AMT103_terminate
 .text.rt_OneStep
                0x08002d00       0x78 ert_main.o
                0x08002d00                rt_OneStep
 .text.main     0x08002d78      0x18c ert_main.o
                0x08002d78                main
 .text.rtIsNaN  0x08002f04       0x2a rt_nonfinite.o
                0x08002f04                rtIsNaN
 .text.xcp_void_printf
                0x08002f2e       0x12 xcp_ext_common.o
                0x08002f2e                xcp_void_printf
 .text.xcpCopyTimeValue
                0x08002f40       0x26 xcp_ext_common.o
 *fill*         0x08002f66        0x2 
 .text.xcpExtModeUpdateTime
                0x08002f68      0x13c xcp_ext_common.o
                0x08002f68                xcpExtModeUpdateTime
 .text.xcpExtModeInit
                0x080030a4       0xb0 xcp_ext_common.o
                0x080030a4                xcpExtModeInit
 .text.xcpExtModeRunBackground
                0x08003154      0x13c xcp_ext_common.o
                0x08003154                xcpExtModeRunBackground
 .text.xcpExtModeReset
                0x08003290      0x128 xcp_ext_common.o
                0x08003290                xcpExtModeReset
 .text.sampleSignalTrigger
                0x080033b8      0x1b4 xcp_ext_classic_trigger.o
 .text.updateTriggerStatus
                0x0800356c      0x2b8 xcp_ext_classic_trigger.o
 .text.xcpExtModeClassicTriggerInit
                0x08003824       0x68 xcp_ext_classic_trigger.o
                0x08003824                xcpExtModeClassicTriggerInit
 .text.xcpExtModeClassicTriggerEnabled
                0x0800388c      0x100 xcp_ext_classic_trigger.o
                0x0800388c                xcpExtModeClassicTriggerEnabled
 .text.xcpExtModeClassicTriggerReset
                0x0800398c       0xf4 xcp_ext_classic_trigger.o
                0x0800398c                xcpExtModeClassicTriggerReset
 .text.xcpExtModeClassicTriggerForceEnableStatusUpdate
                0x08003a80       0x78 xcp_ext_classic_trigger.o
                0x08003a80                xcpExtModeClassicTriggerForceEnableStatusUpdate
 .text.msgBufferRealloc
                0x08003af8       0x72 xcp.o
 *fill*         0x08003b6a        0x2 
 .text.discardInputPacketHandler
                0x08003b6c       0x3c xcp.o
 .text.unknownInputPacketHandler
                0x08003ba8       0x34 xcp.o
 .text.xcpGetPacketGroupID
                0x08003bdc       0x74 xcp.o
 .text.xcpGetPacketHandlers
                0x08003c50      0x124 xcp.o
 .text.xcpStatusSet
                0x08003d74       0x20 xcp.o
                0x08003d74                xcpStatusSet
 .text.xcpSessionStatusGet
                0x08003d94       0x18 xcp.o
                0x08003d94                xcpSessionStatusGet
 .text.xcpSessionStatusSetMask
                0x08003dac       0x28 xcp.o
                0x08003dac                xcpSessionStatusSetMask
 .text.xcpSessionStatusClearMask
                0x08003dd4       0x34 xcp.o
                0x08003dd4                xcpSessionStatusClearMask
 .text.xcpResourceProtectionStatusGet
                0x08003e08       0x18 xcp.o
                0x08003e08                xcpResourceProtectionStatusGet
 .text.xcpSessionConfigurationIdGet
                0x08003e20       0x18 xcp.o
                0x08003e20                xcpSessionConfigurationIdGet
 .text.genericOutputPacketHandler
                0x08003e38      0x11c xcp.o
                0x08003e38                genericOutputPacketHandler
 .text.xcpFindPacket
                0x08003f54       0x6e xcp.o
                0x08003f54                xcpFindPacket
 *fill*         0x08003fc2        0x2 
 .text.xcpInit  0x08003fc4       0x64 xcp.o
                0x08003fc4                xcpInit
 .text.xcpRun   0x08004028      0x194 xcp.o
                0x08004028                xcpRun
 .text.xcpEvent
                0x080041bc       0x50 xcp.o
                0x080041bc                xcpEvent
 .text.xcpGetStatus
                0x0800420c       0x18 xcp.o
                0x0800420c                xcpGetStatus
 .text.xcpReset
                0x08004224       0x40 xcp.o
                0x08004224                xcpReset
 .text.xcpPackedModeEventsFlush
                0x08004264       0x1e xcp.o
                0x08004264                xcpPackedModeEventsFlush
 .text.xcpPackedModeEventReset
                0x08004282       0x2a xcp.o
                0x08004282                xcpPackedModeEventReset
 .text.isValidUploadSize
                0x080042ac       0x30 xcp_standard.o
 .text.xcpMemcpyFromMTA
                0x080042dc       0x38 xcp_standard.o
 .text.connectInputPacketHandler
                0x08004314       0xa4 xcp_standard.o
 .text.connectOutputPacketHandler
                0x080043b8       0xd4 xcp_standard.o
 .text.disconnectInputPacketHandler
                0x0800448c       0x54 xcp_standard.o
 .text.getStatusInputPacketHandler
                0x080044e0       0x28 xcp_standard.o
 .text.getStatusOutputPacketHandler
                0x08004508       0x80 xcp_standard.o
 .text.synchInputPacketHandler
                0x08004588       0x44 xcp_standard.o
 .text.setMTAInputPacketHandler
                0x080045cc       0x78 xcp_standard.o
 .text.uploadInputPacketHandler
                0x08004644       0x98 xcp_standard.o
 .text.uploadOutputPacketHandler
                0x080046dc       0x9c xcp_standard.o
 .text.shortUploadInputPacketHandler
                0x08004778       0xa4 xcp_standard.o
 .text.shortUploadOutputPacketHandler
                0x0800481c       0x9c xcp_standard.o
 .text.getPacket
                0x080048b8       0x24 xcp_standard.o
 .text.xcpStandardInit
                0x080048dc       0x18 xcp_standard.o
                0x080048dc                xcpStandardInit
 .text.xcpStandardGetPacketLookup
                0x080048f4       0x18 xcp_standard.o
                0x080048f4                xcpStandardGetPacketLookup
 .text.xcpStandardSetPacketLookup
                0x0800490c       0x20 xcp_standard.o
                0x0800490c                xcpStandardSetPacketLookup
 .text.xcpStandardReset
                0x0800492c       0x12 xcp_standard.o
                0x0800492c                xcpStandardReset
 *fill*         0x0800493e        0x2 
 .text.xcpStandardGetAddressFromMta
                0x08004940       0x18 xcp_standard.o
                0x08004940                xcpStandardGetAddressFromMta
 .text.xcpStandardSetMta
                0x08004958       0x3c xcp_standard.o
                0x08004958                xcpStandardSetMta
 .text.xcpStandardIncrementMta
                0x08004994       0x28 xcp_standard.o
                0x08004994                xcpStandardIncrementMta
 .text.xcpStandardExtendedInit
                0x080049bc        0xe xcp_standard.o
                0x080049bc                xcpStandardExtendedInit
 .text.xcpStandardExtendedReset
                0x080049ca        0xe xcp_standard.o
                0x080049ca                xcpStandardExtendedReset
 .text.xcpDaqWriteLock
                0x080049d8       0x4c xcp_daq.o
 .text.xcpDaqWriteUnlock
                0x08004a24       0x20 xcp_daq.o
 .text.xcpDaqReadLock
                0x08004a44       0x38 xcp_daq.o
 .text.xcpDaqReadUnlock
                0x08004a7c       0x38 xcp_daq.o
 .text.isActiveDaqList
                0x08004ab4       0x50 xcp_daq.o
 .text.noActiveDaqLists
                0x08004b04       0x50 xcp_daq.o
 .text.isValidDaqPtr
                0x08004b54       0xb8 xcp_daq.o
 .text.isValidDaqEntry
                0x08004c0c       0x36 xcp_daq.o
 .text.isSupportedDaqListMode
                0x08004c42       0x26 xcp_daq.o
 .text.isValidStartStopMode
                0x08004c68       0x32 xcp_daq.o
 .text.isValidStartStopSynchMode
                0x08004c9a       0x32 xcp_daq.o
 .text.absoluteOdtNumberIdentification
                0x08004ccc       0x10 xcp_daq.o
 .text.isDaqPackedModeEnabled
                0x08004cdc       0x6c xcp_daq.o
 .text.odtPacketSize
                0x08004d48       0x54 xcp_daq.o
 .text.createDaqReservedPool
                0x08004d9c       0x88 xcp_daq.o
 .text.destroyDaqReservedPool
                0x08004e24       0x2c xcp_daq.o
 .text.setDaqPtrInputPacketHandler
                0x08004e50       0xdc xcp_daq.o
 .text.writeDaqInputPacketHandler
                0x08004f2c      0x198 xcp_daq.o
 .text.setDaqListModeInputPacketHandler
                0x080050c4      0x1c8 xcp_daq.o
 .text.startStopDaqListInputPacketHandler
                0x0800528c      0x3f4 xcp_daq.o
 .text.startStopDaqListOutputPacketHandler
                0x08005680       0x5c xcp_daq.o
 .text.startStopSynchInputPacketHandler
                0x080056dc      0x328 xcp_daq.o
 .text.getDaqProcessorInfoInputPacketHandler
                0x08005a04       0x28 xcp_daq.o
 .text.getDaqProcessorInfoOutputPacketHandler
                0x08005a2c       0xac xcp_daq.o
 .text.getDaqResolutionInfoInputPacketHandler
                0x08005ad8       0x28 xcp_daq.o
 .text.getDaqResolutionInfoOutputPacketHandler
                0x08005b00       0xb8 xcp_daq.o
 .text.freeDaqInputPacketHandler
                0x08005bb8       0x5c xcp_daq.o
 .text.allocDaqInputPacketHandler
                0x08005c14      0x18c xcp_daq.o
 .text.allocOdtInputPacketHandler
                0x08005da0      0x1c0 xcp_daq.o
 .text.allocOdtEntryInputPacketHandler
                0x08005f60      0x270 xcp_daq.o
 .text.getDaqClockInputPacketHandler
                0x080061d0       0x22 xcp_daq.o
 *fill*         0x080061f2        0x2 
 .text.setDaqPackedModeInputPacketHandler
                0x080061f4      0x21c xcp_daq.o
 .text.level1CommandInputPacketHandler
                0x08006410       0x64 xcp_daq.o
 .text.getPacket
                0x08006474       0x24 xcp_daq.o
 .text.xcpDaqInit
                0x08006498       0x38 xcp_daq.o
                0x08006498                xcpDaqInit
 .text.xcpDaqGetPacketLookup
                0x080064d0       0x18 xcp_daq.o
                0x080064d0                xcpDaqGetPacketLookup
 .text.xcpDaqSetPacketLookup
                0x080064e8       0x20 xcp_daq.o
                0x080064e8                xcpDaqSetPacketLookup
 .text.xcpResetDaq
                0x08006508       0xa4 xcp_daq.o
 .text.daqWriteXCPDataForOdt
                0x080065ac       0x7c xcp_daq.o
 .text.odtWriteEntries
                0x08006628       0x9c xcp_daq.o
 .text.xcpProcessDaq
                0x080066c4      0x208 xcp_daq.o
 .text.xcpDaqEvent
                0x080068cc      0x108 xcp_daq.o
                0x080068cc                xcpDaqEvent
 .text.xcpDaqEventsFlush
                0x080069d4      0x284 xcp_daq.o
                0x080069d4                xcpDaqEventsFlush
 .text.xcpDaqLock
                0x08006c58       0x1e xcp_daq.o
                0x08006c58                xcpDaqLock
 .text.xcpDaqUnlock
                0x08006c76        0xe xcp_daq.o
                0x08006c76                xcpDaqUnlock
 .text.xcpResetDaqListStatus
                0x08006c84      0x19c xcp_daq.o
                0x08006c84                xcpResetDaqListStatus
 .text.xcpDaqReset
                0x08006e20       0x20 xcp_daq.o
                0x08006e20                xcpDaqReset
 .text.xcpDaqExtendedInit
                0x08006e40        0xe xcp_daq.o
                0x08006e40                xcpDaqExtendedInit
 .text.xcpDaqExtendedReset
                0x08006e4e        0xe xcp_daq.o
                0x08006e4e                xcpDaqExtendedReset
 .text.isValidShortDownloadSize
                0x08006e5c       0x34 xcp_calibration.o
 .text.isValidDownloadSize
                0x08006e90       0x3a xcp_calibration.o
 *fill*         0x08006eca        0x2 
 .text.xcpMemcpyToMTA
                0x08006ecc       0x34 xcp_calibration.o
 .text.downloadInputPacketHandler
                0x08006f00       0xb0 xcp_calibration.o
 .text.shortDownloadInputPacketHandler
                0x08006fb0       0xb8 xcp_calibration.o
 .text.getPacket
                0x08007068       0x24 xcp_calibration.o
 .text.xcpCalibrationInit
                0x0800708c       0x14 xcp_calibration.o
                0x0800708c                xcpCalibrationInit
 .text.xcpCalibrationGetPacketLookup
                0x080070a0       0x18 xcp_calibration.o
                0x080070a0                xcpCalibrationGetPacketLookup
 .text.xcpCalibrationSetPacketLookup
                0x080070b8       0x20 xcp_calibration.o
                0x080070b8                xcpCalibrationSetPacketLookup
 .text.xcpCalibrationReset
                0x080070d8        0xe xcp_calibration.o
                0x080070d8                xcpCalibrationReset
 .text.xcpFifoInit
                0x080070e6       0x20 xcp_fifo.o
                0x080070e6                xcpFifoInit
 .text.xcpFifoEnqueue
                0x08007106       0x2a xcp_fifo.o
                0x08007106                xcpFifoEnqueue
 .text.xcpFifoDequeue
                0x08007130       0x3e xcp_fifo.o
                0x08007130                xcpFifoDequeue
 .text.xcpFifoEnqueueHead
                0x0800716e       0x32 xcp_fifo.o
                0x0800716e                xcpFifoEnqueueHead
 .text.xcpFifoReset
                0x080071a0       0x16 xcp_fifo.o
                0x080071a0                xcpFifoReset
 *fill*         0x080071b6        0x2 
 .text.xcpTransportEmptyTxFifo
                0x080071b8       0x6c xcp_transport.o
 .text.xcpTransportEmptyRxFifo
                0x08007224       0x6c xcp_transport.o
 .text.xcpTransportInit
                0x08007290      0x138 xcp_transport.o
                0x08007290                xcpTransportInit
 .text.xcpTransportTxReady
                0x080073c8       0x1a xcp_transport.o
                0x080073c8                xcpTransportTxReady
 .text.xcpTransportTxTrigger
                0x080073e2       0x1a xcp_transport.o
                0x080073e2                xcpTransportTxTrigger
 .text.xcpTransportTxPacketSet
                0x080073fc      0x144 xcp_transport.o
                0x080073fc                xcpTransportTxPacketSet
 .text.xcpTransportTx
                0x08007540       0xec xcp_transport.o
                0x08007540                xcpTransportTx
 .text.xcpTransportRx
                0x0800762c       0x80 xcp_transport.o
                0x0800762c                xcpTransportRx
 .text.xcpTransportRxPacketGet
                0x080076ac      0x12c xcp_transport.o
                0x080076ac                xcpTransportRxPacketGet
 .text.xcpTransportPacketOffset
                0x080077d8       0x20 xcp_transport.o
                0x080077d8                xcpTransportPacketOffset
 .text.xcpTransportMsgBufferSize
                0x080077f8       0x70 xcp_transport.o
                0x080077f8                xcpTransportMsgBufferSize
 .text.xcpTransportMaxDtoSize
                0x08007868        0xe xcp_transport.o
                0x08007868                xcpTransportMaxDtoSize
 .text.xcpTransportMaxCtoSize
                0x08007876        0xe xcp_transport.o
                0x08007876                xcpTransportMaxCtoSize
 .text.xcpTransportRestart
                0x08007884       0x44 xcp_transport.o
                0x08007884                xcpTransportRestart
 .text.xcpTransportResynch
                0x080078c8       0x40 xcp_transport.o
                0x080078c8                xcpTransportResynch
 .text.xcpTransportCtoReservedMemPoolId
                0x08007908       0x18 xcp_transport.o
                0x08007908                xcpTransportCtoReservedMemPoolId
 .text.xcpTransportReset
                0x08007920       0xe4 xcp_transport.o
                0x08007920                xcpTransportReset
 .text.xcpInitializePoolMemoryArea
                0x08007a04       0x72 xcp_mem_default.o
 *fill*         0x08007a76        0x2 
 .text.xcpMemInit
                0x08007a78      0x1d4 xcp_mem_default.o
                0x08007a78                xcpMemInit
 .text.xcpMemAlloc
                0x08007c4c       0xe8 xcp_mem_default.o
                0x08007c4c                xcpMemAlloc
 .text.xcpMemFree
                0x08007d34      0x170 xcp_mem_default.o
                0x08007d34                xcpMemFree
 .text.xcpMemReservedPoolCreate
                0x08007ea4      0x220 xcp_mem_default.o
                0x08007ea4                xcpMemReservedPoolCreate
 .text.xcpMemReservedPoolDestroy
                0x080080c4      0x158 xcp_mem_default.o
                0x080080c4                xcpMemReservedPoolDestroy
 .text.xcpMemCustomPoolCreate
                0x0800821c       0xbc xcp_mem_default.o
                0x0800821c                xcpMemCustomPoolCreate
 .text.xcpMemCustomPoolDestroy
                0x080082d8       0x64 xcp_mem_default.o
                0x080082d8                xcpMemCustomPoolDestroy
 .text.xcpMemAllocFromPool
                0x0800833c      0x170 xcp_mem_default.o
                0x0800833c                xcpMemAllocFromPool
 .text.xcpMemReset
                0x080084ac       0x50 xcp_mem_default.o
                0x080084ac                xcpMemReset
 .text.xcpDrvOpen
                0x080084fc       0x64 xcp_drv_rtiostream.o
                0x080084fc                xcpDrvOpen
 .text.xcpDrvIoctl
                0x08008560       0x4c xcp_drv_rtiostream.o
                0x08008560                xcpDrvIoctl
 .text.xcpDrvSend
                0x080085ac      0x14c xcp_drv_rtiostream.o
                0x080085ac                xcpDrvSend
 .text.xcpDrvRecv
                0x080086f8      0x14c xcp_drv_rtiostream.o
                0x080086f8                xcpDrvRecv
 .text.xcpDrvClose
                0x08008844       0x5c xcp_drv_rtiostream.o
                0x08008844                xcpDrvClose
 .text.xcpSortArray
                0x080088a0       0xcc xcp_utils.o
                0x080088a0                xcpSortArray
 .text.xcpSxiHtons
                0x0800896c       0x18 xcp_frame_serial.o
 .text.xcpSxiNtohs
                0x08008984       0x1c xcp_frame_serial.o
 .text.xcpSxiChecksum
                0x080089a0       0x3e xcp_frame_serial.o
                0x080089a0                xcpSxiChecksum
 *fill*         0x080089de        0x2 
 .text.xcpFrameInit
                0x080089e0       0x70 xcp_frame_serial.o
                0x080089e0                xcpFrameInit
 .text.xcpFrameMsgSend
                0x08008a50      0x188 xcp_frame_serial.o
                0x08008a50                xcpFrameMsgSend
 .text.xcpFrameMsgRecv
                0x08008bd8      0x180 xcp_frame_serial.o
                0x08008bd8                xcpFrameMsgRecv
 .text.xcpFrameCreateMsg
                0x08008d58       0x94 xcp_frame_serial.o
                0x08008d58                xcpFrameCreateMsg
 .text.xcpFrameExtractPacket
                0x08008dec      0x158 xcp_frame_serial.o
                0x08008dec                xcpFrameExtractPacket
 .text.xcpFrameHeaderSize
                0x08008f44       0x10 xcp_frame_serial.o
                0x08008f44                xcpFrameHeaderSize
 .text.xcpFrameTailSize
                0x08008f54       0x10 xcp_frame_serial.o
                0x08008f54                xcpFrameTailSize
 .text.xcpFrameMaxDtoSize
                0x08008f64       0x12 xcp_frame_serial.o
                0x08008f64                xcpFrameMaxDtoSize
 .text.xcpFrameMaxCtoSize
                0x08008f76       0x10 xcp_frame_serial.o
                0x08008f76                xcpFrameMaxCtoSize
 *fill*         0x08008f86        0x2 
 .text.xcpFrameRestart
                0x08008f88       0x30 xcp_frame_serial.o
                0x08008f88                xcpFrameRestart
 .text.xcpFrameSetCtoReservedMemPoolId
                0x08008fb8       0x20 xcp_frame_serial.o
                0x08008fb8                xcpFrameSetCtoReservedMemPoolId
 .text.xcpFrameReset
                0x08008fd8       0x70 xcp_frame_serial.o
                0x08008fd8                xcpFrameReset
 .text.xcpTransportGetInitParameters
                0x08009048       0x2e xcp_ext_param_default_serial.o
                0x08009048                xcpTransportGetInitParameters
 .text.xcpGetInitParameters
                0x08009076       0x2e xcp_ext_param_default_serial.o
                0x08009076                xcpGetInitParameters
 .text.HAL_Delay
                0x080090a4       0x2e overrideHALDelay.o
                0x080090a4                HAL_Delay
 *fill*         0x080090d2        0x2 
 .text.PeriphCommonClock_Config
                0x080090d4       0x10 platform_timer.o
                0x080090d4                PeriphCommonClock_Config
 .text.getCurrentTimestampInMicros
                0x080090e4       0x3c platform_timer.o
                0x080090e4                getCurrentTimestampInMicros
 .text.returnTimeElapsed
                0x08009120       0x2c platform_timer.o
                0x08009120                returnTimeElapsed
 .text.timestampInit
                0x0800914c       0x28 platform_timer.o
 .text.getCurrentTimestamp
                0x08009174       0x44 platform_timer.o
                0x08009174                getCurrentTimestamp
 .text.__NVIC_SetPriority
                0x080091b8       0x54 SysTickScheduler.o
 .text.SysTick_Config
                0x0800920c       0x44 SysTickScheduler.o
 .text.SysTick_Isr
                0x08009250       0x48 SysTickScheduler.o
 .text.SysTick_Handler
                0x08009298       0x20 SysTickScheduler.o
                0x08009298                SysTick_Handler
 .text.ARMCM_SysTick_Config
                0x080092b8       0xb0 SysTickScheduler.o
                0x080092b8                ARMCM_SysTick_Config
 .text.PendSV_Handler
                0x08009368       0x44 m3m4m4f_multitasking.o
                0x08009368                PendSV_Handler
 .text.SVC_Handler
                0x080093ac       0x58 m3m4m4f_multitasking.o
                0x080093ac                SVC_Handler
 .text.rtIOStreamOpen
                0x08009404       0x44 rtiostream_serial.o
                0x08009404                rtIOStreamOpen
 .text.rtIOStreamSend
                0x08009448       0x38 rtiostream_serial.o
                0x08009448                rtIOStreamSend
 .text.rtIOStreamRecv
                0x08009480       0x48 rtiostream_serial.o
                0x08009480                rtIOStreamRecv
 .text.rtIOStreamClose
                0x080094c8       0x20 rtiostream_serial.o
                0x080094c8                rtIOStreamClose
 .text.LL_DMA_GetDataLength
                0x080094e8       0x30 stm_usart.o
 .text.getAvailableDataInBuffer
                0x08009518       0xcc stm_usart.o
                0x08009518                getAvailableDataInBuffer
 .text.getBytesToBeReadFromBuffer
                0x080095e4       0x6e stm_usart.o
                0x080095e4                getBytesToBeReadFromBuffer
 *fill*         0x08009652        0x2 
 .text.readDataFromBuffer
                0x08009654       0xdc stm_usart.o
                0x08009654                readDataFromBuffer
 .text.__NVIC_GetPriorityGrouping
                0x08009730       0x1c stm_lpuart.o
 .text.__NVIC_EnableIRQ
                0x0800974c       0x3c stm_lpuart.o
 .text.__NVIC_SetPriority
                0x08009788       0x54 stm_lpuart.o
 .text.NVIC_EncodePriority
                0x080097dc       0x66 stm_lpuart.o
 *fill*         0x08009842        0x2 
 .text.LL_DMA_EnableChannel
                0x08009844       0x44 stm_lpuart.o
 .text.LL_DMA_DisableChannel
                0x08009888       0x44 stm_lpuart.o
 .text.LL_DMA_GetMode
                0x080098cc       0x34 stm_lpuart.o
 .text.LL_DMA_SetDataLength
                0x08009900       0x4c stm_lpuart.o
 .text.LL_DMA_ConfigAddresses
                0x0800994c       0x7c stm_lpuart.o
 .text.LL_DMA_IsActiveFlag_TC1
                0x080099c8       0x26 stm_lpuart.o
 .text.LL_DMA_ClearFlag_TC1
                0x080099ee       0x1a stm_lpuart.o
 .text.LL_DMA_EnableIT_TC
                0x08009a08       0x44 stm_lpuart.o
 .text.LL_DMA_DisableIT_TC
                0x08009a4c       0x44 stm_lpuart.o
 .text.LL_DMA_IsEnabledIT_TC
                0x08009a90       0x3c stm_lpuart.o
 .text.LL_LPUART_Enable
                0x08009acc       0x20 stm_lpuart.o
 .text.LL_LPUART_Disable
                0x08009aec       0x20 stm_lpuart.o
 .text.LL_LPUART_IsEnabled
                0x08009b0c       0x26 stm_lpuart.o
 .text.LL_LPUART_IsActiveFlag_PE
                0x08009b32       0x26 stm_lpuart.o
 .text.LL_LPUART_IsActiveFlag_FE
                0x08009b58       0x26 stm_lpuart.o
 .text.LL_LPUART_IsActiveFlag_NE
                0x08009b7e       0x26 stm_lpuart.o
 .text.LL_LPUART_IsActiveFlag_ORE
                0x08009ba4       0x26 stm_lpuart.o
 .text.LL_LPUART_IsActiveFlag_TC
                0x08009bca       0x26 stm_lpuart.o
 .text.LL_LPUART_IsActiveFlag_TXE_TXFNF
                0x08009bf0       0x26 stm_lpuart.o
 .text.LL_LPUART_ClearFlag_PE
                0x08009c16       0x1a stm_lpuart.o
 .text.LL_LPUART_ClearFlag_FE
                0x08009c30       0x1a stm_lpuart.o
 .text.LL_LPUART_ClearFlag_NE
                0x08009c4a       0x1a stm_lpuart.o
 .text.LL_LPUART_ClearFlag_ORE
                0x08009c64       0x1a stm_lpuart.o
 .text.LL_LPUART_EnableIT_RXNE_RXFNE
                0x08009c7e       0x42 stm_lpuart.o
 .text.LL_LPUART_EnableIT_PE
                0x08009cc0       0x42 stm_lpuart.o
 .text.LL_LPUART_EnableIT_ERROR
                0x08009d02       0x46 stm_lpuart.o
 .text.LL_LPUART_DisableIT_RXNE_RXFNE
                0x08009d48       0x42 stm_lpuart.o
 .text.LL_LPUART_DisableIT_TXE_TXFNF
                0x08009d8a       0x42 stm_lpuart.o
 .text.LL_LPUART_DisableIT_PE
                0x08009dcc       0x42 stm_lpuart.o
 .text.LL_LPUART_DisableIT_ERROR
                0x08009e0e       0x46 stm_lpuart.o
 .text.LL_LPUART_EnableDMAReq_RX
                0x08009e54       0x46 stm_lpuart.o
 .text.LL_LPUART_DisableDMAReq_RX
                0x08009e9a       0x46 stm_lpuart.o
 .text.LL_LPUART_EnableDMAReq_TX
                0x08009ee0       0x46 stm_lpuart.o
 .text.LL_LPUART_DisableDMAReq_TX
                0x08009f26       0x46 stm_lpuart.o
 .text.LL_LPUART_DMA_GetRegAddr
                0x08009f6c       0x2c stm_lpuart.o
 .text.LL_LPUART_ReceiveData8
                0x08009f98       0x1a stm_lpuart.o
 .text.LL_LPUART_TransmitData8
                0x08009fb2       0x1e stm_lpuart.o
 .text.LPUART_RXDMAInterruptHandler
                0x08009fd0       0xd4 stm_lpuart.o
                0x08009fd0                LPUART_RXDMAInterruptHandler
 .text.LPUART_IsActiveFlagError
                0x0800a0a4       0xf4 stm_lpuart.o
                0x0800a0a4                LPUART_IsActiveFlagError
 .text.LPUART1_IRQHandler
                0x0800a198       0x14 stm_lpuart.o
                0x0800a198                LPUART1_IRQHandler
 .text.DMA1_Channel1_IRQHandler
                0x0800a1ac       0x20 stm_lpuart.o
                0x0800a1ac                DMA1_Channel1_IRQHandler
 .text.LPUART_ConfigureReceiveDMA
                0x0800a1cc       0xae stm_lpuart.o
                0x0800a1cc                LPUART_ConfigureReceiveDMA
 .text.LPUART_ConfigureTransmitDMA
                0x0800a27a       0x7a stm_lpuart.o
                0x0800a27a                LPUART_ConfigureTransmitDMA
 .text.MW_LPUART_GetReadErrorStatus
                0x0800a2f4       0xc8 stm_lpuart.o
                0x0800a2f4                MW_LPUART_GetReadErrorStatus
 .text.MW_LPUART_Initialize
                0x0800a3bc      0x170 stm_lpuart.o
                0x0800a3bc                MW_LPUART_Initialize
 .text.MW_LPUART_ReceiveUsingBuffer
                0x0800a52c       0x5c stm_lpuart.o
                0x0800a52c                MW_LPUART_ReceiveUsingBuffer
 .text.MW_LPUART_TransmitUsingPolling
                0x0800a588      0x184 stm_lpuart.o
                0x0800a588                MW_LPUART_TransmitUsingPolling
 .text.MW_LPUART_DeInit
                0x0800a70c       0xaa stm_lpuart.o
                0x0800a70c                MW_LPUART_DeInit
 .text.sys_arch_protect
                0x0800a7b6       0x22 sys_arch.o
                0x0800a7b6                sys_arch_protect
 .text.sys_arch_unprotect
                0x0800a7d8       0x20 sys_arch.o
                0x0800a7d8                sys_arch_unprotect
 .text.__NVIC_GetPriorityGrouping
                0x0800a7f8       0x1c main.o
 .text.__NVIC_EnableIRQ
                0x0800a814       0x3c main.o
 .text.__NVIC_SetPriority
                0x0800a850       0x54 main.o
 .text.NVIC_EncodePriority
                0x0800a8a4       0x66 main.o
 *fill*         0x0800a90a        0x2 
 .text.LL_DMA_SetDataTransferDirection
                0x0800a90c       0x50 main.o
 .text.LL_DMA_SetMode
                0x0800a95c       0x4c main.o
 .text.LL_DMA_SetPeriphIncMode
                0x0800a9a8       0x4c main.o
 .text.LL_DMA_SetMemoryIncMode
                0x0800a9f4       0x4c main.o
 .text.LL_DMA_SetPeriphSize
                0x0800aa40       0x4c main.o
 .text.LL_DMA_SetMemorySize
                0x0800aa8c       0x4c main.o
 .text.LL_DMA_SetChannelPriorityLevel
                0x0800aad8       0x4c main.o
 .text.LL_DMA_SetPeriphRequest
                0x0800ab24       0x54 main.o
 .text.LL_LPUART_Enable
                0x0800ab78       0x20 main.o
 .text.LL_LPUART_DisableFIFO
                0x0800ab98       0x20 main.o
 .text.LL_LPUART_SetTXFIFOThreshold
                0x0800abb8       0x4e main.o
 .text.LL_LPUART_SetRXFIFOThreshold
                0x0800ac06       0x4e main.o
 .text.LL_LPUART_IsActiveFlag_TEACK
                0x0800ac54       0x28 main.o
 .text.LL_LPUART_IsActiveFlag_REACK
                0x0800ac7c       0x28 main.o
 .text.LL_RCC_HSI_Enable
                0x0800aca4       0x20 main.o
 .text.LL_RCC_HSI_IsReady
                0x0800acc4       0x28 main.o
 .text.LL_RCC_HSI_SetCalibTrimming
                0x0800acec       0x2c main.o
 .text.LL_RCC_SetSysClkSource
                0x0800ad18       0x28 main.o
 .text.LL_RCC_GetSysClkSource
                0x0800ad40       0x1c main.o
 .text.LL_RCC_SetAHBPrescaler
                0x0800ad5c       0x28 main.o
 .text.LL_RCC_SetAPB1Prescaler
                0x0800ad84       0x28 main.o
 .text.LL_RCC_SetAPB2Prescaler
                0x0800adac       0x28 main.o
 .text.LL_RCC_SetLPUARTClockSource
                0x0800add4       0x2c main.o
 .text.LL_RCC_PLL_Enable
                0x0800ae00       0x20 main.o
 .text.LL_RCC_PLL_IsReady
                0x0800ae20       0x28 main.o
 .text.LL_RCC_PLL_ConfigDomain_SYS
                0x0800ae48       0x40 main.o
 .text.LL_RCC_PLL_EnableDomain_SYS
                0x0800ae88       0x20 main.o
 .text.LL_AHB1_GRP1_EnableClock
                0x0800aea8       0x30 main.o
 .text.LL_AHB2_GRP1_EnableClock
                0x0800aed8       0x30 main.o
 .text.LL_APB1_GRP1_EnableClock
                0x0800af08       0x30 main.o
 .text.LL_APB1_GRP2_EnableClock
                0x0800af38       0x30 main.o
 .text.LL_APB2_GRP1_EnableClock
                0x0800af68       0x30 main.o
 .text.LL_SYSCFG_SetEXTISource
                0x0800af98       0x70 main.o
 .text.LL_FLASH_SetLatency
                0x0800b008       0x28 main.o
 .text.LL_FLASH_GetLatency
                0x0800b030       0x1c main.o
 .text.LL_PWR_EnableRange1BoostMode
                0x0800b04c       0x24 main.o
 .text.LL_TIM_DisableARRPreload
                0x0800b070       0x20 main.o
 .text.LL_TIM_IC_SetActiveInput
                0x0800b090       0xc0 main.o
 .text.LL_TIM_IC_SetPrescaler
                0x0800b150       0xc0 main.o
 .text.LL_TIM_IC_SetFilter
                0x0800b210       0xc0 main.o
 .text.LL_TIM_IC_SetPolarity
                0x0800b2d0       0xac main.o
 .text.LL_TIM_SetEncoderMode
                0x0800b37c       0x2a main.o
 .text.LL_TIM_SetTriggerOutput
                0x0800b3a6       0x2a main.o
 .text.LL_TIM_SetTriggerOutput2
                0x0800b3d0       0x26 main.o
 .text.LL_TIM_DisableMasterSlaveMode
                0x0800b3f6       0x20 main.o
 .text.LL_GPIO_SetPinMode
                0x0800b416       0x7a main.o
 .text.LL_GPIO_SetPinPull
                0x0800b490       0x7a main.o
 .text.LL_GPIO_ResetOutputPin
                0x0800b50a       0x1c main.o
 *fill*         0x0800b526        0x2 
 .text.SystemClock_Config
                0x0800b528       0xb0 main.o
                0x0800b528                SystemClock_Config
 .text.MX_LPUART1_UART_Init
                0x0800b5d8      0x148 main.o
                0x0800b5d8                MX_LPUART1_UART_Init
 .text.MX_TIM3_Init
                0x0800b720      0x118 main.o
                0x0800b720                MX_TIM3_Init
 .text.MX_TIM4_Init
                0x0800b838      0x118 main.o
                0x0800b838                MX_TIM4_Init
 .text.MX_TIM8_Init
                0x0800b950      0x124 main.o
                0x0800b950                MX_TIM8_Init
 .text.MX_DMA_Init
                0x0800ba74       0x34 main.o
                0x0800ba74                MX_DMA_Init
 .text.MX_GPIO_Init
                0x0800baa8      0x108 main.o
                0x0800baa8                MX_GPIO_Init
 .text.HAL_TIM_PeriodElapsedCallback
                0x0800bbb0       0x1e main.o
                0x0800bbb0                HAL_TIM_PeriodElapsedCallback
 .text.Error_Handler
                0x0800bbce        0xc main.o
                0x0800bbce                Error_Handler
 *fill*         0x0800bbda        0x2 
 .text.LL_EXTI_IsActiveFlag_0_31
                0x0800bbdc       0x2c stm32g4xx_it.o
 .text.LL_EXTI_ClearFlag_0_31
                0x0800bc08       0x20 stm32g4xx_it.o
 .text.NMI_Handler
                0x0800bc28        0x8 stm32g4xx_it.o
                0x0800bc28                NMI_Handler
 .text.HardFault_Handler
                0x0800bc30        0x8 stm32g4xx_it.o
                0x0800bc30                HardFault_Handler
 .text.MemManage_Handler
                0x0800bc38        0x8 stm32g4xx_it.o
                0x0800bc38                MemManage_Handler
 .text.BusFault_Handler
                0x0800bc40        0x8 stm32g4xx_it.o
                0x0800bc40                BusFault_Handler
 .text.UsageFault_Handler
                0x0800bc48        0x8 stm32g4xx_it.o
                0x0800bc48                UsageFault_Handler
 .text.DebugMon_Handler
                0x0800bc50        0xe stm32g4xx_it.o
                0x0800bc50                DebugMon_Handler
 *fill*         0x0800bc5e        0x2 
 .text.TIM2_IRQHandler
                0x0800bc60       0x14 stm32g4xx_it.o
                0x0800bc60                TIM2_IRQHandler
 .text.EXTI15_10_IRQHandler
                0x0800bc74       0x1e stm32g4xx_it.o
                0x0800bc74                EXTI15_10_IRQHandler
 *fill*         0x0800bc92        0x2 
 .text.HAL_MspInit
                0x0800bc94       0x48 stm32g4xx_hal_msp.o
                0x0800bc94                HAL_MspInit
 .text.HAL_InitTick
                0x0800bcdc       0xd8 stm32g4xx_hal_timebase_tim.o
                0x0800bcdc                HAL_InitTick
 .text.LL_SetSystemCoreClock
                0x0800bdb4       0x20 stm32g4xx_ll_utils.o
                0x0800bdb4                LL_SetSystemCoreClock
 .text.LL_EXTI_EnableIT_0_31
                0x0800bdd4       0x24 stm32g4xx_ll_exti.o
 .text.LL_EXTI_EnableIT_32_63
                0x0800bdf8       0x24 stm32g4xx_ll_exti.o
 .text.LL_EXTI_DisableIT_0_31
                0x0800be1c       0x28 stm32g4xx_ll_exti.o
 .text.LL_EXTI_DisableIT_32_63
                0x0800be44       0x28 stm32g4xx_ll_exti.o
 .text.LL_EXTI_EnableEvent_0_31
                0x0800be6c       0x24 stm32g4xx_ll_exti.o
 .text.LL_EXTI_EnableEvent_32_63
                0x0800be90       0x24 stm32g4xx_ll_exti.o
 .text.LL_EXTI_DisableEvent_0_31
                0x0800beb4       0x28 stm32g4xx_ll_exti.o
 .text.LL_EXTI_DisableEvent_32_63
                0x0800bedc       0x28 stm32g4xx_ll_exti.o
 .text.LL_EXTI_EnableRisingTrig_0_31
                0x0800bf04       0x24 stm32g4xx_ll_exti.o
 .text.LL_EXTI_EnableRisingTrig_32_63
                0x0800bf28       0x24 stm32g4xx_ll_exti.o
 .text.LL_EXTI_DisableRisingTrig_0_31
                0x0800bf4c       0x28 stm32g4xx_ll_exti.o
 .text.LL_EXTI_DisableRisingTrig_32_63
                0x0800bf74       0x28 stm32g4xx_ll_exti.o
 .text.LL_EXTI_EnableFallingTrig_0_31
                0x0800bf9c       0x24 stm32g4xx_ll_exti.o
 .text.LL_EXTI_EnableFallingTrig_32_63
                0x0800bfc0       0x24 stm32g4xx_ll_exti.o
 .text.LL_EXTI_DisableFallingTrig_0_31
                0x0800bfe4       0x28 stm32g4xx_ll_exti.o
 .text.LL_EXTI_DisableFallingTrig_32_63
                0x0800c00c       0x28 stm32g4xx_ll_exti.o
 .text.LL_EXTI_Init
                0x0800c034      0x1ec stm32g4xx_ll_exti.o
                0x0800c034                LL_EXTI_Init
 .text.LL_GPIO_SetPinMode
                0x0800c220       0x7a stm32g4xx_ll_gpio.o
 .text.LL_GPIO_SetPinOutputType
                0x0800c29a       0x30 stm32g4xx_ll_gpio.o
 .text.LL_GPIO_SetPinSpeed
                0x0800c2ca       0x7a stm32g4xx_ll_gpio.o
 .text.LL_GPIO_SetPinPull
                0x0800c344       0x7a stm32g4xx_ll_gpio.o
 .text.LL_GPIO_SetAFPin_0_7
                0x0800c3be       0x7a stm32g4xx_ll_gpio.o
 .text.LL_GPIO_SetAFPin_8_15
                0x0800c438       0x7e stm32g4xx_ll_gpio.o
 .text.LL_GPIO_Init
                0x0800c4b6       0xdc stm32g4xx_ll_gpio.o
                0x0800c4b6                LL_GPIO_Init
 .text.LL_LPUART_IsEnabled
                0x0800c592       0x26 stm32g4xx_ll_lpuart.o
 .text.LL_LPUART_SetPrescaler
                0x0800c5b8       0x28 stm32g4xx_ll_lpuart.o
 .text.LL_LPUART_SetStopBitsLength
                0x0800c5e0       0x26 stm32g4xx_ll_lpuart.o
 .text.LL_LPUART_SetHWFlowCtrl
                0x0800c606       0x26 stm32g4xx_ll_lpuart.o
 .text.LL_LPUART_SetBaudRate
                0x0800c62c       0x98 stm32g4xx_ll_lpuart.o
 .text.LL_LPUART_Init
                0x0800c6c4       0x98 stm32g4xx_ll_lpuart.o
                0x0800c6c4                LL_LPUART_Init
 .text.LL_RCC_HSI_IsReady
                0x0800c75c       0x28 stm32g4xx_ll_rcc.o
 .text.LL_RCC_LSE_IsReady
                0x0800c784       0x28 stm32g4xx_ll_rcc.o
 .text.LL_RCC_GetSysClkSource
                0x0800c7ac       0x1c stm32g4xx_ll_rcc.o
 .text.LL_RCC_GetAHBPrescaler
                0x0800c7c8       0x1c stm32g4xx_ll_rcc.o
 .text.LL_RCC_GetAPB1Prescaler
                0x0800c7e4       0x1c stm32g4xx_ll_rcc.o
 .text.LL_RCC_GetLPUARTClockSource
                0x0800c800       0x24 stm32g4xx_ll_rcc.o
 .text.LL_RCC_PLL_GetMainSource
                0x0800c824       0x1c stm32g4xx_ll_rcc.o
 .text.LL_RCC_PLL_GetN
                0x0800c840       0x1c stm32g4xx_ll_rcc.o
 .text.LL_RCC_PLL_GetR
                0x0800c85c       0x1c stm32g4xx_ll_rcc.o
 .text.LL_RCC_PLL_GetDivider
                0x0800c878       0x1c stm32g4xx_ll_rcc.o
 .text.LL_RCC_GetLPUARTClockFreq
                0x0800c894       0x84 stm32g4xx_ll_rcc.o
                0x0800c894                LL_RCC_GetLPUARTClockFreq
 .text.RCC_GetSystemClockFreq
                0x0800c918       0x4c stm32g4xx_ll_rcc.o
 .text.RCC_GetHCLKClockFreq
                0x0800c964       0x30 stm32g4xx_ll_rcc.o
 .text.RCC_GetPCLK1ClockFreq
                0x0800c994       0x2c stm32g4xx_ll_rcc.o
 .text.RCC_PLL_GetFreqDomain_SYS
                0x0800c9c0       0x68 stm32g4xx_ll_rcc.o
 .text.HAL_Init
                0x0800ca28       0x30 stm32g4xx_hal.o
                0x0800ca28                HAL_Init
 .text.HAL_IncTick
                0x0800ca58       0x24 stm32g4xx_hal.o
                0x0800ca58                HAL_IncTick
 .text.HAL_GetTick
                0x0800ca7c       0x18 stm32g4xx_hal.o
                0x0800ca7c                HAL_GetTick
 .text.HAL_RCC_GetHCLKFreq
                0x0800ca94       0x18 stm32g4xx_hal_rcc.o
                0x0800ca94                HAL_RCC_GetHCLKFreq
 .text.HAL_RCC_GetPCLK1Freq
                0x0800caac       0x2c stm32g4xx_hal_rcc.o
                0x0800caac                HAL_RCC_GetPCLK1Freq
 .text.HAL_RCC_GetClockConfig
                0x0800cad8       0x64 stm32g4xx_hal_rcc.o
                0x0800cad8                HAL_RCC_GetClockConfig
 .text.HAL_PWREx_DisableUCPDDeadBattery
                0x0800cb3c       0x20 stm32g4xx_hal_pwr_ex.o
                0x0800cb3c                HAL_PWREx_DisableUCPDDeadBattery
 .text.__NVIC_SetPriorityGrouping
                0x0800cb5c       0x48 stm32g4xx_hal_cortex.o
 .text.__NVIC_GetPriorityGrouping
                0x0800cba4       0x1c stm32g4xx_hal_cortex.o
 .text.__NVIC_EnableIRQ
                0x0800cbc0       0x3c stm32g4xx_hal_cortex.o
 .text.__NVIC_SetPriority
                0x0800cbfc       0x54 stm32g4xx_hal_cortex.o
 .text.NVIC_EncodePriority
                0x0800cc50       0x66 stm32g4xx_hal_cortex.o
 .text.HAL_NVIC_SetPriorityGrouping
                0x0800ccb6       0x16 stm32g4xx_hal_cortex.o
                0x0800ccb6                HAL_NVIC_SetPriorityGrouping
 .text.HAL_NVIC_SetPriority
                0x0800cccc       0x34 stm32g4xx_hal_cortex.o
                0x0800cccc                HAL_NVIC_SetPriority
 .text.HAL_NVIC_EnableIRQ
                0x0800cd00       0x1c stm32g4xx_hal_cortex.o
                0x0800cd00                HAL_NVIC_EnableIRQ
 .text.HAL_TIM_Base_Init
                0x0800cd1c       0xae stm32g4xx_hal_tim.o
                0x0800cd1c                HAL_TIM_Base_Init
 .text.HAL_TIM_Base_MspInit
                0x0800cdca       0x14 stm32g4xx_hal_tim.o
                0x0800cdca                HAL_TIM_Base_MspInit
 *fill*         0x0800cdde        0x2 
 .text.HAL_TIM_Base_Start_IT
                0x0800cde0       0xf0 stm32g4xx_hal_tim.o
                0x0800cde0                HAL_TIM_Base_Start_IT
 .text.HAL_TIM_IRQHandler
                0x0800ced0      0x2fe stm32g4xx_hal_tim.o
                0x0800ced0                HAL_TIM_IRQHandler
 .text.HAL_TIM_OC_DelayElapsedCallback
                0x0800d1ce       0x14 stm32g4xx_hal_tim.o
                0x0800d1ce                HAL_TIM_OC_DelayElapsedCallback
 .text.HAL_TIM_IC_CaptureCallback
                0x0800d1e2       0x14 stm32g4xx_hal_tim.o
                0x0800d1e2                HAL_TIM_IC_CaptureCallback
 .text.HAL_TIM_PWM_PulseFinishedCallback
                0x0800d1f6       0x14 stm32g4xx_hal_tim.o
                0x0800d1f6                HAL_TIM_PWM_PulseFinishedCallback
 .text.HAL_TIM_TriggerCallback
                0x0800d20a       0x14 stm32g4xx_hal_tim.o
                0x0800d20a                HAL_TIM_TriggerCallback
 *fill*         0x0800d21e        0x2 
 .text.TIM_Base_SetConfig
                0x0800d220      0x150 stm32g4xx_hal_tim.o
                0x0800d220                TIM_Base_SetConfig
 .text.HAL_TIMEx_CommutCallback
                0x0800d370       0x14 stm32g4xx_hal_tim_ex.o
                0x0800d370                HAL_TIMEx_CommutCallback
 .text.HAL_TIMEx_BreakCallback
                0x0800d384       0x14 stm32g4xx_hal_tim_ex.o
                0x0800d384                HAL_TIMEx_BreakCallback
 .text.HAL_TIMEx_Break2Callback
                0x0800d398       0x14 stm32g4xx_hal_tim_ex.o
                0x0800d398                HAL_TIMEx_Break2Callback
 .text.HAL_TIMEx_EncoderIndexCallback
                0x0800d3ac       0x14 stm32g4xx_hal_tim_ex.o
                0x0800d3ac                HAL_TIMEx_EncoderIndexCallback
 .text.HAL_TIMEx_DirectionChangeCallback
                0x0800d3c0       0x14 stm32g4xx_hal_tim_ex.o
                0x0800d3c0                HAL_TIMEx_DirectionChangeCallback
 .text.HAL_TIMEx_IndexErrorCallback
                0x0800d3d4       0x14 stm32g4xx_hal_tim_ex.o
                0x0800d3d4                HAL_TIMEx_IndexErrorCallback
 .text.HAL_TIMEx_TransitionErrorCallback
                0x0800d3e8       0x14 stm32g4xx_hal_tim_ex.o
                0x0800d3e8                HAL_TIMEx_TransitionErrorCallback
 .text.LL_TIM_SetPrescaler
                0x0800d3fc       0x1c stm32g4xx_ll_tim.o
 .text.LL_TIM_SetAutoReload
                0x0800d418       0x1c stm32g4xx_ll_tim.o
 .text.LL_TIM_SetRepetitionCounter
                0x0800d434       0x1c stm32g4xx_ll_tim.o
 .text.LL_TIM_GenerateEvent_UPDATE
                0x0800d450       0x20 stm32g4xx_ll_tim.o
 .text.LL_TIM_Init
                0x0800d470      0x144 stm32g4xx_ll_tim.o
                0x0800d470                LL_TIM_Init
 .text.SystemInit
                0x0800d5b4       0x24 system_stm32g4xx.o
                0x0800d5b4                SystemInit
 .text.Reset_Handler
                0x0800d5d8       0x50 startup_stm32g474retx.o
                0x0800d5d8                Reset_Handler
 .text.Default_Handler
                0x0800d628        0x2 startup_stm32g474retx.o
                0x0800d628                RTC_Alarm_IRQHandler
                0x0800d628                EXTI2_IRQHandler
                0x0800d628                TIM8_TRG_COM_IRQHandler
                0x0800d628                TIM8_CC_IRQHandler
                0x0800d628                HRTIM1_Master_IRQHandler
                0x0800d628                SPI4_IRQHandler
                0x0800d628                FDCAN3_IT0_IRQHandler
                0x0800d628                TIM1_CC_IRQHandler
                0x0800d628                HRTIM1_FLT_IRQHandler
                0x0800d628                HRTIM1_TIMF_IRQHandler
                0x0800d628                USB_HP_IRQHandler
                0x0800d628                CORDIC_IRQHandler
                0x0800d628                HRTIM1_TIMD_IRQHandler
                0x0800d628                DMA2_Channel8_IRQHandler
                0x0800d628                EXTI3_IRQHandler
                0x0800d628                I2C3_ER_IRQHandler
                0x0800d628                EXTI0_IRQHandler
                0x0800d628                I2C2_EV_IRQHandler
                0x0800d628                FPU_IRQHandler
                0x0800d628                FDCAN1_IT1_IRQHandler
                0x0800d628                TIM1_UP_TIM16_IRQHandler
                0x0800d628                ADC1_2_IRQHandler
                0x0800d628                HRTIM1_TIME_IRQHandler
                0x0800d628                SPI1_IRQHandler
                0x0800d628                TIM6_DAC_IRQHandler
                0x0800d628                HRTIM1_TIMC_IRQHandler
                0x0800d628                TIM8_UP_IRQHandler
                0x0800d628                DMA2_Channel2_IRQHandler
                0x0800d628                DMA1_Channel4_IRQHandler
                0x0800d628                TIM20_TRG_COM_IRQHandler
                0x0800d628                USART3_IRQHandler
                0x0800d628                DMA1_Channel7_IRQHandler
                0x0800d628                UART5_IRQHandler
                0x0800d628                ADC3_IRQHandler
                0x0800d628                TIM4_IRQHandler
                0x0800d628                DMA2_Channel1_IRQHandler
                0x0800d628                QUADSPI_IRQHandler
                0x0800d628                I2C1_EV_IRQHandler
                0x0800d628                DMA1_Channel6_IRQHandler
                0x0800d628                UART4_IRQHandler
                0x0800d628                DMA2_Channel4_IRQHandler
                0x0800d628                TIM3_IRQHandler
                0x0800d628                RCC_IRQHandler
                0x0800d628                TIM20_UP_IRQHandler
                0x0800d628                Default_Handler
                0x0800d628                DMA2_Channel7_IRQHandler
                0x0800d628                RTC_TAMP_LSECSS_IRQHandler
                0x0800d628                FMAC_IRQHandler
                0x0800d628                DMA1_Channel8_IRQHandler
                0x0800d628                HRTIM1_TIMA_IRQHandler
                0x0800d628                TIM7_DAC_IRQHandler
                0x0800d628                FDCAN3_IT1_IRQHandler
                0x0800d628                TIM5_IRQHandler
                0x0800d628                UCPD1_IRQHandler
                0x0800d628                I2C3_EV_IRQHandler
                0x0800d628                EXTI9_5_IRQHandler
                0x0800d628                RTC_WKUP_IRQHandler
                0x0800d628                PVD_PVM_IRQHandler
                0x0800d628                SPI2_IRQHandler
                0x0800d628                ADC5_IRQHandler
                0x0800d628                DMA2_Channel5_IRQHandler
                0x0800d628                CRS_IRQHandler
                0x0800d628                DMA1_Channel5_IRQHandler
                0x0800d628                USB_LP_IRQHandler
                0x0800d628                EXTI4_IRQHandler
                0x0800d628                RNG_IRQHandler
                0x0800d628                HRTIM1_TIMB_IRQHandler
                0x0800d628                TIM1_TRG_COM_TIM17_IRQHandler
                0x0800d628                FDCAN2_IT1_IRQHandler
                0x0800d628                DMA1_Channel3_IRQHandler
                0x0800d628                ADC4_IRQHandler
                0x0800d628                WWDG_IRQHandler
                0x0800d628                I2C4_EV_IRQHandler
                0x0800d628                FDCAN2_IT0_IRQHandler
                0x0800d628                DMA2_Channel6_IRQHandler
                0x0800d628                FDCAN1_IT0_IRQHandler
                0x0800d628                COMP7_IRQHandler
                0x0800d628                COMP1_2_3_IRQHandler
                0x0800d628                EXTI1_IRQHandler
                0x0800d628                USART2_IRQHandler
                0x0800d628                COMP4_5_6_IRQHandler
                0x0800d628                TIM20_BRK_IRQHandler
                0x0800d628                I2C2_ER_IRQHandler
                0x0800d628                DMA1_Channel2_IRQHandler
                0x0800d628                TIM8_BRK_IRQHandler
                0x0800d628                FLASH_IRQHandler
                0x0800d628                TIM20_CC_IRQHandler
                0x0800d628                USART1_IRQHandler
                0x0800d628                SPI3_IRQHandler
                0x0800d628                I2C1_ER_IRQHandler
                0x0800d628                FMC_IRQHandler
                0x0800d628                LPTIM1_IRQHandler
                0x0800d628                DMAMUX_OVR_IRQHandler
                0x0800d628                I2C4_ER_IRQHandler
                0x0800d628                USBWakeUp_IRQHandler
                0x0800d628                SAI1_IRQHandler
                0x0800d628                DMA2_Channel3_IRQHandler
                0x0800d628                TIM1_BRK_TIM15_IRQHandler
 *fill*         0x0800d62a        0x2 
 .text.fmod     0x0800d62c       0x6c C:/ProgramData/MATLAB/SupportPackages/R2024b/3P.instrset/gnuarm-armcortex.instrset/win/bin/../lib/gcc/arm-none-eabi/13.2.1/thumb/v7e-m+fp/hard\libm.a(libm_a-w_fmod.o)
                0x0800d62c                fmod
 .text.__ieee754_fmod
                0x0800d698      0x30c C:/ProgramData/MATLAB/SupportPackages/R2024b/3P.instrset/gnuarm-armcortex.instrset/win/bin/../lib/gcc/arm-none-eabi/13.2.1/thumb/v7e-m+fp/hard\libm.a(libm_a-e_fmod.o)
                0x0800d698                __ieee754_fmod
 .text.__udivmoddi4
                0x0800d9a4      0x2bc C:/ProgramData/MATLAB/SupportPackages/R2024b/3P.instrset/gnuarm-armcortex.instrset/win/bin/../lib/gcc/arm-none-eabi/13.2.1/thumb/v7e-m+fp/hard\libgcc.a(_udivmoddi4.o)
                0x0800d9a4                __udivmoddi4
 .text.memset   0x0800dc60       0x10 C:/ProgramData/MATLAB/SupportPackages/R2024b/3P.instrset/gnuarm-armcortex.instrset/win/bin/../lib/gcc/arm-none-eabi/13.2.1/thumb/v7e-m+fp/hard\libg_nano.a(libc_a-memset.o)
                0x0800dc60                memset
 .text.__errno  0x0800dc70        0xc C:/ProgramData/MATLAB/SupportPackages/R2024b/3P.instrset/gnuarm-armcortex.instrset/win/bin/../lib/gcc/arm-none-eabi/13.2.1/thumb/v7e-m+fp/hard\libg_nano.a(libc_a-errno.o)
                0x0800dc70                __errno
 .text.__libc_init_array
                0x0800dc7c       0x48 C:/ProgramData/MATLAB/SupportPackages/R2024b/3P.instrset/gnuarm-armcortex.instrset/win/bin/../lib/gcc/arm-none-eabi/13.2.1/thumb/v7e-m+fp/hard\libg_nano.a(libc_a-init.o)
                0x0800dc7c                __libc_init_array
 .text.memcpy   0x0800dcc4       0x1c C:/ProgramData/MATLAB/SupportPackages/R2024b/3P.instrset/gnuarm-armcortex.instrset/win/bin/../lib/gcc/arm-none-eabi/13.2.1/thumb/v7e-m+fp/hard\libg_nano.a(libc_a-memcpy-stub.o)
                0x0800dcc4                memcpy
 *(.glue_7)
 .glue_7        0x0800dce0        0x0 linker stubs
 *(.glue_7t)
 .glue_7t       0x0800dce0        0x0 linker stubs
 *(.eh_frame)
 .eh_frame      0x0800dce0        0x0 C:/ProgramData/MATLAB/SupportPackages/R2024b/3P.instrset/gnuarm-armcortex.instrset/win/bin/../lib/gcc/arm-none-eabi/13.2.1/thumb/v7e-m+fp/hard/crtbegin.o
 *(.init)
 .init          0x0800dce0        0x4 C:/ProgramData/MATLAB/SupportPackages/R2024b/3P.instrset/gnuarm-armcortex.instrset/win/bin/../lib/gcc/arm-none-eabi/13.2.1/thumb/v7e-m+fp/hard/crti.o
                0x0800dce0                _init
 .init          0x0800dce4        0x8 C:/ProgramData/MATLAB/SupportPackages/R2024b/3P.instrset/gnuarm-armcortex.instrset/win/bin/../lib/gcc/arm-none-eabi/13.2.1/thumb/v7e-m+fp/hard/crtn.o
 *(.fini)
 .fini          0x0800dcec        0x4 C:/ProgramData/MATLAB/SupportPackages/R2024b/3P.instrset/gnuarm-armcortex.instrset/win/bin/../lib/gcc/arm-none-eabi/13.2.1/thumb/v7e-m+fp/hard/crti.o
                0x0800dcec                _fini
 .fini          0x0800dcf0        0x8 C:/ProgramData/MATLAB/SupportPackages/R2024b/3P.instrset/gnuarm-armcortex.instrset/win/bin/../lib/gcc/arm-none-eabi/13.2.1/thumb/v7e-m+fp/hard/crtn.o
                0x0800dcf8                        . = ALIGN (0x4)
                0x0800dcf8                        _etext = .

.vfp11_veneer   0x0800dcf8        0x0
 .vfp11_veneer  0x0800dcf8        0x0 linker stubs

.v4_bx          0x0800dcf8        0x0
 .v4_bx         0x0800dcf8        0x0 linker stubs

.iplt           0x0800dcf8        0x0
 .iplt          0x0800dcf8        0x0 C:/ProgramData/MATLAB/SupportPackages/R2024b/3P.instrset/gnuarm-armcortex.instrset/win/bin/../lib/gcc/arm-none-eabi/13.2.1/thumb/v7e-m+fp/hard/crtbegin.o

.rodata         0x0800dcf8     0x2a18
                0x0800dcf8                        . = ALIGN (0x4)
 *(.rodata)
 .rodata        0x0800dcf8      0x2b9 xcp_ext_mode.o
 *fill*         0x0800dfb1        0x3 
 .rodata        0x0800dfb4      0x12e xcp_ext_common.o
 *fill*         0x0800e0e2        0x2 
 .rodata        0x0800e0e4       0x4c xcp_ext_classic_trigger.o
 .rodata        0x0800e130      0x278 xcp.o
 .rodata        0x0800e3a8      0x3a9 xcp_standard.o
 *fill*         0x0800e751        0x3 
 .rodata        0x0800e754     0x1010 xcp_daq.o
 .rodata        0x0800f764       0xdd xcp_calibration.o
 *fill*         0x0800f841        0x3 
 .rodata        0x0800f844      0x56e xcp_transport.o
 *fill*         0x0800fdb2        0x2 
 .rodata        0x0800fdb4       0xf5 xcp_mem_default.o
 *fill*         0x0800fea9        0x3 
 .rodata        0x0800feac      0x228 xcp_drv_rtiostream.o
 .rodata        0x080100d4      0x4aa xcp_frame_serial.o
 *(.rodata*)
 *fill*         0x0801057e        0x2 
 .rodata.AMT103_M
                0x08010580        0x4 AMT103.o
                0x08010580                AMT103_M
 .rodata.rtAlwaysEnabled.0
                0x08010584        0x1 AMT103.o
 *fill*         0x08010585        0x3 
 .rodata.standardSupportedRxPacket
                0x08010588       0x54 xcp_standard.o
 .rodata.daqSupportedRxPacket
                0x080105dc       0x9c xcp_daq.o
 .rodata.calibrationSupportedRxPacket
                0x08010678       0x18 xcp_calibration.o
 .rodata.CHANNEL_OFFSET_TAB
                0x08010690        0x8 stm_usart.o
 .rodata.CHANNEL_OFFSET_TAB
                0x08010698        0x8 stm_lpuart.o
 .rodata.CHANNEL_OFFSET_TAB
                0x080106a0        0x8 main.o
 .rodata.OFFSET_TAB_CCMRx
                0x080106a8        0xa main.o
 *fill*         0x080106b2        0x2 
 .rodata.SHIFT_TAB_ICxx
                0x080106b4        0xa main.o
 *fill*         0x080106be        0x2 
 .rodata.SHIFT_TAB_CCxP
                0x080106c0        0xa main.o
 *fill*         0x080106ca        0x2 
 .rodata.LPUART_PRESCALER_TAB
                0x080106cc       0x18 stm32g4xx_ll_lpuart.o
 .rodata.AHBPrescTable
                0x080106e4       0x10 system_stm32g4xx.o
                0x080106e4                AHBPrescTable
 .rodata.APBPrescTable
                0x080106f4        0x8 system_stm32g4xx.o
                0x080106f4                APBPrescTable
 *fill*         0x080106fc        0x4 
 .rodata.Zero   0x08010700       0x10 C:/ProgramData/MATLAB/SupportPackages/R2024b/3P.instrset/gnuarm-armcortex.instrset/win/bin/../lib/gcc/arm-none-eabi/13.2.1/thumb/v7e-m+fp/hard\libm.a(libm_a-e_fmod.o)
                0x08010710                        . = ALIGN (0x4)

.ARM.extab      0x08010710        0x0
                0x08010710                        . = ALIGN (0x4)
 *(.ARM.extab* .gnu.linkonce.armextab.*)
                0x08010710                        . = ALIGN (0x4)

.ARM            0x08010710        0x8
                0x08010710                        . = ALIGN (0x4)
                0x08010710                        __exidx_start = .
 *(.ARM.exidx*)
 .ARM.exidx.text.__udivmoddi4
                0x08010710        0x8 C:/ProgramData/MATLAB/SupportPackages/R2024b/3P.instrset/gnuarm-armcortex.instrset/win/bin/../lib/gcc/arm-none-eabi/13.2.1/thumb/v7e-m+fp/hard\libgcc.a(_udivmoddi4.o)
                0x08010718                        __exidx_end = .
                0x08010718                        . = ALIGN (0x4)

.preinit_array  0x08010718        0x0
                0x08010718                        . = ALIGN (0x4)
                0x08010718                        PROVIDE (__preinit_array_start = .)
 *(.preinit_array*)
                0x08010718                        PROVIDE (__preinit_array_end = .)
                0x08010718                        . = ALIGN (0x4)

.init_array     0x08010718        0x4
                0x08010718                        . = ALIGN (0x4)
                0x08010718                        PROVIDE (__init_array_start = .)
 *(SORT_BY_NAME(.init_array.*))
 *(.init_array*)
 .init_array    0x08010718        0x4 C:/ProgramData/MATLAB/SupportPackages/R2024b/3P.instrset/gnuarm-armcortex.instrset/win/bin/../lib/gcc/arm-none-eabi/13.2.1/thumb/v7e-m+fp/hard/crtbegin.o
                0x0801071c                        PROVIDE (__init_array_end = .)
                0x0801071c                        . = ALIGN (0x4)

.fini_array     0x0801071c        0x4
                0x0801071c                        . = ALIGN (0x4)
                [!provide]                        PROVIDE (__fini_array_start = .)
 *(SORT_BY_NAME(.fini_array.*))
 *(.fini_array*)
 .fini_array    0x0801071c        0x4 C:/ProgramData/MATLAB/SupportPackages/R2024b/3P.instrset/gnuarm-armcortex.instrset/win/bin/../lib/gcc/arm-none-eabi/13.2.1/thumb/v7e-m+fp/hard/crtbegin.o
                [!provide]                        PROVIDE (__fini_array_end = .)
                0x08010720                        . = ALIGN (0x4)
                0x08010720                        _sidata = LOADADDR (.data)

.rel.dyn        0x08010720        0x0
 .rel.iplt      0x08010720        0x0 C:/ProgramData/MATLAB/SupportPackages/R2024b/3P.instrset/gnuarm-armcortex.instrset/win/bin/../lib/gcc/arm-none-eabi/13.2.1/thumb/v7e-m+fp/hard/crtbegin.o

.data           0x20000000       0xec load address 0x08010720
                0x20000000                        . = ALIGN (0x4)
                0x20000000                        _sdata = .
 *(.data)
 *(.data*)
 .data.rtNaN    0x20000000        0x8 rt_nonfinite.o
                0x20000000                rtNaN
 .data.xcpExtmodeFinalSimulationTime
                0x20000008        0x8 xcp_ext_common.o
                0x20000008                xcpExtmodeFinalSimulationTime
 .data.xcpClassicTriggerDuration
                0x20000010        0x4 xcp_ext_classic_trigger.o
                0x20000010                xcpClassicTriggerDuration
 .data.xcpClassicTriggerArmRequest
                0x20000014        0x1 xcp_ext_classic_trigger.o
                0x20000014                xcpClassicTriggerArmRequest
 *fill*         0x20000015        0x3 
 .data.startStopDaqListId
                0x20000018        0x4 xcp_daq.o
 .data.xcpCurrentDaq
                0x2000001c        0x4 xcp_daq.o
 .data.xcpEventCustomMemoryManager
                0x20000020        0xc xcp_daq.o
 .data.xcpCtoReservedMemPoolId
                0x2000002c        0x4 xcp_transport.o
 .data.xcpMemMainBlockSizes
                0x20000030        0xc xcp_mem_default.o
 .data.xcpMemMainBlocksNumber
                0x2000003c        0xc xcp_mem_default.o
 .data.drvID    0x20000048        0x4 xcp_drv_rtiostream.o
 .data.xcpCtoReservedMemPoolId
                0x2000004c        0x4 xcp_frame_serial.o
 .data.uartObj  0x20000050       0x40 rtiostream_serial.o
                0x20000050                uartObj
 .data.uwTickPrio
                0x20000090        0x4 stm32g4xx_hal.o
                0x20000090                uwTickPrio
 .data.uwTickFreq
                0x20000094        0x4 stm32g4xx_hal.o
                0x20000094                uwTickFreq
 .data.SystemCoreClock
                0x20000098        0x4 system_stm32g4xx.o
                0x20000098                SystemCoreClock
 .data._impure_ptr
                0x2000009c        0x4 C:/ProgramData/MATLAB/SupportPackages/R2024b/3P.instrset/gnuarm-armcortex.instrset/win/bin/../lib/gcc/arm-none-eabi/13.2.1/thumb/v7e-m+fp/hard\libg_nano.a(libc_a-impure.o)
                0x2000009c                _impure_ptr
 .data._impure_data
                0x200000a0       0x4c C:/ProgramData/MATLAB/SupportPackages/R2024b/3P.instrset/gnuarm-armcortex.instrset/win/bin/../lib/gcc/arm-none-eabi/13.2.1/thumb/v7e-m+fp/hard\libg_nano.a(libc_a-impure.o)
                0x200000a0                _impure_data
 *(.RamFunc)
 *(.RamFunc*)
                0x200000ec                        . = ALIGN (0x4)
                0x200000ec                        _edata = .

.tm_clone_table
                0x200000ec        0x0 load address 0x0801080c
 .tm_clone_table
                0x200000ec        0x0 C:/ProgramData/MATLAB/SupportPackages/R2024b/3P.instrset/gnuarm-armcortex.instrset/win/bin/../lib/gcc/arm-none-eabi/13.2.1/thumb/v7e-m+fp/hard/crtbegin.o
 .tm_clone_table
                0x200000ec        0x0 C:/ProgramData/MATLAB/SupportPackages/R2024b/3P.instrset/gnuarm-armcortex.instrset/win/bin/../lib/gcc/arm-none-eabi/13.2.1/thumb/v7e-m+fp/hard/crtend.o

.igot.plt       0x200000ec        0x0 load address 0x0801080c
 .igot.plt      0x200000ec        0x0 C:/ProgramData/MATLAB/SupportPackages/R2024b/3P.instrset/gnuarm-armcortex.instrset/win/bin/../lib/gcc/arm-none-eabi/13.2.1/thumb/v7e-m+fp/hard/crtbegin.o
                0x200000ec                        . = ALIGN (0x4)

.bss            0x200000f0     0x202c load address 0x0801080c
                0x200000f0                        _sbss = .
                0x200000f0                        __bss_start__ = _sbss
 *(.bss)
 *(.bss*)
 .bss.completed.1
                0x200000f0        0x1 C:/ProgramData/MATLAB/SupportPackages/R2024b/3P.instrset/gnuarm-armcortex.instrset/win/bin/../lib/gcc/arm-none-eabi/13.2.1/thumb/v7e-m+fp/hard/crtbegin.o
 *fill*         0x200000f1        0x3 
 .bss.object.0  0x200000f4       0x18 C:/ProgramData/MATLAB/SupportPackages/R2024b/3P.instrset/gnuarm-armcortex.instrset/win/bin/../lib/gcc/arm-none-eabi/13.2.1/thumb/v7e-m+fp/hard/crtbegin.o
 .bss.mw_tim3   0x2000010c       0x8c stm_timer_ll.o
                0x2000010c                mw_tim3
 .bss.mw_tim4   0x20000198       0x8c stm_timer_ll.o
                0x20000198                mw_tim4
 .bss.mw_tim8   0x20000224       0x8c stm_timer_ll.o
                0x20000224                mw_tim8
 .bss.firstIndexReceived.0
                0x200002b0        0x1 stm_timer_ll.o
 *fill*         0x200002b1        0x3 
 .bss.xcpCustomTriggerFunction
                0x200002b4        0x8 xcp_ext_mode.o
 *fill*         0x200002bc        0x4 
 .bss.AMT103_B  0x200002c0       0x68 AMT103.o
                0x200002c0                AMT103_B
 .bss.AMT103_DW
                0x20000328       0xd0 AMT103.o
                0x20000328                AMT103_DW
 .bss.AMT103_M_
                0x200003f8       0x48 AMT103.o
 .bss.rt_ExtModeInfo.2
                0x20000440       0x14 AMT103.o
 .bss.systemRan.1
                0x20000454       0x34 AMT103.o
 .bss.IsrOverrun
                0x20000488        0x4 ert_main.o
                0x20000488                IsrOverrun
 .bss.OverrunFlag
                0x2000048c        0x1 ert_main.o
 .bss.stopRequested
                0x2000048d        0x1 ert_main.o
                0x2000048d                stopRequested
 .bss.runModel  0x2000048e        0x1 ert_main.o
                0x2000048e                runModel
 .bss.xcpModelStartRequest
                0x2000048f        0x1 xcp_ext_common.o
                0x2000048f                xcpModelStartRequest
 .bss.xcpModelStopRequest
                0x20000490        0x1 xcp_ext_common.o
                0x20000490                xcpModelStopRequest
 .bss.xcpModelStatus
                0x20000491        0x1 xcp_ext_common.o
                0x20000491                xcpModelStatus
 *fill*         0x20000492        0x2 
 .bss.xcpModelChecksum0
                0x20000494        0x4 xcp_ext_common.o
                0x20000494                xcpModelChecksum0
 .bss.xcpModelChecksum1
                0x20000498        0x4 xcp_ext_common.o
                0x20000498                xcpModelChecksum1
 .bss.xcpModelChecksum2
                0x2000049c        0x4 xcp_ext_common.o
                0x2000049c                xcpModelChecksum2
 .bss.xcpModelChecksum3
                0x200004a0        0x4 xcp_ext_common.o
                0x200004a0                xcpModelChecksum3
 .bss.xcpModelIntegerCode
                0x200004a4        0x4 xcp_ext_common.o
                0x200004a4                xcpModelIntegerCode
 .bss.xcpExtmodeSimulationComplete
                0x200004a8        0x1 xcp_ext_common.o
                0x200004a8                xcpExtmodeSimulationComplete
 *fill*         0x200004a9        0x7 
 .bss.xcpDummyDoubleVariable
                0x200004b0        0x8 xcp_ext_common.o
                0x200004b0                xcpDummyDoubleVariable
 .bss.xcpDummyUint64Variable
                0x200004b8        0x8 xcp_ext_common.o
                0x200004b8                xcpDummyUint64Variable
 .bss.xcpCurrentSimulationTimeInMs
                0x200004c0        0x8 xcp_ext_common.o
                0x200004c0                xcpCurrentSimulationTimeInMs
 .bss.xcpBaseRateSimulationTime
                0x200004c8        0x8 xcp_ext_common.o
 .bss.xcpClassicTriggerEventId
                0x200004d0        0x2 xcp_ext_classic_trigger.o
                0x200004d0                xcpClassicTriggerEventId
 *fill*         0x200004d2        0x2 
 .bss.xcpClassicTriggerSignalAddress
                0x200004d4        0x4 xcp_ext_classic_trigger.o
                0x200004d4                xcpClassicTriggerSignalAddress
 .bss.xcpClassicTriggerSignalAddressExtension
                0x200004d8        0x1 xcp_ext_classic_trigger.o
                0x200004d8                xcpClassicTriggerSignalAddressExtension
 *fill*         0x200004d9        0x7 
 .bss.xcpClassicTriggerLevel
                0x200004e0        0x8 xcp_ext_classic_trigger.o
                0x200004e0                xcpClassicTriggerLevel
 .bss.xcpClassicTriggerHoldOff
                0x200004e8        0x4 xcp_ext_classic_trigger.o
                0x200004e8                xcpClassicTriggerHoldOff
 .bss.xcpClassicTriggerDelay
                0x200004ec        0x4 xcp_ext_classic_trigger.o
                0x200004ec                xcpClassicTriggerDelay
 .bss.xcpClassicTriggerDirection
                0x200004f0        0x1 xcp_ext_classic_trigger.o
                0x200004f0                xcpClassicTriggerDirection
 .bss.xcpClassicTriggerCancelRequest
                0x200004f1        0x1 xcp_ext_classic_trigger.o
                0x200004f1                xcpClassicTriggerCancelRequest
 .bss.xcpClassicTriggerSource
                0x200004f2        0x1 xcp_ext_classic_trigger.o
                0x200004f2                xcpClassicTriggerSource
 .bss.xcpClassicTriggerMode
                0x200004f3        0x1 xcp_ext_classic_trigger.o
                0x200004f3                xcpClassicTriggerMode
 .bss.xcpClassicTriggerStatus
                0x200004f4        0x1 xcp_ext_classic_trigger.o
                0x200004f4                xcpClassicTriggerStatus
 *fill*         0x200004f5        0x3 
 .bss.xcpOldSignalValue
                0x200004f8        0x8 xcp_ext_classic_trigger.o
 .bss.xcpOldSignalValueAvailable
                0x20000500        0x1 xcp_ext_classic_trigger.o
 .bss.xcpOldClassicTriggerSource
                0x20000501        0x1 xcp_ext_classic_trigger.o
 .bss.xcpTriggerEnabled
                0x20000502        0x1 xcp_ext_classic_trigger.o
 .bss.xcpSignalTriggerFired
                0x20000503        0x1 xcp_ext_classic_trigger.o
 .bss.xcpTriggerCount
                0x20000504        0x4 xcp_ext_classic_trigger.o
 .bss.xcpForcedTriggerEnabled
                0x20000508        0x1 xcp_ext_classic_trigger.o
 .bss.xcpForceTriggerEnableRequest
                0x20000509        0x1 xcp_ext_classic_trigger.o
 .bss.initialized
                0x2000050a        0x1 xcp.o
 .bss.xcpStatus
                0x2000050b        0x1 xcp.o
 .bss.xcpSessionStatus
                0x2000050c        0x1 xcp.o
 .bss.xcpResourceProtectionStatus
                0x2000050d        0x1 xcp.o
 .bss.xcpSessionConfigurationId
                0x2000050e        0x2 xcp.o
 .bss.groupPacketLookup
                0x20000510       0x10 xcp.o
 .bss.xcpMta    0x20000520        0x8 xcp_standard.o
 .bss.xcpUploadSize
                0x20000528        0x1 xcp_standard.o
 *fill*         0x20000529        0x3 
 .bss.packetLookup
                0x2000052c        0x4 xcp_standard.o
 .bss.xcpDynamicDaqLists
                0x20000530        0x8 xcp_daq.o
 .bss.xcpRunningEventCounter
                0x20000538        0x4 xcp_daq.o
 .bss.daqLock   0x2000053c        0x4 xcp_daq.o
 .bss.packetLookup
                0x20000540        0x4 xcp_daq.o
 .bss.packetLookup
                0x20000544        0x4 xcp_calibration.o
 .bss.txFifo    0x20000548       0x10 xcp_transport.o
 .bss.txLock    0x20000558        0x4 xcp_transport.o
 .bss.rxFifo    0x2000055c        0x8 xcp_transport.o
 .bss.rxLock    0x20000564        0x4 xcp_transport.o
 .bss.initialized
                0x20000568        0x1 xcp_transport.o
 *fill*         0x20000569        0x3 
 .bss.xcpMemPoolDescriptors
                0x2000056c       0xc0 xcp_mem_default.o
 .bss.xcpMemCustomPoolDescriptors
                0x2000062c        0x8 xcp_mem_default.o
 .bss.xcpMemMainChunk
                0x20000634      0x547 xcp_mem_default.o
 *fill*         0x20000b7b        0x1 
 .bss.xcpMemReservedPoolsChunk
                0x20000b7c      0xfa3 xcp_mem_default.o
 *fill*         0x20001b1f        0x1 
 .bss.xcpMemReservedPoolsChunkUsedBytes
                0x20001b20        0x4 xcp_mem_default.o
 .bss.xcpMemLock
                0x20001b24        0x4 xcp_mem_default.o
 .bss.forceBlocking
                0x20001b28        0x1 xcp_drv_rtiostream.o
 *fill*         0x20001b29        0x1 
 .bss.txCounter
                0x20001b2a        0x2 xcp_frame_serial.o
 .bss.rxCounter
                0x20001b2c        0x2 xcp_frame_serial.o
 *fill*         0x20001b2e        0x2 
 .bss.firstRxCounterReceived
                0x20001b30        0x4 xcp_frame_serial.o
 .bss.initialized
                0x20001b34        0x1 xcp_frame_serial.o
 *fill*         0x20001b35        0x3 
 .bss.timestampInitialized
                0x20001b38        0x4 platform_timer.o
 .bss.timestampStartTime
                0x20001b3c        0x4 platform_timer.o
 .bss.schdl_counter
                0x20001b40        0x4 SysTickScheduler.o
                0x20001b40                schdl_counter
 .bss.schdl_counter_max
                0x20001b44        0x4 SysTickScheduler.o
                0x20001b44                schdl_counter_max
 .bss.taskToSchedule
                0x20001b48        0x4 m3m4m4f_multitasking.o
                0x20001b48                taskToSchedule
 .bss.mw_ext_h  0x20001b4c        0x4 rtiostream_serial.o
                0x20001b4c                mw_ext_h
 .bss.UARTRxBuffer
                0x20001b50        0x4 rtiostream_serial.o
                0x20001b50                UARTRxBuffer
 .bss.mw_lpuart1
                0x20001b54       0x40 stm_lpuart.o
                0x20001b54                mw_lpuart1
 .bss.LPUART1ReceiveBuffer
                0x20001b94      0x400 stm_lpuart.o
                0x20001b94                LPUART1ReceiveBuffer
 .bss.htim2     0x20001f94       0x4c stm32g4xx_hal_timebase_tim.o
                0x20001f94                htim2
 .bss.uwTick    0x20001fe0        0x4 stm32g4xx_hal.o
                0x20001fe0                uwTick
 .bss.__sf      0x20001fe4      0x138 C:/ProgramData/MATLAB/SupportPackages/R2024b/3P.instrset/gnuarm-armcortex.instrset/win/bin/../lib/gcc/arm-none-eabi/13.2.1/thumb/v7e-m+fp/hard\libg_nano.a(libc_a-findfp.o)
                0x20001fe4                __sf
 *(COMMON)
                0x2000211c                        . = ALIGN (0x4)
                0x2000211c                        _ebss = .
                0x2000211c                        __bss_end__ = _ebss

._user_heap_stack
                0x2000211c      0x604 load address 0x0801080c
                0x20002120                        . = ALIGN (0x8)
 *fill*         0x2000211c        0x4 
                [!provide]                        PROVIDE (end = .)
                0x20002120                        PROVIDE (_end = .)
                0x20002320                        . = (. + _Min_Heap_Size)
 *fill*         0x20002120      0x200 
                0x20002720                        . = (. + _Min_Stack_Size)
 *fill*         0x20002320      0x400 
                0x20002720                        . = ALIGN (0x8)

/DISCARD/
 libc.a(*)
 libm.a(*)
 libgcc.a(*)

.ARM.attributes
                0x00000000       0x30
 *(.ARM.attributes)
 .ARM.attributes
                0x00000000       0x22 C:/ProgramData/MATLAB/SupportPackages/R2024b/3P.instrset/gnuarm-armcortex.instrset/win/bin/../lib/gcc/arm-none-eabi/13.2.1/thumb/v7e-m+fp/hard/crti.o
 .ARM.attributes
                0x00000022       0x34 C:/ProgramData/MATLAB/SupportPackages/R2024b/3P.instrset/gnuarm-armcortex.instrset/win/bin/../lib/gcc/arm-none-eabi/13.2.1/thumb/v7e-m+fp/hard/crtbegin.o
 .ARM.attributes
                0x00000056       0x34 stm_timer_ll.o
 .ARM.attributes
                0x0000008a       0x34 xcp_ext_mode.o
 .ARM.attributes
                0x000000be       0x34 AMT103.o
 .ARM.attributes
                0x000000f2       0x34 ert_main.o
 .ARM.attributes
                0x00000126       0x34 rt_nonfinite.o
 .ARM.attributes
                0x0000015a       0x34 xcp_ext_common.o
 .ARM.attributes
                0x0000018e       0x34 xcp_ext_classic_trigger.o
 .ARM.attributes
                0x000001c2       0x34 xcp.o
 .ARM.attributes
                0x000001f6       0x34 xcp_standard.o
 .ARM.attributes
                0x0000022a       0x34 xcp_daq.o
 .ARM.attributes
                0x0000025e       0x34 xcp_calibration.o
 .ARM.attributes
                0x00000292       0x34 xcp_fifo.o
 .ARM.attributes
                0x000002c6       0x34 xcp_transport.o
 .ARM.attributes
                0x000002fa       0x34 xcp_mem_default.o
 .ARM.attributes
                0x0000032e       0x34 xcp_drv_rtiostream.o
 .ARM.attributes
                0x00000362       0x34 xcp_utils.o
 .ARM.attributes
                0x00000396       0x34 xcp_frame_serial.o
 .ARM.attributes
                0x000003ca       0x34 xcp_ext_param_default_serial.o
 .ARM.attributes
                0x000003fe       0x34 overrideHALDelay.o
 .ARM.attributes
                0x00000432       0x34 platform_timer.o
 .ARM.attributes
                0x00000466       0x34 SysTickScheduler.o
 .ARM.attributes
                0x0000049a       0x34 m3m4m4f_multitasking.o
 .ARM.attributes
                0x000004ce       0x34 rtiostream_serial.o
 .ARM.attributes
                0x00000502       0x34 stm_usart.o
 .ARM.attributes
                0x00000536       0x34 stm_lpuart.o
 .ARM.attributes
                0x0000056a       0x34 sys_arch.o
 .ARM.attributes
                0x0000059e       0x34 main.o
 .ARM.attributes
                0x000005d2       0x34 stm32g4xx_it.o
 .ARM.attributes
                0x00000606       0x34 stm32g4xx_hal_msp.o
 .ARM.attributes
                0x0000063a       0x34 stm32g4xx_hal_timebase_tim.o
 .ARM.attributes
                0x0000066e       0x34 stm32g4xx_ll_utils.o
 .ARM.attributes
                0x000006a2       0x34 stm32g4xx_ll_exti.o
 .ARM.attributes
                0x000006d6       0x34 stm32g4xx_ll_gpio.o
 .ARM.attributes